<html>
<body>
<pre>
<h1>µVision Build Log</h1>
<h2>Tool Versions:</h2>
IDE-Version: ¦ÌVision V5.23.0.0
Copyright (C) 2017 ARM Ltd and ARM Germany GmbH. All rights reserved.
License Information: s12 HUAWEI, 123, LIC=LSNXV-PT4GF-45WT5-G325G-TN507-CSARL
 
Tool Versions:
Toolchain:       MDK-ARM Plus  Version: 5.36.0.0
Toolchain Path:  E:\keil\ARM\ARMCC\Bin
C Compiler:      Armcc.exe V5.06 update 7 (build 960)
Assembler:       Armasm.exe V5.06 update 7 (build 960)
Linker/Locator:  ArmLink.exe V5.06 update 7 (build 960)
Library Manager: ArmAr.exe V5.06 update 7 (build 960)
Hex Converter:   FromElf.exe V5.06 update 7 (build 960)
CPU DLL:         SARMCM3.DLL V5.36.0.0
Dialog DLL:      DCM.DLL V1.17.3.0
Target DLL:      STLink\ST-LINKIII-KEIL_SWO.dll V3.0.9.0
Dialog DLL:      TCM.DLL V1.53.0.0
 
<h2>Project:</h2>
D:\STM32cubeMX\Project\H723_ZHONGYI_RUN\MDK-ARM\H723_ZHONGYI_TEST.uvprojx
Project File Date:  07/12/2022

<h2>Output:</h2>
*** Using Compiler 'V5.06 update 7 (build 960)', folder: 'E:\keil\ARM\ARMCC\Bin'
Build target 'H723_ZHONGYI_TEST'
compiling main.c...
../Core/Inc/start_stop.h(5): warning:  #1295-D: Deprecated declaration Magnetism_start - give arg types
  void Magnetism_start();
../Core/Inc/start_stop.h(6): warning:  #1295-D: Deprecated declaration Magnetism_stop - give arg types
  void Magnetism_stop();
../Core/Inc/start_stop.h(8): warning:  #1295-D: Deprecated declaration Temp_start - give arg types
  void Temp_start();
../Core/Inc/start_stop.h(9): warning:  #1295-D: Deprecated declaration Temp_stop - give arg types
  void Temp_stop();
../Core/Inc/start_stop.h(11): warning:  #1295-D: Deprecated declaration Motor_start - give arg types
  void Motor_start();
../Core/Inc/start_stop.h(12): warning:  #1295-D: Deprecated declaration Motor_stop - give arg types
  void Motor_stop();
../Core/Inc/start_stop.h(15): warning:  #1-D: last line of file ends without a newline
  #endif
../Core/Src/main.c: 7 warnings, 0 errors
linking...
Program Size: Code=49090 RO-data=1678 RW-data=176 ZI-data=18872  
FromELF: creating hex file...
"H723_ZHONGYI_TEST\H723_ZHONGYI_TEST.axf" - 0 Error(s), 7 Warning(s).

<h2>Software Packages used:</h2>

Package Vendor: ARM
                http://www.keil.com/pack/ARM.CMSIS.5.8.0.pack
                ARM::CMSIS:CORE:5.5.0
                CMSIS (Common Microcontroller Software Interface Standard)
   * Component: CORE Version: 5.5.0

<h2>Collection of Component include folders:</h2>
  .\RTE\_H723_ZHONGYI_TEST
  E:\keil\ARM\PACK\ARM\CMSIS\5.8.0\CMSIS\Core\Include
  E:\keil\ARM\PACK\Keil\STM32H7xx_DFP\3.0.0\Drivers\CMSIS\Device\ST\STM32H7xx\Include

<h2>Collection of Component Files used:</h2>

   * Component: ARM::CMSIS:CORE:5.5.0
      Include file:  CMSIS\Core\Include\tz_context.h
Build Time Elapsed:  00:00:07
</pre>
</body>
</html>
