Component: ARM Compiler 5.06 update 7 (build 960) Tool: armlink [4d3601]

==============================================================================

Section Cross References

    startup_stm32h723xx.o(STACK) refers (Special) to heapauxi.o(.text) for __use_two_region_memory
    startup_stm32h723xx.o(HEAP) refers (Special) to heapauxi.o(.text) for __use_two_region_memory
    startup_stm32h723xx.o(RESET) refers (Special) to heapauxi.o(.text) for __use_two_region_memory
    startup_stm32h723xx.o(RESET) refers to startup_stm32h723xx.o(STACK) for __initial_sp
    startup_stm32h723xx.o(RESET) refers to startup_stm32h723xx.o(.text) for Reset_Handler
    startup_stm32h723xx.o(RESET) refers to stm32h7xx_it.o(i.NMI_Handler) for NMI_Handler
    startup_stm32h723xx.o(RESET) refers to context_rvds.o(.text) for HardFault_Handler
    startup_stm32h723xx.o(RESET) refers to stm32h7xx_it.o(i.BusFault_Handler) for BusFault_Handler
    startup_stm32h723xx.o(RESET) refers to stm32h7xx_it.o(i.UsageFault_Handler) for UsageFault_Handler
    startup_stm32h723xx.o(RESET) refers to stm32h7xx_it.o(i.DebugMon_Handler) for DebugMon_Handler
    startup_stm32h723xx.o(RESET) refers to board.o(i.SysTick_Handler) for SysTick_Handler
    startup_stm32h723xx.o(RESET) refers to stm32h7xx_it.o(i.EXTI0_IRQHandler) for EXTI0_IRQHandler
    startup_stm32h723xx.o(RESET) refers to stm32h7xx_it.o(i.EXTI3_IRQHandler) for EXTI3_IRQHandler
    startup_stm32h723xx.o(RESET) refers to stm32h7xx_it.o(i.DMA1_Stream0_IRQHandler) for DMA1_Stream0_IRQHandler
    startup_stm32h723xx.o(RESET) refers to stm32h7xx_it.o(i.EXTI15_10_IRQHandler) for EXTI15_10_IRQHandler
    startup_stm32h723xx.o(RESET) refers to stm32h7xx_it.o(i.TIM7_IRQHandler) for TIM7_IRQHandler
    startup_stm32h723xx.o(.text) refers (Special) to heapauxi.o(.text) for __use_two_region_memory
    startup_stm32h723xx.o(.text) refers to system_stm32h7xx.o(i.SystemInit) for SystemInit
    startup_stm32h723xx.o(.text) refers to __main.o(!!!main) for __main
    startup_stm32h723xx.o(.text) refers to startup_stm32h723xx.o(HEAP) for Heap_Mem
    startup_stm32h723xx.o(.text) refers to startup_stm32h723xx.o(STACK) for Stack_Mem
    delay.o(i.delay_ms) refers to scheduler.o(i.rt_enter_critical) for rt_enter_critical
    delay.o(i.delay_ms) refers to scheduler.o(i.rt_exit_critical) for rt_exit_critical
    delay.o(i.delay_us) refers to scheduler.o(i.rt_enter_critical) for rt_enter_critical
    delay.o(i.delay_us) refers to scheduler.o(i.rt_exit_critical) for rt_exit_critical
    ds18b20.o(i.DS18B20_Check) refers to delay.o(i.delay_us) for delay_us
    ds18b20.o(i.DS18B20_Check) refers to stm32h7xx_hal_gpio.o(i.HAL_GPIO_ReadPin) for HAL_GPIO_ReadPin
    ds18b20.o(i.DS18B20_Get_Temp) refers to ds18b20.o(i.DS18B20_Start) for DS18B20_Start
    ds18b20.o(i.DS18B20_Get_Temp) refers to ds18b20.o(i.DS18B20_Rst) for DS18B20_Rst
    ds18b20.o(i.DS18B20_Get_Temp) refers to ds18b20.o(i.DS18B20_Check) for DS18B20_Check
    ds18b20.o(i.DS18B20_Get_Temp) refers to ds18b20.o(i.DS18B20_Write_Byte) for DS18B20_Write_Byte
    ds18b20.o(i.DS18B20_Get_Temp) refers to ds18b20.o(i.DS18B20_Read_Byte) for DS18B20_Read_Byte
    ds18b20.o(i.DS18B20_Init) refers to stm32h7xx_hal_gpio.o(i.HAL_GPIO_Init) for HAL_GPIO_Init
    ds18b20.o(i.DS18B20_Init) refers to ds18b20.o(i.DS18B20_Rst) for DS18B20_Rst
    ds18b20.o(i.DS18B20_Init) refers to ds18b20.o(i.DS18B20_Check) for DS18B20_Check
    ds18b20.o(i.DS18B20_Read_Bit) refers to stm32h7xx_hal_gpio.o(i.HAL_GPIO_WritePin) for HAL_GPIO_WritePin
    ds18b20.o(i.DS18B20_Read_Bit) refers to delay.o(i.delay_us) for delay_us
    ds18b20.o(i.DS18B20_Read_Bit) refers to stm32h7xx_hal_gpio.o(i.HAL_GPIO_ReadPin) for HAL_GPIO_ReadPin
    ds18b20.o(i.DS18B20_Read_Byte) refers to ds18b20.o(i.DS18B20_Read_Bit) for DS18B20_Read_Bit
    ds18b20.o(i.DS18B20_Rst) refers to stm32h7xx_hal_gpio.o(i.HAL_GPIO_WritePin) for HAL_GPIO_WritePin
    ds18b20.o(i.DS18B20_Rst) refers to delay.o(i.delay_us) for delay_us
    ds18b20.o(i.DS18B20_Start) refers to ds18b20.o(i.DS18B20_Rst) for DS18B20_Rst
    ds18b20.o(i.DS18B20_Start) refers to ds18b20.o(i.DS18B20_Check) for DS18B20_Check
    ds18b20.o(i.DS18B20_Start) refers to ds18b20.o(i.DS18B20_Write_Byte) for DS18B20_Write_Byte
    ds18b20.o(i.DS18B20_Write_Byte) refers to stm32h7xx_hal_gpio.o(i.HAL_GPIO_WritePin) for HAL_GPIO_WritePin
    ds18b20.o(i.DS18B20_Write_Byte) refers to delay.o(i.delay_us) for delay_us
    main.o(i.HAL_TIM_PeriodElapsedCallback) refers to stm32h7xx_hal.o(i.HAL_IncTick) for HAL_IncTick
    main.o(i.SystemClock_Config) refers to rt_memclr_w.o(.text) for __aeabi_memclr4
    main.o(i.SystemClock_Config) refers to stm32h7xx_hal_pwr_ex.o(i.HAL_PWREx_ConfigSupply) for HAL_PWREx_ConfigSupply
    main.o(i.SystemClock_Config) refers to stm32h7xx_hal_rcc.o(i.HAL_RCC_OscConfig) for HAL_RCC_OscConfig
    main.o(i.SystemClock_Config) refers to main.o(i.Error_Handler) for Error_Handler
[...]
    LPTIM4_IRQHandler                        0x08000433   Thumb Code     0  startup_stm32h723xx.o(.text)
    LPTIM5_IRQHandler                        0x08000433   Thumb Code     0  startup_stm32h723xx.o(.text)
    LPUART1_IRQHandler                       0x08000433   Thumb Code     0  startup_stm32h723xx.o(.text)
    LTDC_ER_IRQHandler                       0x08000433   Thumb Code     0  startup_stm32h723xx.o(.text)
    LTDC_IRQHandler                          0x08000433   Thumb Code     0  startup_stm32h723xx.o(.text)
    MDIOS_IRQHandler                         0x08000433   Thumb Code     0  startup_stm32h723xx.o(.text)
    MDIOS_WKUP_IRQHandler                    0x08000433   Thumb Code     0  startup_stm32h723xx.o(.text)
    MDMA_IRQHandler                          0x08000433   Thumb Code     0  startup_stm32h723xx.o(.text)
    OCTOSPI1_IRQHandler                      0x08000433   Thumb Code     0  startup_stm32h723xx.o(.text)
    OCTOSPI2_IRQHandler                      0x08000433   Thumb Code     0  startup_stm32h723xx.o(.text)
    OTG_HS_EP1_IN_IRQHandler                 0x08000433   Thumb Code     0  startup_stm32h723xx.o(.text)
    OTG_HS_EP1_OUT_IRQHandler                0x08000433   Thumb Code     0  startup_stm32h723xx.o(.text)
    OTG_HS_IRQHandler                        0x08000433   Thumb Code     0  startup_stm32h723xx.o(.text)
    OTG_HS_WKUP_IRQHandler                   0x08000433   Thumb Code     0  startup_stm32h723xx.o(.text)
    PVD_AVD_IRQHandler                       0x08000433   Thumb Code     0  startup_stm32h723xx.o(.text)
    RCC_IRQHandler                           0x08000433   Thumb Code     0  startup_stm32h723xx.o(.text)
    RNG_IRQHandler                           0x08000433   Thumb Code     0  startup_stm32h723xx.o(.text)
    RTC_Alarm_IRQHandler                     0x08000433   Thumb Code     0  startup_stm32h723xx.o(.text)
    RTC_WKUP_IRQHandler                      0x08000433   Thumb Code     0  startup_stm32h723xx.o(.text)
    SAI1_IRQHandler                          0x08000433   Thumb Code     0  startup_stm32h723xx.o(.text)
    SAI4_IRQHandler                          0x08000433   Thumb Code     0  startup_stm32h723xx.o(.text)
    SDMMC1_IRQHandler                        0x08000433   Thumb Code     0  startup_stm32h723xx.o(.text)
    SDMMC2_IRQHandler                        0x08000433   Thumb Code     0  startup_stm32h723xx.o(.text)
    SPDIF_RX_IRQHandler                      0x08000433   Thumb Code     0  startup_stm32h723xx.o(.text)
    SPI1_IRQHandler                          0x08000433   Thumb Code     0  startup_stm32h723xx.o(.text)
    SPI2_IRQHandler                          0x08000433   Thumb Code     0  startup_stm32h723xx.o(.text)
    SPI3_IRQHandler                          0x08000433   Thumb Code     0  startup_stm32h723xx.o(.text)
    SPI4_IRQHandler                          0x08000433   Thumb Code     0  startup_stm32h723xx.o(.text)
    SPI5_IRQHandler                          0x08000433   Thumb Code     0  startup_stm32h723xx.o(.text)
    SPI6_IRQHandler                          0x08000433   Thumb Code     0  startup_stm32h723xx.o(.text)
    SWPMI1_IRQHandler                        0x08000433   Thumb Code     0  startup_stm32h723xx.o(.text)
    TAMP_STAMP_IRQHandler                    0x08000433   Thumb Code     0  startup_stm32h723xx.o(.text)
    TIM15_IRQHandler                         0x08000433   Thumb Code     0  startup_stm32h723xx.o(.text)
    TIM16_IRQHandler                         0x08000433   Thumb Code     0  startup_stm32h723xx.o(.text)
    TIM17_IRQHandler                         0x08000433   Thumb Code     0  startup_stm32h723xx.o(.text)
    TIM1_BRK_IRQHandler                      0x08000433   Thumb Code     0  startup_stm32h723xx.o(.text)
    TIM1_CC_IRQHandler                       0x08000433   Thumb Code     0  startup_stm32h723xx.o(.text)
    TIM1_TRG_COM_IRQHandler                  0x08000433   Thumb Code     0  startup_stm32h723xx.o(.text)
    TIM1_UP_IRQHandler                       0x08000433   Thumb Code     0  startup_stm32h723xx.o(.text)
    TIM23_IRQHandler                         0x08000433   Thumb Code     0  startup_stm32h723xx.o(.text)
    TIM24_IRQHandler                         0x08000433   Thumb Code     0  startup_stm32h723xx.o(.text)
    TIM2_IRQHandler                          0x08000433   Thumb Code     0  startup_stm32h723xx.o(.text)
    TIM3_IRQHandler                          0x08000433   Thumb Code     0  startup_stm32h723xx.o(.text)
    TIM4_IRQHandler                          0x08000433   Thumb Code     0  startup_stm32h723xx.o(.text)
    TIM5_IRQHandler                          0x08000433   Thumb Code     0  startup_stm32h723xx.o(.text)
    TIM6_DAC_IRQHandler                      0x08000433   Thumb Code     0  startup_stm32h723xx.o(.text)
    TIM8_BRK_TIM12_IRQHandler                0x08000433   Thumb Code     0  startup_stm32h723xx.o(.text)
    TIM8_CC_IRQHandler                       0x08000433   Thumb Code     0  startup_stm32h723xx.o(.text)
    TIM8_TRG_COM_TIM14_IRQHandler            0x08000433   Thumb Code     0  startup_stm32h723xx.o(.text)
    TIM8_UP_TIM13_IRQHandler                 0x08000433   Thumb Code     0  startup_stm32h723xx.o(.text)
    UART4_IRQHandler                         0x08000433   Thumb Code     0  startup_stm32h723xx.o(.text)
    UART5_IRQHandler                         0x08000433   Thumb Code     0  startup_stm32h723xx.o(.text)
    UART7_IRQHandler                         0x08000433   Thumb Code     0  startup_stm32h723xx.o(.text)
    UART8_IRQHandler                         0x08000433   Thumb Code     0  startup_stm32h723xx.o(.text)
    UART9_IRQHandler                         0x08000433   Thumb Code     0  startup_stm32h723xx.o(.text)
    USART10_IRQHandler                       0x08000433   Thumb Code     0  startup_stm32h723xx.o(.text)
    USART1_IRQHandler                        0x08000433   Thumb Code     0  startup_stm32h723xx.o(.text)
    USART2_IRQHandler                        0x08000433   Thumb Code     0  startup_stm32h723xx.o(.text)
    USART3_IRQHandler                        0x08000433   Thumb Code     0  startup_stm32h723xx.o(.text)
    USART6_IRQHandler                        0x08000433   Thumb Code     0  startup_stm32h723xx.o(.text)
    WAKEUP_PIN_IRQHandler                    0x08000433   Thumb Code     0  startup_stm32h723xx.o(.text)
    WWDG_IRQHandler                          0x08000433   Thumb Code     0  startup_stm32h723xx.o(.text)
    __user_initial_stackheap                 0x08000435   Thumb Code     0  startup_stm32h723xx.o(.text)
    rt_hw_interrupt_disable                  0x08000459   Thumb Code     8  context_rvds.o(.text)
    rt_hw_interrupt_enable                   0x08000461   Thumb Code     6  context_rvds.o(.text)
    rt_hw_context_switch                     0x08000467   Thumb Code    32  context_rvds.o(.text)
    rt_hw_context_switch_interrupt           0x08000467   Thumb Code     0  context_rvds.o(.text)
    PendSV_Handler                           0x08000487   Thumb Code   108  context_rvds.o(.text)
    rt_hw_context_switch_to                  0x080004f3   Thumb Code    70  context_rvds.o(.text)
    rt_hw_interrupt_thread_switch            0x08000539   Thumb Code     2  context_rvds.o(.text)
    HardFault_Handler                        0x0800053b   Thumb Code    56  context_rvds.o(.text)
    MemManage_Handler                        0x0800053b   Thumb Code     0  context_rvds.o(.text)
    __aeabi_uldivmod                         0x0800058d   Thumb Code     0  lludivv7m.o(.text)
    _ll_udiv                                 0x0800058d   Thumb Code   238  lludivv7m.o(.text)
    vsnprintf                                0x0800067d   Thumb Code    48  vsnprintf.o(.text)
    __2sprintf                               0x080006b1   Thumb Code    38  __2sprintf.o(.text)
    __printf                                 0x080006dd   Thumb Code   388  __printf_flags_ss_wp.o(.text)
    __aeabi_memclr4                          0x08000865   Thumb Code     0  rt_memclr_w.o(.text)
    __aeabi_memclr8                          0x08000865   Thumb Code     0  rt_memclr_w.o(.text)
    __rt_memclr_w                            0x08000865   Thumb Code    78  rt_memclr_w.o(.text)
    _memset_w                                0x08000869   Thumb Code     0  rt_memclr_w.o(.text)
    __use_two_region_memory                  0x080008b3   Thumb Code     2  heapauxi.o(.text)
    __rt_heap_escrow$2region                 0x080008b5   Thumb Code     2  heapauxi.o(.text)
    __rt_heap_expand$2region                 0x080008b7   Thumb Code     2  heapauxi.o(.text)
    _printf_pre_padding                      0x080008b9   Thumb Code    44  _printf_pad.o(.text)
    _printf_post_padding                     0x080008e5   Thumb Code    34  _printf_pad.o(.text)
    _printf_truncate_signed                  0x08000907   Thumb Code    18  _printf_truncate.o(.text)
    _printf_truncate_unsigned                0x08000919   Thumb Code    18  _printf_truncate.o(.text)
    _printf_str                              0x0800092b   Thumb Code    82  _printf_str.o(.text)
    _printf_int_dec                          0x0800097d   Thumb Code   104  _printf_dec.o(.text)
    _printf_charcount                        0x080009f5   Thumb Code    40  _printf_charcount.o(.text)
    __lib_sel_fp_printf                      0x08000a1d   Thumb Code     2  _printf_fp_dec.o(.text)
    _printf_fp_dec_real                      0x08000bcf   Thumb Code   620  _printf_fp_dec.o(.text)
    _printf_char_common                      0x08000e47   Thumb Code    32  _printf_char_common.o(.text)
    _sputc                                   0x08000e6d   Thumb Code    10  _sputc.o(.text)
    _snputc                                  0x08000e77   Thumb Code    16  _snputc.o(.text)
    _printf_wctomb                           0x08000e89   Thumb Code   182  _printf_wctomb.o(.text)
    _printf_longlong_dec                     0x08000f45   Thumb Code   108  _printf_longlong_dec.o(.text)
    _printf_longlong_oct                     0x08000fc1   Thumb Code    66  _printf_oct_int_ll.o(.text)
    _printf_int_oct                          0x08001003   Thumb Code    24  _printf_oct_int_ll.o(.text)
    _printf_ll_oct                           0x0800101b   Thumb Code    12  _printf_oct_int_ll.o(.text)
    _printf_longlong_hex                     0x08001031   Thumb Code    86  _printf_hex_int_ll_ptr.o(.text)
    _printf_int_hex                          0x08001087   Thumb Code    28  _printf_hex_int_ll_ptr.o(.text)
    _printf_ll_hex                           0x080010a3   Thumb Code    12  _printf_hex_int_ll_ptr.o(.text)
    _printf_hex_ptr                          0x080010af   Thumb Code    18  _printf_hex_int_ll_ptr.o(.text)
    __rt_locale                              0x080010c5   Thumb Code     8  rt_locale_intlibspace.o(.text)
    _ll_udiv10                               0x080010cd   Thumb Code   138  lludiv10.o(.text)
    _printf_int_common                       0x08001157   Thumb Code   178  _printf_intcommon.o(.text)
    _printf_fp_hex_real                      0x08001209   Thumb Code   756  _printf_fp_hex.o(.text)
    _printf_fp_infnan                        0x08001505   Thumb Code   112  _printf_fp_infnan.o(.text)
    _printf_cs_common                        0x08001585   Thumb Code    20  _printf_char.o(.text)
    _printf_char                             0x08001599   Thumb Code    16  _printf_char.o(.text)
    _printf_string                           0x080015a9   Thumb Code     8  _printf_char.o(.text)
    _printf_lcs_common                       0x080015b1   Thumb Code    20  _printf_wchar.o(.text)
    _printf_wchar                            0x080015c5   Thumb Code    16  _printf_wchar.o(.text)
    _printf_wstring                          0x080015d5   Thumb Code     8  _printf_wchar.o(.text)
    _btod_etento                             0x080015dd   Thumb Code   224  bigflt0.o(.text)
    _wcrtomb                                 0x080016c1   Thumb Code    64  _wcrtomb.o(.text)
    __user_libspace                          0x08001701   Thumb Code     8  libspace.o(.text)
    __user_perproc_libspace                  0x08001701   Thumb Code     0  libspace.o(.text)
    __user_perthread_libspace                0x08001701   Thumb Code     0  libspace.o(.text)
    __user_setup_stackheap                   0x08001709   Thumb Code    74  sys_stackheap_outer.o(.text)
    __rt_ctype_table                         0x08001755   Thumb Code    16  rt_ctype_table.o(.text)
    exit                                     0x08001765   Thumb Code    18  exit.o(.text)
    strcmp                                   0x08001779   Thumb Code   104  strcmpv7m_pel.o(.text)
    _sys_exit                                0x080017e1   Thumb Code     8  sys_exit.o(.text)
    __I$use$semihosting                      0x080017ed   Thumb Code     0  use_no_semi.o(.text)
    __use_no_semihosting_swi                 0x080017ed   Thumb Code     2  use_no_semi.o(.text)
    __semihosting_library_function           0x080017ef   Thumb Code     0  indicate_semi.o(.text)
    _btod_d2e                                0x080017ef   Thumb Code    62  btod.o(CL$$btod_d2e)
    _d2e_denorm_low                          0x0800182d   Thumb Code    70  btod.o(CL$$btod_d2e_denorm_low)
    _d2e_norm_op1                            0x08001873   Thumb Code    96  btod.o(CL$$btod_d2e_norm_op1)
    __btod_div_common                        0x080018d3   Thumb Code   696  btod.o(CL$$btod_div_common)
    _e2e                                     0x08001c0b   Thumb Code   220  btod.o(CL$$btod_e2e)
    _btod_ediv                               0x08001ce7   Thumb Code    42  btod.o(CL$$btod_ediv)
    _btod_emul                               0x08001d11   Thumb Code    42  btod.o(CL$$btod_emul)
    __btod_mult_common                       0x08001d3b   Thumb Code   580  btod.o(CL$$btod_mult_common)
    main                                     0x08001f7f   Thumb Code    10  components.o(i.$Sub$$main)
    ADC_ConfigureBoostMode                   0x08001f89   Thumb Code   274  stm32h7xx_hal_adc.o(i.ADC_ConfigureBoostMode)
    ADC_DMAConvCplt                          0x080020b9   Thumb Code   146  stm32h7xx_hal_adc.o(i.ADC_DMAConvCplt)
    ADC_DMAError                             0x0800214b   Thumb Code    30  stm32h7xx_hal_adc.o(i.ADC_DMAError)
    ADC_DMAHalfConvCplt                      0x08002169   Thumb Code    14  stm32h7xx_hal_adc.o(i.ADC_DMAHalfConvCplt)
    ADC_Disable                              0x08002179   Thumb Code   142  stm32h7xx_hal_adc.o(i.ADC_Disable)
    ADC_Enable                               0x0800220d   Thumb Code   182  stm32h7xx_hal_adc.o(i.ADC_Enable)
    BusFault_Handler                         0x080022d9   Thumb Code     4  stm32h7xx_it.o(i.BusFault_Handler)
    DMA1_Stream0_IRQHandler                  0x080022dd   Thumb Code    10  stm32h7xx_it.o(i.DMA1_Stream0_IRQHandler)
    DS18B20_Check                            0x08002859   Thumb Code   100  ds18b20.o(i.DS18B20_Check)
    DS18B20_Get_Temp                         0x080028c1   Thumb Code   236  ds18b20.o(i.DS18B20_Get_Temp)
    DS18B20_Init                             0x080029ad   Thumb Code    68  ds18b20.o(i.DS18B20_Init)
    DS18B20_Read_Bit                         0x080029f9   Thumb Code   104  ds18b20.o(i.DS18B20_Read_Bit)
    DS18B20_Read_Byte                        0x08002a65   Thumb Code    34  ds18b20.o(i.DS18B20_Read_Byte)
    DS18B20_Rst                              0x08002a89   Thumb Code    62  ds18b20.o(i.DS18B20_Rst)
    DS18B20_Start                            0x08002acd   Thumb Code    24  ds18b20.o(i.DS18B20_Start)
    DS18B20_Write_Byte                       0x08002ae5   Thumb Code   118  ds18b20.o(i.DS18B20_Write_Byte)
    DebugMon_Handler                         0x08002b61   Thumb Code     2  stm32h7xx_it.o(i.DebugMon_Handler)
    Delay_Tim_Init                           0x08002b65   Thumb Code    32  delay.o(i.Delay_Tim_Init)
    EXTI0_IRQHandler                         0x08002b89   Thumb Code    10  stm32h7xx_it.o(i.EXTI0_IRQHandler)
    EXTI15_10_IRQHandler                     0x08002b93   Thumb Code    20  stm32h7xx_it.o(i.EXTI15_10_IRQHandler)
    EXTI3_IRQHandler                         0x08002ba7   Thumb Code    10  stm32h7xx_it.o(i.EXTI3_IRQHandler)
    Error_Handler                            0x08002bb1   Thumb Code     6  main.o(i.Error_Handler)
    HAL_ADCEx_Calibration_Start              0x08002bb9   Thumb Code   174  stm32h7xx_hal_adc_ex.o(i.HAL_ADCEx_Calibration_Start)
    HAL_ADCEx_MultiModeConfigChannel         0x08002c71   Thumb Code   336  stm32h7xx_hal_adc_ex.o(i.HAL_ADCEx_MultiModeConfigChannel)
    HAL_ADC_ConfigChannel                    0x08002dd5   Thumb Code  1880  stm32h7xx_hal_adc.o(i.HAL_ADC_ConfigChannel)
    HAL_ADC_ConvCpltCallback                 0x0800355d   Thumb Code     2  stm32h7xx_hal_adc.o(i.HAL_ADC_ConvCpltCallback)
    HAL_ADC_ConvHalfCpltCallback             0x0800355f   Thumb Code     2  stm32h7xx_hal_adc.o(i.HAL_ADC_ConvHalfCpltCallback)
    HAL_ADC_ErrorCallback                    0x08003561   Thumb Code     2  stm32h7xx_hal_adc.o(i.HAL_ADC_ErrorCallback)
    HAL_ADC_Init                             0x08003565   Thumb Code   782  stm32h7xx_hal_adc.o(i.HAL_ADC_Init)
    HAL_ADC_MspInit                          0x080038a5   Thumb Code   320  adc.o(i.HAL_ADC_MspInit)
    HAL_ADC_Start_DMA                        0x08003a01   Thumb Code   334  stm32h7xx_hal_adc.o(i.HAL_ADC_Start_DMA)
    HAL_DMA_IRQHandler                       0x08003b71   Thumb Code  2798  stm32h7xx_hal_dma.o(i.HAL_DMA_IRQHandler)
    HAL_DMA_Init                             0x08004669   Thumb Code  1292  stm32h7xx_hal_dma.o(i.HAL_DMA_Init)
    HAL_DMA_Start_IT                         0x08004b7d   Thumb Code   980  stm32h7xx_hal_dma.o(i.HAL_DMA_Start_IT)
    HAL_GPIO_EXTI_Callback                   0x08004f5d   Thumb Code   196  stm32h7xx_it.o(i.HAL_GPIO_EXTI_Callback)
    HAL_GPIO_EXTI_IRQHandler                 0x08005071   Thumb Code    24  stm32h7xx_hal_gpio.o(i.HAL_GPIO_EXTI_IRQHandler)
    HAL_GPIO_Init                            0x0800508d   Thumb Code   446  stm32h7xx_hal_gpio.o(i.HAL_GPIO_Init)
    HAL_GPIO_ReadPin                         0x0800527d   Thumb Code    16  stm32h7xx_hal_gpio.o(i.HAL_GPIO_ReadPin)
    HAL_GPIO_TogglePin                       0x0800528d   Thumb Code    20  stm32h7xx_hal_gpio.o(i.HAL_GPIO_TogglePin)
    HAL_GPIO_WritePin                        0x080052a1   Thumb Code    12  stm32h7xx_hal_gpio.o(i.HAL_GPIO_WritePin)
    HAL_GetTick                              0x080052ad   Thumb Code     6  stm32h7xx_hal.o(i.HAL_GetTick)
    HAL_IncTick                              0x080052b9   Thumb Code    16  stm32h7xx_hal.o(i.HAL_IncTick)
    HAL_Init                                 0x080052d1   Thumb Code    80  stm32h7xx_hal.o(i.HAL_Init)
    HAL_InitTick                             0x08005331   Thumb Code   140  stm32h7xx_hal_timebase_tim.o(i.HAL_InitTick)
    HAL_MspInit                              0x080053d1   Thumb Code    32  stm32h7xx_hal_msp.o(i.HAL_MspInit)
    HAL_NVIC_EnableIRQ                       0x080053f5   Thumb Code    40  stm32h7xx_hal_cortex.o(i.HAL_NVIC_EnableIRQ)
    HAL_NVIC_SetPriority                     0x0800541d   Thumb Code   122  stm32h7xx_hal_cortex.o(i.HAL_NVIC_SetPriority)
    HAL_NVIC_SetPriorityGrouping             0x08005499   Thumb Code    32  stm32h7xx_hal_cortex.o(i.HAL_NVIC_SetPriorityGrouping)
    HAL_PWREx_ConfigSupply                   0x080054c1   Thumb Code    90  stm32h7xx_hal_pwr_ex.o(i.HAL_PWREx_ConfigSupply)
    HAL_RCCEx_GetD3PCLK1Freq                 0x08005521   Thumb Code    26  stm32h7xx_hal_rcc_ex.o(i.HAL_RCCEx_GetD3PCLK1Freq)
    HAL_RCCEx_GetPLL1ClockFreq               0x08005545   Thumb Code   536  stm32h7xx_hal_rcc_ex.o(i.HAL_RCCEx_GetPLL1ClockFreq)
    HAL_RCCEx_GetPLL2ClockFreq               0x08005775   Thumb Code   536  stm32h7xx_hal_rcc_ex.o(i.HAL_RCCEx_GetPLL2ClockFreq)
    HAL_RCCEx_GetPLL3ClockFreq               0x080059a5   Thumb Code   536  stm32h7xx_hal_rcc_ex.o(i.HAL_RCCEx_GetPLL3ClockFreq)
    HAL_RCCEx_GetPeriphCLKFreq               0x08005bd5   Thumb Code  1616  stm32h7xx_hal_rcc_ex.o(i.HAL_RCCEx_GetPeriphCLKFreq)
    HAL_RCCEx_PeriphCLKConfig                0x08006235   Thumb Code  2768  stm32h7xx_hal_rcc_ex.o(i.HAL_RCCEx_PeriphCLKConfig)
    HAL_RCC_ClockConfig                      0x08006d09   Thumb Code   774  stm32h7xx_hal_rcc.o(i.HAL_RCC_ClockConfig)
    HAL_RCC_GetClockConfig                   0x08007029   Thumb Code    98  stm32h7xx_hal_rcc.o(i.HAL_RCC_GetClockConfig)
    HAL_RCC_GetHCLKFreq                      0x08007095   Thumb Code    60  stm32h7xx_hal_rcc.o(i.HAL_RCC_GetHCLKFreq)
    HAL_RCC_GetPCLK1Freq                     0x080070e1   Thumb Code    26  stm32h7xx_hal_rcc.o(i.HAL_RCC_GetPCLK1Freq)
    HAL_RCC_GetPCLK2Freq                     0x08007105   Thumb Code    26  stm32h7xx_hal_rcc.o(i.HAL_RCC_GetPCLK2Freq)
    HAL_RCC_GetSysClockFreq                  0x08007129   Thumb Code   524  stm32h7xx_hal_rcc.o(i.HAL_RCC_GetSysClockFreq)
    HAL_RCC_OscConfig                        0x08007355   Thumb Code  1786  stm32h7xx_hal_rcc.o(i.HAL_RCC_OscConfig)
    HAL_SYSTICK_Config                       0x08007a59   Thumb Code    52  stm32h7xx_hal_cortex.o(i.HAL_SYSTICK_Config)
    HAL_TIMEx_Break2Callback                 0x08007a8d   Thumb Code     2  stm32h7xx_hal_tim_ex.o(i.HAL_TIMEx_Break2Callback)
    HAL_TIMEx_BreakCallback                  0x08007a8f   Thumb Code     2  stm32h7xx_hal_tim_ex.o(i.HAL_TIMEx_BreakCallback)
    HAL_TIMEx_CommutCallback                 0x08007a91   Thumb Code     2  stm32h7xx_hal_tim_ex.o(i.HAL_TIMEx_CommutCallback)
    HAL_TIMEx_MasterConfigSynchronization    0x08007a95   Thumb Code   190  stm32h7xx_hal_tim_ex.o(i.HAL_TIMEx_MasterConfigSynchronization)
    HAL_TIM_Base_Init                        0x08007b79   Thumb Code   110  stm32h7xx_hal_tim.o(i.HAL_TIM_Base_Init)
    HAL_TIM_Base_MspInit                     0x08007be9   Thumb Code   224  tim.o(i.HAL_TIM_Base_MspInit)
    HAL_TIM_Base_Start_IT                    0x08007ce1   Thumb Code   162  stm32h7xx_hal_tim.o(i.HAL_TIM_Base_Start_IT)
    HAL_TIM_ConfigClockSource                0x08007dad   Thumb Code   304  stm32h7xx_hal_tim.o(i.HAL_TIM_ConfigClockSource)
    HAL_TIM_IC_CaptureCallback               0x08007ee1   Thumb Code     2  stm32h7xx_hal_tim.o(i.HAL_TIM_IC_CaptureCallback)
    HAL_TIM_IRQHandler                       0x08007ee3   Thumb Code   440  stm32h7xx_hal_tim.o(i.HAL_TIM_IRQHandler)
    HAL_TIM_MspPostInit                      0x0800809d   Thumb Code   450  tim.o(i.HAL_TIM_MspPostInit)
    HAL_TIM_OC_ConfigChannel                 0x08008285   Thumb Code   144  stm32h7xx_hal_tim.o(i.HAL_TIM_OC_ConfigChannel)
    HAL_TIM_OC_DelayElapsedCallback          0x08008315   Thumb Code     2  stm32h7xx_hal_tim.o(i.HAL_TIM_OC_DelayElapsedCallback)
    HAL_TIM_OC_Init                          0x08008317   Thumb Code   110  stm32h7xx_hal_tim.o(i.HAL_TIM_OC_Init)
    HAL_TIM_OC_MspInit                       0x08008385   Thumb Code     2  stm32h7xx_hal_tim.o(i.HAL_TIM_OC_MspInit)
    HAL_TIM_PWM_ConfigChannel                0x08008387   Thumb Code   368  stm32h7xx_hal_tim.o(i.HAL_TIM_PWM_ConfigChannel)
    HAL_TIM_PWM_Init                         0x080084f7   Thumb Code   110  stm32h7xx_hal_tim.o(i.HAL_TIM_PWM_Init)
    HAL_TIM_PWM_MspInit                      0x08008565   Thumb Code     2  stm32h7xx_hal_tim.o(i.HAL_TIM_PWM_MspInit)
    HAL_TIM_PWM_PulseFinishedCallback        0x08008567   Thumb Code     2  stm32h7xx_hal_tim.o(i.HAL_TIM_PWM_PulseFinishedCallback)
    HAL_TIM_PWM_Start                        0x08008569   Thumb Code   330  stm32h7xx_hal_tim.o(i.HAL_TIM_PWM_Start)
    HAL_TIM_PeriodElapsedCallback            0x080086e5   Thumb Code    18  main.o(i.HAL_TIM_PeriodElapsedCallback)
    HAL_TIM_TriggerCallback                  0x080086fd   Thumb Code     2  stm32h7xx_hal_tim.o(i.HAL_TIM_TriggerCallback)
    HAL_UARTEx_DisableFifoMode               0x080086ff   Thumb Code    78  stm32h7xx_hal_uart_ex.o(i.HAL_UARTEx_DisableFifoMode)
    HAL_UARTEx_SetRxFifoThreshold            0x0800874d   Thumb Code    94  stm32h7xx_hal_uart_ex.o(i.HAL_UARTEx_SetRxFifoThreshold)
    HAL_UARTEx_SetTxFifoThreshold            0x080087ab   Thumb Code    94  stm32h7xx_hal_uart_ex.o(i.HAL_UARTEx_SetTxFifoThreshold)
    HAL_UART_Init                            0x08008809   Thumb Code   120  stm32h7xx_hal_uart.o(i.HAL_UART_Init)
    HAL_UART_MspInit                         0x08008881   Thumb Code   140  usart.o(i.HAL_UART_MspInit)
    HAL_UART_Transmit                        0x08008919   Thumb Code   214  stm32h7xx_hal_uart.o(i.HAL_UART_Transmit)
    MX_ADC1_Init                             0x08008ae9   Thumb Code   304  adc.o(i.MX_ADC1_Init)
    MX_DMA_Init                              0x08008c3d   Thumb Code    48  dma.o(i.MX_DMA_Init)
    MX_GPIO_Init                             0x08008c71   Thumb Code   466  gpio.o(i.MX_GPIO_Init)
    MX_TIM12_Init                            0x08008e61   Thumb Code   132  tim.o(i.MX_TIM12_Init)
    MX_TIM2_Init                             0x08008eed   Thumb Code   208  tim.o(i.MX_TIM2_Init)
    MX_TIM3_Init                             0x08008fc1   Thumb Code   206  tim.o(i.MX_TIM3_Init)
    MX_TIM4_Init                             0x08009099   Thumb Code   206  tim.o(i.MX_TIM4_Init)
    MX_TIM5_Init                             0x08009171   Thumb Code   190  tim.o(i.MX_TIM5_Init)
    MX_TIM8_Init                             0x08009239   Thumb Code   106  tim.o(i.MX_TIM8_Init)
    MX_USART2_UART_Init                      0x080092ad   Thumb Code    98  usart.o(i.MX_USART2_UART_Init)
    Magnetism_start                          0x08009319   Thumb Code    12  start_stop.o(i.Magnetism_start)
    Magnetism_stop                           0x08009329   Thumb Code    10  start_stop.o(i.Magnetism_stop)
    Motor_start                              0x08009339   Thumb Code    12  start_stop.o(i.Motor_start)
    Motor_stop                               0x08009349   Thumb Code    10  start_stop.o(i.Motor_stop)
    NMI_Handler                              0x08009359   Thumb Code     4  stm32h7xx_it.o(i.NMI_Handler)
    SysTick_Handler                          0x08009625   Thumb Code    16  board.o(i.SysTick_Handler)
    SystemClock_Config                       0x08009635   Thumb Code   196  main.o(i.SystemClock_Config)
    SystemCoreClockUpdate                    0x08009701   Thumb Code   522  system_stm32h7xx.o(i.SystemCoreClockUpdate)
    SystemInit                               0x08009935   Thumb Code   192  system_stm32h7xx.o(i.SystemInit)
    TIM7_IRQHandler                          0x08009a15   Thumb Code    10  stm32h7xx_it.o(i.TIM7_IRQHandler)
    TIM_Base_SetConfig                       0x08009a25   Thumb Code   182  stm32h7xx_hal_tim.o(i.TIM_Base_SetConfig)
    TIM_CCxChannelCmd                        0x08009b05   Thumb Code    34  stm32h7xx_hal_tim.o(i.TIM_CCxChannelCmd)
    TIM_ETR_SetConfig                        0x08009b27   Thumb Code    22  stm32h7xx_hal_tim.o(i.TIM_ETR_SetConfig)
    TIM_OC2_SetConfig                        0x08009c01   Thumb Code   156  stm32h7xx_hal_tim.o(i.TIM_OC2_SetConfig)
    Temp_start                               0x08009f0d   Thumb Code    12  start_stop.o(i.Temp_start)
    Temp_stop                                0x08009f1d   Thumb Code    10  start_stop.o(i.Temp_stop)
    UART_AdvFeatureConfig                    0x0800a005   Thumb Code   248  stm32h7xx_hal_uart.o(i.UART_AdvFeatureConfig)
    UART_CheckIdleState                      0x0800a0fd   Thumb Code   118  stm32h7xx_hal_uart.o(i.UART_CheckIdleState)
    UART_SetConfig                           0x0800a175   Thumb Code  1558  stm32h7xx_hal_uart.o(i.UART_SetConfig)
    UART_WaitOnFlagUntilTimeout              0x0800a79d   Thumb Code   254  stm32h7xx_hal_uart.o(i.UART_WaitOnFlagUntilTimeout)
    UsageFault_Handler                       0x0800a89b   Thumb Code     4  stm32h7xx_it.o(i.UsageFault_Handler)
    __ARM_fpclassify                         0x0800a89f   Thumb Code    48  fpclassify.o(i.__ARM_fpclassify)
    __rt_ffs                                 0x0800a909   Thumb Code    70  kservice.o(i.__rt_ffs)
    _is_digit                                0x0800a955   Thumb Code    14  __printf_wp.o(i._is_digit)
    delay_ms                                 0x0800aa65   Thumb Code    86  delay.o(i.delay_ms)
    delay_us                                 0x0800aac1   Thumb Code    82  delay.o(i.delay_us)
    $Super$$main                             0x0800abd9   Thumb Code   254  main.o(i.main)
    main_thread_entry                        0x0800ad21   Thumb Code    14  components.o(i.main_thread_entry)
    rt_application_init                      0x0800ade5   Thumb Code    34  components.o(i.rt_application_init)
    rt_components_board_init                 0x0800ae15   Thumb Code    20  components.o(i.rt_components_board_init)
    rt_components_init                       0x0800ae31   Thumb Code    20  components.o(i.rt_components_init)
    rt_enter_critical                        0x0800ae4d   Thumb Code    28  scheduler.o(i.rt_enter_critical)
    rt_exit_critical                         0x0800ae6d   Thumb Code    60  scheduler.o(i.rt_exit_critical)
    rt_free                                  0x0800aeb1   Thumb Code   128  mem.o(i.rt_free)
    rt_heap_begin_get                        0x0800af91   Thumb Code     4  board.o(i.rt_heap_begin_get)
    rt_heap_end_get                          0x0800af99   Thumb Code     4  board.o(i.rt_heap_end_get)
    rt_hw_board_init                         0x0800afa1   Thumb Code    56  board.o(i.rt_hw_board_init)
    rt_hw_console_output                     0x0800afd9   Thumb Code    74  board.o(i.rt_hw_console_output)
    rt_hw_hard_fault_exception               0x0800b029   Thumb Code   212  cpuport.o(i.rt_hw_hard_fault_exception)
    rt_hw_stack_init                         0x0800b24d   Thumb Code    74  cpuport.o(i.rt_hw_stack_init)
    rt_interrupt_enter                       0x0800b29d   Thumb Code    26  irq.o(i.rt_interrupt_enter)
    rt_interrupt_leave                       0x0800b2bd   Thumb Code    26  irq.o(i.rt_interrupt_leave)
    rt_kprintf                               0x0800b35d   Thumb Code    44  kservice.o(i.rt_kprintf)
    rt_malloc                                0x0800b429   Thumb Code   336  mem.o(i.rt_malloc)
    rt_memset                                0x0800b595   Thumb Code    72  kservice.o(i.rt_memset)
    rt_object_allocate                       0x0800b5dd   Thumb Code    84  object.o(i.rt_object_allocate)
    rt_object_delete                         0x0800b631   Thumb Code    36  object.o(i.rt_object_delete)
    rt_object_detach                         0x0800b655   Thumb Code    30  object.o(i.rt_object_detach)
    rt_object_get_information                0x0800b675   Thumb Code    36  object.o(i.rt_object_get_information)
    rt_object_init                           0x0800b69d   Thumb Code    86  object.o(i.rt_object_init)
    rt_object_is_systemobject                0x0800b6f3   Thumb Code    18  object.o(i.rt_object_is_systemobject)
    rt_schedule                              0x0800b705   Thumb Code   106  scheduler.o(i.rt_schedule)
    rt_schedule_insert_thread                0x0800b789   Thumb Code    72  scheduler.o(i.rt_schedule_insert_thread)
    rt_schedule_remove_thread                0x0800b7d9   Thumb Code    76  scheduler.o(i.rt_schedule_remove_thread)
    rt_sem_init                              0x0800b82d   Thumb Code    38  ipc.o(i.rt_sem_init)
    rt_sem_release                           0x0800b853   Thumb Code    94  ipc.o(i.rt_sem_release)
    rt_sem_take                              0x0800b8b1   Thumb Code   116  ipc.o(i.rt_sem_take)
    rt_show_version                          0x0800b925   Thumb Code    38  kservice.o(i.rt_show_version)
    rt_strlen                                0x0800b9d5   Thumb Code    18  kservice.o(i.rt_strlen)
    rt_strncpy                               0x0800b9e7   Thumb Code    52  kservice.o(i.rt_strncpy)
    rt_system_heap_init                      0x0800ba1d   Thumb Code   160  mem.o(i.rt_system_heap_init)
    rt_system_scheduler_init                 0x0800bb15   Thumb Code    52  scheduler.o(i.rt_system_scheduler_init)
    rt_system_scheduler_start                0x0800bb61   Thumb Code    36  scheduler.o(i.rt_system_scheduler_start)
    rt_system_timer_init                     0x0800bb91   Thumb Code    24  timer.o(i.rt_system_timer_init)
    rt_system_timer_thread_init              0x0800bbad   Thumb Code     2  timer.o(i.rt_system_timer_thread_init)
    rt_thread_create                         0x0800bbaf   Thumb Code    80  thread.o(i.rt_thread_create)
    rt_thread_exit                           0x0800bc01   Thumb Code    78  thread.o(i.rt_thread_exit)
    rt_thread_idle_excute                    0x0800bc61   Thumb Code    92  idle.o(i.rt_thread_idle_excute)
    rt_thread_idle_init                      0x0800bcc1   Thumb Code    38  idle.o(i.rt_thread_idle_init)
    rt_thread_init                           0x0800bcfd   Thumb Code    52  thread.o(i.rt_thread_init)
    rt_thread_mdelay                         0x0800bd31   Thumb Code    20  thread.o(i.rt_thread_mdelay)
    rt_thread_resume                         0x0800bd45   Thumb Code    60  thread.o(i.rt_thread_resume)
    rt_thread_self                           0x0800bd81   Thumb Code     6  thread.o(i.rt_thread_self)
    rt_thread_sleep                          0x0800bd8d   Thumb Code    62  thread.o(i.rt_thread_sleep)
    rt_thread_startup                        0x0800bdd1   Thumb Code    44  thread.o(i.rt_thread_startup)
    rt_thread_suspend                        0x0800bdfd   Thumb Code    68  thread.o(i.rt_thread_suspend)
    rt_thread_timeout                        0x0800be41   Thumb Code    32  thread.o(i.rt_thread_timeout)
    rt_thread_yield                          0x0800be61   Thumb Code    92  thread.o(i.rt_thread_yield)
    rt_tick_from_millisecond                 0x0800bec5   Thumb Code    56  clock.o(i.rt_tick_from_millisecond)
    rt_tick_get                              0x0800befd   Thumb Code     6  clock.o(i.rt_tick_get)
    rt_tick_increase                         0x0800bf09   Thumb Code    42  clock.o(i.rt_tick_increase)
    rt_timer_check                           0x0800bf39   Thumb Code   160  timer.o(i.rt_timer_check)
    rt_timer_control                         0x0800bfdd   Thumb Code    98  timer.o(i.rt_timer_control)
    rt_timer_detach                          0x0800c03f   Thumb Code    40  timer.o(i.rt_timer_detach)
    rt_timer_init                            0x0800c067   Thumb Code    46  timer.o(i.rt_timer_init)
    rt_timer_start                           0x0800c095   Thumb Code   226  timer.o(i.rt_timer_start)
    rt_timer_stop                            0x0800c181   Thumb Code    48  timer.o(i.rt_timer_stop)
    rtthread_startup                         0x0800c1c1   Thumb Code    42  components.o(i.rtthread_startup)
    _get_lc_numeric                          0x0800c225   Thumb Code    44  lc_numeric_c.o(locale$$code)
    _get_lc_ctype                            0x0800c251   Thumb Code    44  lc_ctype_c.o(locale$$code)
    _fp_init                                 0x0800c27d   Thumb Code    10  fpinit.o(x$fpl$fpinit)
    __fplib_config_fpu_vfp                   0x0800c285   Thumb Code     0  fpinit.o(x$fpl$fpinit)
    __fplib_config_pureend_doubles           0x0800c285   Thumb Code     0  fpinit.o(x$fpl$fpinit)
    _printf_fp_dec                           0x0800c287   Thumb Code     4  printf1.o(x$fpl$printf1)
    _printf_fp_hex                           0x0800c28b   Thumb Code     4  printf2.o(x$fpl$printf2)
    D1CorePrescTable                         0x0800c28e   Data          16  system_stm32h7xx.o(.constdata)
    __I$use$fp                               0x0800c28e   Number         0  usenofp.o(x$fpl$usenofp)
    UARTPrescTable                           0x0800c2a6   Data          24  stm32h7xx_hal_uart.o(.constdata)
    __lowest_bit_bitmap                      0x0800c2ce   Data         256  kservice.o(.constdata)
    __rt_init_rti_start                      0x0800c4f0   Data           4  components.o(.rti_fn.0)
    __rt_init_rti_board_start                0x0800c4f4   Data           4  components.o(.rti_fn.0.end)
    __rt_init_uart_init                      0x0800c4f8   Data           4  board.o(.rti_fn.1)
    __rt_init_rti_board_end                  0x0800c4fc   Data           4  components.o(.rti_fn.1.end)
    __rt_init_rti_end                        0x0800c500   Data           4  components.o(.rti_fn.6.end)
    Region$$Table$$Base                      0x0800c504   Number         0  anon$$obj.o(Region$$Table)
    Region$$Table$$Limit                     0x0800c524   Number         0  anon$$obj.o(Region$$Table)
    __ctype                                  0x0800c54d   Data           0  lc_ctype_c.o(locale$$data)
    magnetism_flag                           0x2400000c   Data           1  main.o(.data)
    Temp_flag                                0x2400000d   Data           1  main.o(.data)
    motor_flag                               0x2400000e   Data           1  main.o(.data)
    level                                    0x24000010   Data           4  main.o(.data)
    buf                                      0x24000014   Data           4  main.o(.data)
    SystemCoreClock                          0x24000018   Data           4  system_stm32h7xx.o(.data)
    SystemD2Clock                            0x2400001c   Data           4  system_stm32h7xx.o(.data)
    uwTick                                   0x24000020   Data           4  stm32h7xx_hal.o(.data)
    uwTickPrio                               0x24000024   Data           4  stm32h7xx_hal.o(.data)
    uwTickFreq                               0x24000028   Data           1  stm32h7xx_hal.o(.data)
    rt_interrupt_nest                        0x24000030   Data           1  irq.o(.data)
    rt_thread_ready_priority_group           0x2400007c   Data           4  scheduler.o(.data)
    rt_current_thread                        0x24000084   Data           4  scheduler.o(.data)
    rt_current_priority                      0x24000088   Data           1  scheduler.o(.data)
    rt_thread_defunct                        0x2400008c   Data           8  scheduler.o(.data)
    rt_interrupt_from_thread                 0x240000a0   Data           4  cpuport.o(.data)
    rt_interrupt_to_thread                   0x240000a4   Data           4  cpuport.o(.data)
    rt_thread_switch_interrupt_flag          0x240000a8   Data           4  cpuport.o(.data)
    ADC_vol                                  0x240000b0   Data          24  main.o(.bss)
    ADC_ConvertedValue                       0x240000c8   Data          12  adc.o(.bss)
    hadc1                                    0x240000d4   Data         112  adc.o(.bss)
    hdma_adc1                                0x24000144   Data         120  adc.o(.bss)
    htim2                                    0x240001bc   Data          76  tim.o(.bss)
    htim3                                    0x24000208   Data          76  tim.o(.bss)
    htim4                                    0x24000254   Data          76  tim.o(.bss)
    htim5                                    0x240002a0   Data          76  tim.o(.bss)
    htim8                                    0x240002ec   Data          76  tim.o(.bss)
    htim12                                   0x24000338   Data          76  tim.o(.bss)
    huart2                                   0x24000384   Data         144  usart.o(.bss)
    htim7                                    0x24000414   Data          76  stm32h7xx_hal_timebase_tim.o(.bss)
    rt_thread_priority_table                 0x24000678   Data         256  scheduler.o(.bss)
    __libspace_start                         0x24004408   Data          96  libspace.o(.bss)
    __temporary_stack_top$libspace           0x24004468   Data           0  libspace.o(.bss)



==============================================================================

Memory Map of the image

  Image Entry point : 0x080002cd

  Load Region LR_IROM1 (Base: 0x08000000, Size: 0x0000c700, Max: 0x00100000, ABSOLUTE)

    Execution Region ER_IROM1 (Base: 0x08000000, Size: 0x0000c650, Max: 0x00100000, ABSOLUTE)

    Base Addr    Size         Type   Attr      Idx    E Section Name        Object

    0x08000000   0x000002cc   Data   RO            3    RESET               startup_stm32h723xx.o
    0x080002cc   0x00000008   Code   RO         6532  * !!!main             c_w.l(__main.o)
    0x080002d4   0x00000034   Code   RO         6843    !!!scatter          c_w.l(__scatter.o)
    0x08000308   0x0000001a   Code   RO         6845    !!handler_copy      c_w.l(__scatter_copy.o)
    0x08000322   0x00000002   PAD
    0x08000324   0x0000001c   Code   RO         6847    !!handler_zi        c_w.l(__scatter_zi.o)
    0x08000340   0x00000000   Code   RO         6527    .ARM.Collect$$_printf_percent$$00000000  c_w.l(_printf_percent.o)
    0x08000340   0x00000006   Code   RO         6593    .ARM.Collect$$_printf_percent$$00000001  c_w.l(_printf_n.o)
    0x08000346   0x00000006   Code   RO         6595    .ARM.Collect$$_printf_percent$$00000002  c_w.l(_printf_p.o)
    0x0800034c   0x00000006   Code   RO         6526    .ARM.Collect$$_printf_percent$$00000003  c_w.l(_printf_f.o)
    0x08000352   0x00000006   Code   RO         6600    .ARM.Collect$$_printf_percent$$00000004  c_w.l(_printf_e.o)
    0x08000358   0x00000006   Code   RO         6601    .ARM.Collect$$_printf_percent$$00000005  c_w.l(_printf_g.o)
    0x0800035e   0x00000006   Code   RO         6602    .ARM.Collect$$_printf_percent$$00000006  c_w.l(_printf_a.o)
    0x08000364   0x0000000a   Code   RO         6607    .ARM.Collect$$_printf_percent$$00000007  c_w.l(_printf_ll.o)
    0x0800036e   0x00000006   Code   RO         6597    .ARM.Collect$$_printf_percent$$00000008  c_w.l(_printf_i.o)
    0x08000374   0x00000006   Code   RO         6598    .ARM.Collect$$_printf_percent$$00000009  c_w.l(_printf_d.o)
    0x0800037a   0x00000006   Code   RO         6599    .ARM.Collect$$_printf_percent$$0000000A  c_w.l(_printf_u.o)
    0x08000380   0x00000006   Code   RO         6596    .ARM.Collect$$_printf_percent$$0000000B  c_w.l(_printf_o.o)
    0x08000386   0x00000006   Code   RO         6594    .ARM.Collect$$_printf_percent$$0000000C  c_w.l(_printf_x.o)
    0x0800038c   0x00000006   Code   RO         6604    .ARM.Collect$$_printf_percent$$0000000D  c_w.l(_printf_lli.o)
    0x08000392   0x00000006   Code   RO         6605    .ARM.Collect$$_printf_percent$$0000000E  c_w.l(_printf_lld.o)
    0x08000398   0x00000006   Code   RO         6606    .ARM.Collect$$_printf_percent$$0000000F  c_w.l(_printf_llu.o)
    0x0800039e   0x00000006   Code   RO         6611    .ARM.Collect$$_printf_percent$$00000010  c_w.l(_printf_llo.o)
    0x080003a4   0x00000006   Code   RO         6612    .ARM.Collect$$_printf_percent$$00000011  c_w.l(_printf_llx.o)
    0x080003aa   0x0000000a   Code   RO         6608    .ARM.Collect$$_printf_percent$$00000012  c_w.l(_printf_l.o)
    0x080003b4   0x00000006   Code   RO         6591    .ARM.Collect$$_printf_percent$$00000013  c_w.l(_printf_c.o)
    0x080003ba   0x00000006   Code   RO         6592    .ARM.Collect$$_printf_percent$$00000014  c_w.l(_printf_s.o)
    0x080003c0   0x00000006   Code   RO         6609    .ARM.Collect$$_printf_percent$$00000015  c_w.l(_printf_lc.o)
    0x080003c6   0x00000006   Code   RO         6610    .ARM.Collect$$_printf_percent$$00000016  c_w.l(_printf_ls.o)
    0x080003cc   0x00000004   Code   RO         6603    .ARM.Collect$$_printf_percent$$00000017  c_w.l(_printf_percent_end.o)
    0x080003d0   0x00000002   Code   RO         6711    .ARM.Collect$$libinit$$00000000  c_w.l(libinit.o)
    0x080003d2   0x00000004   Code   RO         6712    .ARM.Collect$$libinit$$00000001  c_w.l(libinit2.o)
    0x080003d6   0x00000000   Code   RO         6715    .ARM.Collect$$libinit$$00000004  c_w.l(libinit2.o)
    0x080003d6   0x00000000   Code   RO         6718    .ARM.Collect$$libinit$$0000000A  c_w.l(libinit2.o)
    0x080003d6   0x00000000   Code   RO         6720    .ARM.Collect$$libinit$$0000000C  c_w.l(libinit2.o)
    0x080003d6   0x00000000   Code   RO         6722    .ARM.Collect$$libinit$$0000000E  c_w.l(libinit2.o)
    0x080003d6   0x00000006   Code   RO         6723    .ARM.Collect$$libinit$$0000000F  c_w.l(libinit2.o)
    0x080003dc   0x00000000   Code   RO         6725    .ARM.Collect$$libinit$$00000011  c_w.l(libinit2.o)
    0x080003dc   0x0000000c   Code   RO         6726    .ARM.Collect$$libinit$$00000012  c_w.l(libinit2.o)
    0x080003e8   0x00000000   Code   RO         6727    .ARM.Collect$$libinit$$00000013  c_w.l(libinit2.o)
    0x080003e8   0x00000000   Code   RO         6729    .ARM.Collect$$libinit$$00000015  c_w.l(libinit2.o)
    0x080003e8   0x0000000a   Code   RO         6730    .ARM.Collect$$libinit$$00000016  c_w.l(libinit2.o)
    0x080003f2   0x00000000   Code   RO         6731    .ARM.Collect$$libinit$$00000017  c_w.l(libinit2.o)
    0x080003f2   0x00000000   Code   RO         6733    .ARM.Collect$$libinit$$00000019  c_w.l(libinit2.o)
    0x080003f2   0x00000000   Code   RO         6735    .ARM.Collect$$libinit$$0000001B  c_w.l(libinit2.o)
    0x080003f2   0x00000000   Code   RO         6737    .ARM.Collect$$libinit$$0000001D  c_w.l(libinit2.o)
    0x080003f2   0x00000000   Code   RO         6739    .ARM.Collect$$libinit$$0000001F  c_w.l(libinit2.o)
    0x080003f2   0x00000000   Code   RO         6741    .ARM.Collect$$libinit$$00000021  c_w.l(libinit2.o)
    0x080003f2   0x00000000   Code   RO         6743    .ARM.Collect$$libinit$$00000023  c_w.l(libinit2.o)
    0x080003f2   0x00000000   Code   RO         6745    .ARM.Collect$$libinit$$00000025  c_w.l(libinit2.o)
    0x080003f2   0x00000000   Code   RO         6749    .ARM.Collect$$libinit$$0000002C  c_w.l(libinit2.o)
    0x080003f2   0x00000000   Code   RO         6751    .ARM.Collect$$libinit$$0000002E  c_w.l(libinit2.o)
    0x080003f2   0x00000000   Code   RO         6753    .ARM.Collect$$libinit$$00000030  c_w.l(libinit2.o)
    0x080003f2   0x00000000   Code   RO         6755    .ARM.Collect$$libinit$$00000032  c_w.l(libinit2.o)
    0x080003f2   0x00000002   Code   RO         6756    .ARM.Collect$$libinit$$00000033  c_w.l(libinit2.o)
    0x080003f4   0x00000002   Code   RO         6806    .ARM.Collect$$libshutdown$$00000000  c_w.l(libshutdown.o)
    0x080003f6   0x00000000   Code   RO         6824    .ARM.Collect$$libshutdown$$00000002  c_w.l(libshutdown2.o)
    0x080003f6   0x00000000   Code   RO         6826    .ARM.Collect$$libshutdown$$00000004  c_w.l(libshutdown2.o)
    0x080003f6   0x00000000   Code   RO         6828    .ARM.Collect$$libshutdown$$00000006  c_w.l(libshutdown2.o)
    0x080003f6   0x00000000   Code   RO         6831    .ARM.Collect$$libshutdown$$00000009  c_w.l(libshutdown2.o)
    0x080003f6   0x00000000   Code   RO         6834    .ARM.Collect$$libshutdown$$0000000C  c_w.l(libshutdown2.o)
    0x080003f6   0x00000000   Code   RO         6836    .ARM.Collect$$libshutdown$$0000000E  c_w.l(libshutdown2.o)
    0x080003f6   0x00000000   Code   RO         6839    .ARM.Collect$$libshutdown$$00000011  c_w.l(libshutdown2.o)
    0x080003f6   0x00000002   Code   RO         6840    .ARM.Collect$$libshutdown$$00000012  c_w.l(libshutdown2.o)
    0x080003f8   0x00000000   Code   RO         6536    .ARM.Collect$$rtentry$$00000000  c_w.l(__rtentry.o)
    0x080003f8   0x00000000   Code   RO         6620    .ARM.Collect$$rtentry$$00000002  c_w.l(__rtentry2.o)
    0x080003f8   0x00000006   Code   RO         6632    .ARM.Collect$$rtentry$$00000004  c_w.l(__rtentry4.o)
    0x080003fe   0x00000000   Code   RO         6622    .ARM.Collect$$rtentry$$00000009  c_w.l(__rtentry2.o)
    0x080003fe   0x00000004   Code   RO         6623    .ARM.Collect$$rtentry$$0000000A  c_w.l(__rtentry2.o)
    0x08000402   0x00000000   Code   RO         6625    .ARM.Collect$$rtentry$$0000000C  c_w.l(__rtentry2.o)
    0x08000402   0x00000008   Code   RO         6626    .ARM.Collect$$rtentry$$0000000D  c_w.l(__rtentry2.o)
    0x0800040a   0x00000002   Code   RO         6757    .ARM.Collect$$rtexit$$00000000  c_w.l(rtexit.o)
    0x0800040c   0x00000000   Code   RO         6775    .ARM.Collect$$rtexit$$00000002  c_w.l(rtexit2.o)
    0x0800040c   0x00000004   Code   RO         6776    .ARM.Collect$$rtexit$$00000003  c_w.l(rtexit2.o)
    0x08000410   0x00000006   Code   RO         6777    .ARM.Collect$$rtexit$$00000004  c_w.l(rtexit2.o)
    0x08000416   0x00000002   PAD
    0x08000418   0x00000040   Code   RO            4    .text               startup_stm32h723xx.o
    0x08000458   0x00000134   Code   RO         5417    .text               context_rvds.o
    0x0800058c   0x000000ee   Code   RO         6496    .text               c_w.l(lludivv7m.o)
    0x0800067a   0x00000002   PAD
    0x0800067c   0x00000034   Code   RO         6498    .text               c_w.l(vsnprintf.o)
    0x080006b0   0x0000002c   Code   RO         6500    .text               c_w.l(__2sprintf.o)
    0x080006dc   0x00000188   Code   RO         6523    .text               c_w.l(__printf_flags_ss_wp.o)
    0x08000864   0x0000004e   Code   RO         6528    .text               c_w.l(rt_memclr_w.o)
    0x080008b2   0x00000006   Code   RO         6530    .text               c_w.l(heapauxi.o)
    0x080008b8   0x0000004e   Code   RO         6541    .text               c_w.l(_printf_pad.o)
    0x08000906   0x00000024   Code   RO         6543    .text               c_w.l(_printf_truncate.o)
    0x0800092a   0x00000052   Code   RO         6545    .text               c_w.l(_printf_str.o)
    0x0800097c   0x00000078   Code   RO         6547    .text               c_w.l(_printf_dec.o)
    0x080009f4   0x00000028   Code   RO         6549    .text               c_w.l(_printf_charcount.o)
    0x08000a1c   0x0000041e   Code   RO         6551    .text               c_w.l(_printf_fp_dec.o)
    0x08000e3a   0x00000002   PAD
    0x08000e3c   0x00000030   Code   RO         6553    .text               c_w.l(_printf_char_common.o)
    0x08000e6c   0x0000000a   Code   RO         6555    .text               c_w.l(_sputc.o)
    0x08000e76   0x00000010   Code   RO         6557    .text               c_w.l(_snputc.o)
    0x08000e86   0x00000002   PAD
    0x08000e88   0x000000bc   Code   RO         6559    .text               c_w.l(_printf_wctomb.o)
    0x08000f44   0x0000007c   Code   RO         6562    .text               c_w.l(_printf_longlong_dec.o)
    0x08000fc0   0x00000070   Code   RO         6568    .text               c_w.l(_printf_oct_int_ll.o)
    0x08001030   0x00000094   Code   RO         6588    .text               c_w.l(_printf_hex_int_ll_ptr.o)
    0x080010c4   0x00000008   Code   RO         6639    .text               c_w.l(rt_locale_intlibspace.o)
    0x080010cc   0x0000008a   Code   RO         6641    .text               c_w.l(lludiv10.o)
    0x08001156   0x000000b2   Code   RO         6643    .text               c_w.l(_printf_intcommon.o)
    0x08001208   0x000002fc   Code   RO         6645    .text               c_w.l(_printf_fp_hex.o)
    0x08001504   0x00000080   Code   RO         6648    .text               c_w.l(_printf_fp_infnan.o)
    0x08001584   0x0000002c   Code   RO         6652    .text               c_w.l(_printf_char.o)
    0x080015b0   0x0000002c   Code   RO         6654    .text               c_w.l(_printf_wchar.o)
    0x080015dc   0x000000e4   Code   RO         6656    .text               c_w.l(bigflt0.o)
    0x080016c0   0x00000040   Code   RO         6681    .text               c_w.l(_wcrtomb.o)
    0x08001700   0x00000008   Code   RO         6691    .text               c_w.l(libspace.o)
    0x08001708   0x0000004a   Code   RO         6694    .text               c_w.l(sys_stackheap_outer.o)
    0x08001752   0x00000002   PAD
    0x08001754   0x00000010   Code   RO         6696    .text               c_w.l(rt_ctype_table.o)
    0x08001764   0x00000012   Code   RO         6698    .text               c_w.l(exit.o)
    0x08001776   0x00000002   PAD
    0x08001778   0x00000068   Code   RO         6704    .text               c_w.l(strcmpv7m_pel.o)
    0x080017e0   0x0000000c   Code   RO         6772    .text               c_w.l(sys_exit.o)
    0x080017ec   0x00000002   Code   RO         6793    .text               c_w.l(use_no_semi.o)
    0x080017ee   0x00000000   Code   RO         6795    .text               c_w.l(indicate_semi.o)
    0x080017ee   0x0000003e   Code   RO         6659    CL$$btod_d2e        c_w.l(btod.o)
    0x0800182c   0x00000046   Code   RO         6661    CL$$btod_d2e_denorm_low  c_w.l(btod.o)
    0x08001872   0x00000060   Code   RO         6660    CL$$btod_d2e_norm_op1  c_w.l(btod.o)
    0x080018d2   0x00000338   Code   RO         6669    CL$$btod_div_common  c_w.l(btod.o)
    0x08001c0a   0x000000dc   Code   RO         6666    CL$$btod_e2e        c_w.l(btod.o)
    0x08001ce6   0x0000002a   Code   RO         6663    CL$$btod_ediv       c_w.l(btod.o)
    0x08001d10   0x0000002a   Code   RO         6662    CL$$btod_emul       c_w.l(btod.o)
    0x08001d3a   0x00000244   Code   RO         6668    CL$$btod_mult_common  c_w.l(btod.o)
    0x08001f7e   0x0000000a   Code   RO         5459    i.$Sub$$main        components.o
    0x08001f88   0x00000130   Code   RO          805    i.ADC_ConfigureBoostMode  stm32h7xx_hal_adc.o
    0x080020b8   0x00000092   Code   RO          807    i.ADC_DMAConvCplt   stm32h7xx_hal_adc.o
    0x0800214a   0x0000001e   Code   RO          808    i.ADC_DMAError      stm32h7xx_hal_adc.o
    0x08002168   0x0000000e   Code   RO          809    i.ADC_DMAHalfConvCplt  stm32h7xx_hal_adc.o
    0x08002176   0x00000002   PAD
    0x08002178   0x00000094   Code   RO          810    i.ADC_Disable       stm32h7xx_hal_adc.o
    0x0800220c   0x000000cc   Code   RO          811    i.ADC_Enable        stm32h7xx_hal_adc.o
    0x080022d8   0x00000004   Code   RO          569    i.BusFault_Handler  stm32h7xx_it.o
    0x080022dc   0x00000010   Code   RO          570    i.DMA1_Stream0_IRQHandler  stm32h7xx_it.o
    0x080022ec   0x000000ec   Code   RO         2071    i.DMA_CalcBaseAndBitshift  stm32h7xx_hal_dma.o
    0x080023d8   0x000000c4   Code   RO         2072    i.DMA_CalcDMAMUXChannelBaseAndMask  stm32h7xx_hal_dma.o
    0x0800249c   0x00000098   Code   RO         2073    i.DMA_CalcDMAMUXRequestGenBaseAndMask  stm32h7xx_hal_dma.o
    0x08002534   0x000000ae   Code   RO         2074    i.DMA_CheckFifoParam  stm32h7xx_hal_dma.o
    0x080025e2   0x00000002   PAD
    0x080025e4   0x00000274   Code   RO         2075    i.DMA_SetConfig     stm32h7xx_hal_dma.o
    0x08002858   0x00000068   Code   RO          208    i.DS18B20_Check     ds18b20.o
    0x080028c0   0x000000ec   Code   RO          209    i.DS18B20_Get_Temp  ds18b20.o
    0x080029ac   0x0000004c   Code   RO          210    i.DS18B20_Init      ds18b20.o
    0x080029f8   0x0000006c   Code   RO          211    i.DS18B20_Read_Bit  ds18b20.o
    0x08002a64   0x00000022   Code   RO          212    i.DS18B20_Read_Byte  ds18b20.o
    0x08002a86   0x00000002   PAD
    0x08002a88   0x00000044   Code   RO          213    i.DS18B20_Rst       ds18b20.o
    0x08002acc   0x00000018   Code   RO          214    i.DS18B20_Start     ds18b20.o
    0x08002ae4   0x0000007c   Code   RO          215    i.DS18B20_Write_Byte  ds18b20.o
    0x08002b60   0x00000002   Code   RO          571    i.DebugMon_Handler  stm32h7xx_it.o
    0x08002b62   0x00000002   PAD
    0x08002b64   0x00000024   Code   RO           13    i.Delay_Tim_Init    delay.o
    0x08002b88   0x0000000a   Code   RO          572    i.EXTI0_IRQHandler  stm32h7xx_it.o
    0x08002b92   0x00000014   Code   RO          573    i.EXTI15_10_IRQHandler  stm32h7xx_it.o
    0x08002ba6   0x0000000a   Code   RO          574    i.EXTI3_IRQHandler  stm32h7xx_it.o
    0x08002bb0   0x00000006   Code   RO          274    i.Error_Handler     main.o
    0x08002bb6   0x00000002   PAD
    0x08002bb8   0x000000b8   Code   RO         1082    i.HAL_ADCEx_Calibration_Start  stm32h7xx_hal_adc_ex.o
    0x08002c70   0x00000164   Code   RO         1102    i.HAL_ADCEx_MultiModeConfigChannel  stm32h7xx_hal_adc_ex.o
    0x08002dd4   0x00000788   Code   RO          813    i.HAL_ADC_ConfigChannel  stm32h7xx_hal_adc.o
    0x0800355c   0x00000002   Code   RO          814    i.HAL_ADC_ConvCpltCallback  stm32h7xx_hal_adc.o
    0x0800355e   0x00000002   Code   RO          815    i.HAL_ADC_ConvHalfCpltCallback  stm32h7xx_hal_adc.o
    0x08003560   0x00000002   Code   RO          817    i.HAL_ADC_ErrorCallback  stm32h7xx_hal_adc.o
    0x08003562   0x00000002   PAD
    0x08003564   0x00000340   Code   RO          822    i.HAL_ADC_Init      stm32h7xx_hal_adc.o
    0x080038a4   0x0000015c   Code   RO          383    i.HAL_ADC_MspInit   adc.o
    0x08003a00   0x00000170   Code   RO          829    i.HAL_ADC_Start_DMA  stm32h7xx_hal_adc.o
    0x08003b70   0x00000af8   Code   RO         2081    i.HAL_DMA_IRQHandler  stm32h7xx_hal_dma.o
    0x08004668   0x00000514   Code   RO         2082    i.HAL_DMA_Init      stm32h7xx_hal_dma.o
    0x08004b7c   0x000003e0   Code   RO         2086    i.HAL_DMA_Start_IT  stm32h7xx_hal_dma.o
    0x08004f5c   0x00000114   Code   RO          575    i.HAL_GPIO_EXTI_Callback  stm32h7xx_it.o
    0x08005070   0x0000001c   Code   RO         1923    i.HAL_GPIO_EXTI_IRQHandler  stm32h7xx_hal_gpio.o
    0x0800508c   0x000001f0   Code   RO         1924    i.HAL_GPIO_Init     stm32h7xx_hal_gpio.o
    0x0800527c   0x00000010   Code   RO         1926    i.HAL_GPIO_ReadPin  stm32h7xx_hal_gpio.o
    0x0800528c   0x00000014   Code   RO         1927    i.HAL_GPIO_TogglePin  stm32h7xx_hal_gpio.o
    0x080052a0   0x0000000c   Code   RO         1928    i.HAL_GPIO_WritePin  stm32h7xx_hal_gpio.o
    0x080052ac   0x0000000c   Code   RO         2935    i.HAL_GetTick       stm32h7xx_hal.o
    0x080052b8   0x00000018   Code   RO         2941    i.HAL_IncTick       stm32h7xx_hal.o
    0x080052d0   0x00000060   Code   RO         2942    i.HAL_Init          stm32h7xx_hal.o
    0x08005330   0x000000a0   Code   RO          675    i.HAL_InitTick      stm32h7xx_hal_timebase_tim.o
    0x080053d0   0x00000024   Code   RO          651    i.HAL_MspInit       stm32h7xx_hal_msp.o
    0x080053f4   0x00000028   Code   RO         2772    i.HAL_NVIC_EnableIRQ  stm32h7xx_hal_cortex.o
    0x0800541c   0x0000007a   Code   RO         2778    i.HAL_NVIC_SetPriority  stm32h7xx_hal_cortex.o
    0x08005496   0x00000002   PAD
    0x08005498   0x00000028   Code   RO         2779    i.HAL_NVIC_SetPriorityGrouping  stm32h7xx_hal_cortex.o
    0x080054c0   0x00000060   Code   RO         2525    i.HAL_PWREx_ConfigSupply  stm32h7xx_hal_pwr_ex.o
    0x08005520   0x00000024   Code   RO         1467    i.HAL_RCCEx_GetD3PCLK1Freq  stm32h7xx_hal_rcc_ex.o
    0x08005544   0x00000230   Code   RO         1468    i.HAL_RCCEx_GetPLL1ClockFreq  stm32h7xx_hal_rcc_ex.o
    0x08005774   0x00000230   Code   RO         1469    i.HAL_RCCEx_GetPLL2ClockFreq  stm32h7xx_hal_rcc_ex.o
    0x080059a4   0x00000230   Code   RO         1470    i.HAL_RCCEx_GetPLL3ClockFreq  stm32h7xx_hal_rcc_ex.o
    0x08005bd4   0x00000660   Code   RO         1472    i.HAL_RCCEx_GetPeriphCLKFreq  stm32h7xx_hal_rcc_ex.o
    0x08006234   0x00000ad4   Code   RO         1476    i.HAL_RCCEx_PeriphCLKConfig  stm32h7xx_hal_rcc_ex.o
    0x08006d08   0x00000320   Code   RO         1352    i.HAL_RCC_ClockConfig  stm32h7xx_hal_rcc.o
    0x08007028   0x0000006c   Code   RO         1356    i.HAL_RCC_GetClockConfig  stm32h7xx_hal_rcc.o
    0x08007094   0x0000004c   Code   RO         1357    i.HAL_RCC_GetHCLKFreq  stm32h7xx_hal_rcc.o
    0x080070e0   0x00000024   Code   RO         1359    i.HAL_RCC_GetPCLK1Freq  stm32h7xx_hal_rcc.o
    0x08007104   0x00000024   Code   RO         1360    i.HAL_RCC_GetPCLK2Freq  stm32h7xx_hal_rcc.o
    0x08007128   0x0000022c   Code   RO         1361    i.HAL_RCC_GetSysClockFreq  stm32h7xx_hal_rcc.o
    0x08007354   0x00000704   Code   RO         1364    i.HAL_RCC_OscConfig  stm32h7xx_hal_rcc.o
    0x08007a58   0x00000034   Code   RO         2783    i.HAL_SYSTICK_Config  stm32h7xx_hal_cortex.o
    0x08007a8c   0x00000002   Code   RO         4575    i.HAL_TIMEx_Break2Callback  stm32h7xx_hal_tim_ex.o
    0x08007a8e   0x00000002   Code   RO         4576    i.HAL_TIMEx_BreakCallback  stm32h7xx_hal_tim_ex.o
    0x08007a90   0x00000002   Code   RO         4577    i.HAL_TIMEx_CommutCallback  stm32h7xx_hal_tim_ex.o
    0x08007a92   0x00000002   PAD
    0x08007a94   0x000000e4   Code   RO         4598    i.HAL_TIMEx_MasterConfigSynchronization  stm32h7xx_hal_tim_ex.o
    0x08007b78   0x0000006e   Code   RO         3850    i.HAL_TIM_Base_Init  stm32h7xx_hal_tim.o
    0x08007be6   0x00000002   PAD
    0x08007be8   0x000000f8   Code   RO          450    i.HAL_TIM_Base_MspInit  tim.o
    0x08007ce0   0x000000cc   Code   RO         3855    i.HAL_TIM_Base_Start_IT  stm32h7xx_hal_tim.o
    0x08007dac   0x00000134   Code   RO         3859    i.HAL_TIM_ConfigClockSource  stm32h7xx_hal_tim.o
    0x08007ee0   0x00000002   Code   RO         3884    i.HAL_TIM_IC_CaptureCallback  stm32h7xx_hal_tim.o
    0x08007ee2   0x000001b8   Code   RO         3898    i.HAL_TIM_IRQHandler  stm32h7xx_hal_tim.o
    0x0800809a   0x00000002   PAD
    0x0800809c   0x000001e8   Code   RO          451    i.HAL_TIM_MspPostInit  tim.o
    0x08008284   0x00000090   Code   RO         3899    i.HAL_TIM_OC_ConfigChannel  stm32h7xx_hal_tim.o
    0x08008314   0x00000002   Code   RO         3901    i.HAL_TIM_OC_DelayElapsedCallback  stm32h7xx_hal_tim.o
    0x08008316   0x0000006e   Code   RO         3903    i.HAL_TIM_OC_Init   stm32h7xx_hal_tim.o
    0x08008384   0x00000002   Code   RO         3905    i.HAL_TIM_OC_MspInit  stm32h7xx_hal_tim.o
    0x08008386   0x00000170   Code   RO         3922    i.HAL_TIM_PWM_ConfigChannel  stm32h7xx_hal_tim.o
    0x080084f6   0x0000006e   Code   RO         3925    i.HAL_TIM_PWM_Init  stm32h7xx_hal_tim.o
    0x08008564   0x00000002   Code   RO         3927    i.HAL_TIM_PWM_MspInit  stm32h7xx_hal_tim.o
    0x08008566   0x00000002   Code   RO         3928    i.HAL_TIM_PWM_PulseFinishedCallback  stm32h7xx_hal_tim.o
    0x08008568   0x0000017c   Code   RO         3930    i.HAL_TIM_PWM_Start  stm32h7xx_hal_tim.o
    0x080086e4   0x00000018   Code   RO          275    i.HAL_TIM_PeriodElapsedCallback  main.o
    0x080086fc   0x00000002   Code   RO         3941    i.HAL_TIM_TriggerCallback  stm32h7xx_hal_tim.o
    0x080086fe   0x0000004e   Code   RO         5303    i.HAL_UARTEx_DisableFifoMode  stm32h7xx_hal_uart_ex.o
    0x0800874c   0x0000005e   Code   RO         5311    i.HAL_UARTEx_SetRxFifoThreshold  stm32h7xx_hal_uart_ex.o
    0x080087aa   0x0000005e   Code   RO         5312    i.HAL_UARTEx_SetTxFifoThreshold  stm32h7xx_hal_uart_ex.o
    0x08008808   0x00000078   Code   RO         4907    i.HAL_UART_Init     stm32h7xx_hal_uart.o
    0x08008880   0x00000098   Code   RO          528    i.HAL_UART_MspInit  usart.o
    0x08008918   0x000000d6   Code   RO         4916    i.HAL_UART_Transmit  stm32h7xx_hal_uart.o
    0x080089ee   0x00000002   PAD
    0x080089f0   0x00000010   Code   RO          835    i.LL_ADC_Enable     stm32h7xx_hal_adc.o
    0x08008a00   0x0000000a   Code   RO          837    i.LL_ADC_GetMultimode  stm32h7xx_hal_adc.o
    0x08008a0a   0x00000012   Code   RO          838    i.LL_ADC_GetOffsetChannel  stm32h7xx_hal_adc.o
    0x08008a1c   0x0000000a   Code   RO          839    i.LL_ADC_INJ_IsConversionOngoing  stm32h7xx_hal_adc.o
    0x08008a26   0x0000000a   Code   RO          840    i.LL_ADC_IsDisableOngoing  stm32h7xx_hal_adc.o
    0x08008a30   0x0000000a   Code   RO          841    i.LL_ADC_IsEnabled  stm32h7xx_hal_adc.o
    0x08008a3a   0x0000000a   Code   RO         1115    i.LL_ADC_IsEnabled  stm32h7xx_hal_adc_ex.o
    0x08008a44   0x0000000a   Code   RO          842    i.LL_ADC_IsInternalRegulatorEnabled  stm32h7xx_hal_adc.o
    0x08008a4e   0x0000000a   Code   RO          843    i.LL_ADC_REG_IsConversionOngoing  stm32h7xx_hal_adc.o
    0x08008a58   0x0000000a   Code   RO         1116    i.LL_ADC_REG_IsConversionOngoing  stm32h7xx_hal_adc_ex.o
    0x08008a62   0x00000012   Code   RO          844    i.LL_ADC_REG_IsTriggerSourceSWStart  stm32h7xx_hal_adc.o
    0x08008a74   0x00000010   Code   RO          845    i.LL_ADC_REG_StartConversion  stm32h7xx_hal_adc.o
    0x08008a84   0x00000028   Code   RO          847    i.LL_ADC_SetChannelSamplingTime  stm32h7xx_hal_adc.o
    0x08008aac   0x0000000c   Code   RO          848    i.LL_ADC_SetCommonPathInternalCh  stm32h7xx_hal_adc.o
    0x08008ab8   0x00000030   Code   RO          849    i.LL_ADC_SetOffsetState  stm32h7xx_hal_adc.o
    0x08008ae8   0x00000154   Code   RO          384    i.MX_ADC1_Init      adc.o
    0x08008c3c   0x00000034   Code   RO          425    i.MX_DMA_Init       dma.o
    0x08008c70   0x000001f0   Code   RO          358    i.MX_GPIO_Init      gpio.o
    0x08008e60   0x0000008c   Code   RO          452    i.MX_TIM12_Init     tim.o
    0x08008eec   0x000000d4   Code   RO          453    i.MX_TIM2_Init      tim.o
    0x08008fc0   0x000000d8   Code   RO          454    i.MX_TIM3_Init      tim.o
    0x08009098   0x000000d8   Code   RO          455    i.MX_TIM4_Init      tim.o
    0x08009170   0x000000c8   Code   RO          456    i.MX_TIM5_Init      tim.o
    0x08009238   0x00000074   Code   RO          457    i.MX_TIM8_Init      tim.o
    0x080092ac   0x0000006c   Code   RO          529    i.MX_USART2_UART_Init  usart.o
    0x08009318   0x00000010   Code   RO          714    i.Magnetism_start   start_stop.o
    0x08009328   0x00000010   Code   RO          715    i.Magnetism_stop    start_stop.o
    0x08009338   0x00000010   Code   RO          716    i.Motor_start       start_stop.o
    0x08009348   0x00000010   Code   RO          717    i.Motor_stop        start_stop.o
    0x08009358   0x00000004   Code   RO          576    i.NMI_Handler       stm32h7xx_it.o
    0x0800935c   0x00000164   Code   RO         1479    i.RCCEx_PLL2_Config  stm32h7xx_hal_rcc_ex.o
    0x080094c0   0x00000164   Code   RO         1480    i.RCCEx_PLL3_Config  stm32h7xx_hal_rcc_ex.o
    0x08009624   0x00000010   Code   RO         6440    i.SysTick_Handler   board.o
    0x08009634   0x000000cc   Code   RO          276    i.SystemClock_Config  main.o
    0x08009700   0x00000234   Code   RO          768    i.SystemCoreClockUpdate  system_stm32h7xx.o
    0x08009934   0x000000e0   Code   RO          769    i.SystemInit        system_stm32h7xx.o
    0x08009a14   0x00000010   Code   RO          577    i.TIM7_IRQHandler   stm32h7xx_it.o
    0x08009a24   0x000000e0   Code   RO         3943    i.TIM_Base_SetConfig  stm32h7xx_hal_tim.o
    0x08009b04   0x00000022   Code   RO         3944    i.TIM_CCxChannelCmd  stm32h7xx_hal_tim.o
    0x08009b26   0x00000016   Code   RO         3954    i.TIM_ETR_SetConfig  stm32h7xx_hal_tim.o
    0x08009b3c   0x00000018   Code   RO         3955    i.TIM_ITRx_SetConfig  stm32h7xx_hal_tim.o
    0x08009b54   0x000000ac   Code   RO         3956    i.TIM_OC1_SetConfig  stm32h7xx_hal_tim.o
    0x08009c00   0x000000b4   Code   RO         3957    i.TIM_OC2_SetConfig  stm32h7xx_hal_tim.o
    0x08009cb4   0x000000b4   Code   RO         3958    i.TIM_OC3_SetConfig  stm32h7xx_hal_tim.o
    0x08009d68   0x00000074   Code   RO         3959    i.TIM_OC4_SetConfig  stm32h7xx_hal_tim.o
    0x08009ddc   0x00000070   Code   RO         3960    i.TIM_OC5_SetConfig  stm32h7xx_hal_tim.o
    0x08009e4c   0x00000070   Code   RO         3961    i.TIM_OC6_SetConfig  stm32h7xx_hal_tim.o
    0x08009ebc   0x00000026   Code   RO         3963    i.TIM_TI1_ConfigInputStage  stm32h7xx_hal_tim.o
    0x08009ee2   0x00000028   Code   RO         3965    i.TIM_TI2_ConfigInputStage  stm32h7xx_hal_tim.o
    0x08009f0a   0x00000002   PAD
    0x08009f0c   0x00000010   Code   RO          718    i.Temp_start        start_stop.o
    0x08009f1c   0x00000010   Code   RO          719    i.Temp_stop         start_stop.o
    0x08009f2c   0x00000080   Code   RO          277    i.Temp_thread_entry  main.o
    0x08009fac   0x00000058   Code   RO         5316    i.UARTEx_SetNbDataToProcess  stm32h7xx_hal_uart_ex.o
    0x0800a004   0x000000f8   Code   RO         4921    i.UART_AdvFeatureConfig  stm32h7xx_hal_uart.o
    0x0800a0fc   0x00000076   Code   RO         4922    i.UART_CheckIdleState  stm32h7xx_hal_uart.o
    0x0800a172   0x00000002   PAD
    0x0800a174   0x00000628   Code   RO         4940    i.UART_SetConfig    stm32h7xx_hal_uart.o
    0x0800a79c   0x000000fe   Code   RO         4947    i.UART_WaitOnFlagUntilTimeout  stm32h7xx_hal_uart.o
    0x0800a89a   0x00000004   Code   RO          578    i.UsageFault_Handler  stm32h7xx_it.o
    0x0800a89e   0x00000030   Code   RO         6689    i.__ARM_fpclassify  m_wv.l(fpclassify.o)
    0x0800a8ce   0x00000002   PAD
    0x0800a8d0   0x00000010   Code   RO         2785    i.__NVIC_GetPriorityGrouping  stm32h7xx_hal_cortex.o
    0x0800a8e0   0x00000028   Code   RO         2786    i.__NVIC_SetPriority  stm32h7xx_hal_cortex.o
    0x0800a908   0x0000004c   Code   RO         5677    i.__rt_ffs          kservice.o
    0x0800a954   0x0000000e   Code   RO         6516    i._is_digit         c_w.l(__printf_wp.o)
    0x0800a962   0x00000002   PAD
    0x0800a964   0x00000084   Code   RO         6080    i._rt_thread_init   thread.o
    0x0800a9e8   0x00000042   Code   RO         6212    i._rt_timer_init    timer.o
    0x0800aa2a   0x0000001c   Code   RO         6213    i._rt_timer_remove  timer.o
    0x0800aa46   0x0000001c   Code   RO         6081    i._thread_cleanup_execute  thread.o
    0x0800aa62   0x00000002   PAD
    0x0800aa64   0x0000005c   Code   RO           14    i.delay_ms          delay.o
    0x0800aac0   0x00000058   Code   RO           15    i.delay_us          delay.o
    0x0800ab18   0x000000c0   Code   RO          278    i.magnetism_thread_entry  main.o
    0x0800abd8   0x00000148   Code   RO          279    i.main              main.o
    0x0800ad20   0x0000000e   Code   RO         5460    i.main_thread_entry  components.o
    0x0800ad2e   0x00000002   PAD
    0x0800ad30   0x0000003c   Code   RO          280    i.motor_thread_entry  main.o
    0x0800ad6c   0x00000078   Code   RO         5858    i.plug_holes        mem.o
    0x0800ade4   0x00000030   Code   RO         5461    i.rt_application_init  components.o
    0x0800ae14   0x0000001c   Code   RO         5462    i.rt_components_board_init  components.o
    0x0800ae30   0x0000001c   Code   RO         5463    i.rt_components_init  components.o
    0x0800ae4c   0x00000020   Code   RO         6008    i.rt_enter_critical  scheduler.o
    0x0800ae6c   0x00000044   Code   RO         6009    i.rt_exit_critical  scheduler.o
    0x0800aeb0   0x000000e0   Code   RO         5860    i.rt_free           mem.o
    0x0800af90   0x00000008   Code   RO         6441    i.rt_heap_begin_get  board.o
    0x0800af98   0x00000008   Code   RO         6442    i.rt_heap_end_get   board.o
    0x0800afa0   0x00000038   Code   RO         6443    i.rt_hw_board_init  board.o
    0x0800afd8   0x00000050   Code   RO         6444    i.rt_hw_console_output  board.o
    0x0800b028   0x00000224   Code   RO         6327    i.rt_hw_hard_fault_exception  cpuport.o
    0x0800b24c   0x00000050   Code   RO         6328    i.rt_hw_stack_init  cpuport.o
    0x0800b29c   0x00000020   Code   RO         5650    i.rt_interrupt_enter  irq.o
    0x0800b2bc   0x00000020   Code   RO         5652    i.rt_interrupt_leave  irq.o
    0x0800b2dc   0x0000006e   Code   RO         5569    i.rt_ipc_list_suspend  ipc.o
    0x0800b34a   0x00000010   Code   RO         5570    i.rt_ipc_object_init  ipc.o
    0x0800b35a   0x00000002   PAD
    0x0800b35c   0x00000030   Code   RO         5683    i.rt_kprintf        kservice.o
    0x0800b38c   0x00000006   Code   RO         6010    i.rt_list_init      scheduler.o
    0x0800b392   0x00000006   Code   RO         6214    i.rt_list_init      timer.o
    0x0800b398   0x0000000e   Code   RO         5920    i.rt_list_insert_after  object.o
    0x0800b3a6   0x0000000e   Code   RO         6082    i.rt_list_insert_after  thread.o
    0x0800b3b4   0x0000000e   Code   RO         6215    i.rt_list_insert_after  timer.o
    0x0800b3c2   0x0000000e   Code   RO         5571    i.rt_list_insert_before  ipc.o
    0x0800b3d0   0x00000010   Code   RO         5572    i.rt_list_isempty   ipc.o
    0x0800b3e0   0x00000010   Code   RO         6216    i.rt_list_isempty   timer.o
    0x0800b3f0   0x00000012   Code   RO         5921    i.rt_list_remove    object.o
    0x0800b402   0x00000012   Code   RO         6083    i.rt_list_remove    thread.o
    0x0800b414   0x00000012   Code   RO         6217    i.rt_list_remove    timer.o
    0x0800b426   0x00000002   PAD
    0x0800b428   0x0000016c   Code   RO         5861    i.rt_malloc         mem.o
    0x0800b594   0x00000048   Code   RO         5689    i.rt_memset         kservice.o
    0x0800b5dc   0x00000054   Code   RO         5922    i.rt_object_allocate  object.o
    0x0800b630   0x00000024   Code   RO         5923    i.rt_object_delete  object.o
    0x0800b654   0x0000001e   Code   RO         5924    i.rt_object_detach  object.o
    0x0800b672   0x00000002   PAD
    0x0800b674   0x00000028   Code   RO         5926    i.rt_object_get_information  object.o
    0x0800b69c   0x00000056   Code   RO         5930    i.rt_object_init    object.o
    0x0800b6f2   0x00000012   Code   RO         5931    i.rt_object_is_systemobject  object.o
    0x0800b704   0x00000084   Code   RO         6011    i.rt_schedule       scheduler.o
    0x0800b788   0x00000050   Code   RO         6012    i.rt_schedule_insert_thread  scheduler.o
    0x0800b7d8   0x00000054   Code   RO         6013    i.rt_schedule_remove_thread  scheduler.o
    0x0800b82c   0x00000026   Code   RO         5577    i.rt_sem_init       ipc.o
    0x0800b852   0x0000005e   Code   RO         5578    i.rt_sem_release    ipc.o
    0x0800b8b0   0x00000074   Code   RO         5579    i.rt_sem_take       ipc.o
    0x0800b924   0x000000b0   Code   RO         5691    i.rt_show_version   kservice.o
    0x0800b9d4   0x00000012   Code   RO         5697    i.rt_strlen         kservice.o
    0x0800b9e6   0x00000034   Code   RO         5699    i.rt_strncpy        kservice.o
    0x0800ba1a   0x00000002   PAD
    0x0800ba1c   0x000000f8   Code   RO         5864    i.rt_system_heap_init  mem.o
    0x0800bb14   0x0000004c   Code   RO         6014    i.rt_system_scheduler_init  scheduler.o
    0x0800bb60   0x00000030   Code   RO         6015    i.rt_system_scheduler_start  scheduler.o
    0x0800bb90   0x0000001c   Code   RO         6218    i.rt_system_timer_init  timer.o
    0x0800bbac   0x00000002   Code   RO         6219    i.rt_system_timer_thread_init  timer.o
    0x0800bbae   0x00000050   Code   RO         6085    i.rt_thread_create  thread.o
    0x0800bbfe   0x00000002   PAD
    0x0800bc00   0x00000058   Code   RO         6090    i.rt_thread_exit    thread.o
    0x0800bc58   0x00000008   Code   RO         5533    i.rt_thread_idle_entry  idle.o
    0x0800bc60   0x00000060   Code   RO         5534    i.rt_thread_idle_excute  idle.o
    0x0800bcc0   0x0000003c   Code   RO         5536    i.rt_thread_idle_init  idle.o
    0x0800bcfc   0x00000034   Code   RO         6092    i.rt_thread_init    thread.o
    0x0800bd30   0x00000014   Code   RO         6093    i.rt_thread_mdelay  thread.o
    0x0800bd44   0x0000003c   Code   RO         6094    i.rt_thread_resume  thread.o
    0x0800bd80   0x0000000c   Code   RO         6095    i.rt_thread_self    thread.o
    0x0800bd8c   0x00000044   Code   RO         6096    i.rt_thread_sleep   thread.o
    0x0800bdd0   0x0000002c   Code   RO         6097    i.rt_thread_startup  thread.o
    0x0800bdfc   0x00000044   Code   RO         6098    i.rt_thread_suspend  thread.o
    0x0800be40   0x00000020   Code   RO         6099    i.rt_thread_timeout  thread.o
    0x0800be60   0x00000064   Code   RO         6100    i.rt_thread_yield   thread.o
    0x0800bec4   0x00000038   Code   RO         5422    i.rt_tick_from_millisecond  clock.o
    0x0800befc   0x0000000c   Code   RO         5423    i.rt_tick_get       clock.o
    0x0800bf08   0x00000030   Code   RO         5424    i.rt_tick_increase  clock.o
    0x0800bf38   0x000000a4   Code   RO         6220    i.rt_timer_check    timer.o
    0x0800bfdc   0x00000062   Code   RO         6221    i.rt_timer_control  timer.o
    0x0800c03e   0x00000028   Code   RO         6224    i.rt_timer_detach   timer.o
    0x0800c066   0x0000002e   Code   RO         6225    i.rt_timer_init     timer.o
    0x0800c094   0x000000ec   Code   RO         6228    i.rt_timer_start    timer.o
    0x0800c180   0x00000030   Code   RO         6229    i.rt_timer_stop     timer.o
    0x0800c1b0   0x00000004   Code   RO         5464    i.rti_board_end     components.o
    0x0800c1b4   0x00000004   Code   RO         5465    i.rti_board_start   components.o
    0x0800c1b8   0x00000004   Code   RO         5466    i.rti_end           components.o
    0x0800c1bc   0x00000004   Code   RO         5467    i.rti_start         components.o
    0x0800c1c0   0x0000002a   Code   RO         5468    i.rtthread_startup  components.o
    0x0800c1ea   0x00000002   PAD
    0x0800c1ec   0x00000038   Code   RO         6445    i.uart_init         board.o
    0x0800c224   0x0000002c   Code   RO         6684    locale$$code        c_w.l(lc_numeric_c.o)
    0x0800c250   0x0000002c   Code   RO         6762    locale$$code        c_w.l(lc_ctype_c.o)
    0x0800c27c   0x0000000a   Code   RO         6770    x$fpl$fpinit        fz_wv.l(fpinit.o)
    0x0800c286   0x00000004   Code   RO         6534    x$fpl$printf1       fz_wv.l(printf1.o)
    0x0800c28a   0x00000004   Code   RO         6613    x$fpl$printf2       fz_wv.l(printf2.o)
    0x0800c28e   0x00000000   Code   RO         6688    x$fpl$usenofp       fz_wv.l(usenofp.o)
    0x0800c28e   0x00000010   Data   RO          770    .constdata          system_stm32h7xx.o
    0x0800c29e   0x00000008   Data   RO         2088    .constdata          stm32h7xx_hal_dma.o
    0x0800c2a6   0x00000018   Data   RO         4948    .constdata          stm32h7xx_hal_uart.o
    0x0800c2be   0x00000010   Data   RO         5318    .constdata          stm32h7xx_hal_uart_ex.o
    0x0800c2ce   0x00000122   Data   RO         5706    .constdata          kservice.o
    0x0800c3f0   0x00000011   Data   RO         6524    .constdata          c_w.l(__printf_flags_ss_wp.o)
    0x0800c401   0x00000003   PAD
    0x0800c404   0x00000008   Data   RO         6560    .constdata          c_w.l(_printf_wctomb.o)
    0x0800c40c   0x00000028   Data   RO         6589    .constdata          c_w.l(_printf_hex_int_ll_ptr.o)
    0x0800c434   0x00000026   Data   RO         6646    .constdata          c_w.l(_printf_fp_hex.o)
    0x0800c45a   0x00000002   PAD
    0x0800c45c   0x00000094   Data   RO         6657    .constdata          c_w.l(bigflt0.o)
    0x0800c4f0   0x00000004   Data   RO         5469    .rti_fn.0           components.o
    0x0800c4f4   0x00000004   Data   RO         5470    .rti_fn.0.end       components.o
    0x0800c4f8   0x00000004   Data   RO         6447    .rti_fn.1           board.o
    0x0800c4fc   0x00000004   Data   RO         5471    .rti_fn.1.end       components.o
    0x0800c500   0x00000004   Data   RO         5472    .rti_fn.6.end       components.o
    0x0800c504   0x00000020   Data   RO         6841    Region$$Table       anon$$obj.o
    0x0800c524   0x0000001c   Data   RO         6683    locale$$data        c_w.l(lc_numeric_c.o)
    0x0800c540   0x00000110   Data   RO         6761    locale$$data        c_w.l(lc_ctype_c.o)


    Execution Region RW_IRAM1 (Base: 0x20000000, Size: 0x00000000, Max: 0x00020000, ABSOLUTE)

    **** No section assigned to this execution region ****


    Execution Region RW_IRAM2 (Base: 0x24000000, Size: 0x00004a68, Max: 0x00050000, ABSOLUTE)

    Base Addr    Size         Type   Attr      Idx    E Section Name        Object

    0x24000000   0x00000018   Data   RW          282    .data               main.o
    0x24000018   0x00000008   Data   RW          771    .data               system_stm32h7xx.o
    0x24000020   0x00000009   Data   RW         2966    .data               stm32h7xx_hal.o
    0x24000029   0x00000003   PAD
    0x2400002c   0x00000004   Data   RW         5426    .data               clock.o
    0x24000030   0x00000001   Data   RW         5653    .data               irq.o
    0x24000031   0x00000003   PAD
    0x24000034   0x00000018   Data   RW         5866    .data               mem.o
    0x2400004c   0x00000030   Data   RW         5933    .data               object.o
    0x2400007c   0x00000018   Data   RW         6017    .data               scheduler.o
    0x24000094   0x0000000c   Data   RW         6230    .data               timer.o
    0x240000a0   0x00000010   Data   RW         6329    .data               cpuport.o
    0x240000b0   0x00000018   Zero   RW          281    .bss                main.o
    0x240000c8   0x000000f4   Zero   RW          385    .bss                adc.o
    0x240001bc   0x000001c8   Zero   RW          458    .bss                tim.o
    0x24000384   0x00000090   Zero   RW          530    .bss                usart.o
    0x24000414   0x0000004c   Zero   RW          678    .bss                stm32h7xx_hal_timebase_tim.o
    0x24000460   0x00000178   Zero   RW         5537    .bss                idle.o
    0x240005d8   0x00000080   Zero   RW         5705    .bss                kservice.o
    0x24000658   0x00000020   Zero   RW         5865    .bss                mem.o
    0x24000678   0x00000100   Zero   RW         6016    .bss                scheduler.o
    0x24000778   0x00003c90   Zero   RW         6446    .bss                board.o
    0x24004408   0x00000060   Zero   RW         6692    .bss                c_w.l(libspace.o)
    0x24004468   0x00000200   Zero   RW            2    HEAP                startup_stm32h723xx.o
    0x24004668   0x00000400   Zero   RW            1    STACK               startup_stm32h723xx.o


==============================================================================

Image component sizes


      Code (inc. data)   RO Data    RW Data    ZI Data      Debug   Object Name

       688         64          0          0        244       2344   adc.o
       224         22          4          0      15504       4680   board.o
       116         12          0          4          0       1996   clock.o
       186         30         16          0          0       6652   components.o
       308         26          0          0          0        892   context_rvds.o
       628        342          0         16          0       4366   cpuport.o
       216         16          0          0          0    1215819   delay.o
        52          4          0          0          0        766   dma.o
       774         28          0          0          0       5128   ds18b20.o
       496         30          0          0          0       1231   gpio.o
       164         26          0          0        376       5434   idle.o
       404          0          0          0          0       8245   ipc.o
        64         12          0          1          0       1798   irq.o
       442        148        290          0        128       7157   kservice.o
       942        238          0         24         24       5005   main.o
       956        224          0         24         32       4260   mem.o
       326          4          0         48          0       8900   object.o
       526         90          0         24        256       9178   scheduler.o
        96         30          0          0          0       2755   start_stop.o
        64         26        716          0       1536        848   startup_stm32h723xx.o
       132         30          0          9          0      22226   stm32h7xx_hal.o
      4208        236          0          0          0      85188   stm32h7xx_hal_adc.o
       560         30          0          0          0      68245   stm32h7xx_hal_adc_ex.o
       310         22          0          0          0      40059   stm32h7xx_hal_cortex.o
      6486        130          8          0          0      10863   stm32h7xx_hal_dma.o
       572         54          0          0          0       4071   stm32h7xx_hal_gpio.o
        36          4          0          0          0        818   stm32h7xx_hal_msp.o
        96          6          0          0          0        777   stm32h7xx_hal_pwr_ex.o
      3408        120          0          0          0       7477   stm32h7xx_hal_rcc.o
      6832        178          0          0          0      10323   stm32h7xx_hal_rcc_ex.o
      3440        302          0          0          0      20290   stm32h7xx_hal_tim.o
       234         38          0          0          0       3156   stm32h7xx_hal_tim_ex.o
       160         20          0          0         76       1539   stm32h7xx_hal_timebase_tim.o
      2530        128         24          0          0      25702   stm32h7xx_hal_uart.o
       354         10         16          0          0       3669   stm32h7xx_hal_uart_ex.o
       362         92          0          0          0       5075   stm32h7xx_it.o
       788         74         16          8          0       2258   system_stm32h7xx.o
       816         38          0          0          0      13552   thread.o
      1836        114          0          0        456       6695   tim.o
       810         24          0         12          0      12712   timer.o
       260         22          0          0        144       1794   usart.o

    ----------------------------------------------------------------------
     41944       3044       1122        176      18776    1643943   Object Totals
         0          0         32          0          0          0   (incl. Generated)
        42          0          0          6          0          0   (incl. Padding)

    ----------------------------------------------------------------------

      Code (inc. data)   RO Data    RW Data    ZI Data      Debug   Library Member Name

        44          6          0          0          0         84   __2sprintf.o
         8          0          0          0          0         68   __main.o
       392          4         17          0          0         92   __printf_flags_ss_wp.o
        14          0          0          0          0         68   __printf_wp.o
         0          0          0          0          0          0   __rtentry.o
        12          0          0          0          0          0   __rtentry2.o
         6          0          0          0          0          0   __rtentry4.o
        52          8          0          0          0          0   __scatter.o
        26          0          0          0          0          0   __scatter_copy.o
        28          0          0          0          0          0   __scatter_zi.o
         6          0          0          0          0          0   _printf_a.o
         6          0          0          0          0          0   _printf_c.o
        44          0          0          0          0        108   _printf_char.o
        48          6          0          0          0         96   _printf_char_common.o
        40          0          0          0          0         68   _printf_charcount.o
         6          0          0          0          0          0   _printf_d.o
       120         16          0          0          0         92   _printf_dec.o
         6          0          0          0          0          0   _printf_e.o
         6          0          0          0          0          0   _printf_f.o
      1054          0          0          0          0        216   _printf_fp_dec.o
       764          8         38          0          0        100   _printf_fp_hex.o
       128         16          0          0          0         84   _printf_fp_infnan.o
         6          0          0          0          0          0   _printf_g.o
       148          4         40          0          0        160   _printf_hex_int_ll_ptr.o
         6          0          0          0          0          0   _printf_i.o
       178          0          0          0          0         88   _printf_intcommon.o
        10          0          0          0          0          0   _printf_l.o
         6          0          0          0          0          0   _printf_lc.o
        10          0          0          0          0          0   _printf_ll.o
         6          0          0          0          0          0   _printf_lld.o
         6          0          0          0          0          0   _printf_lli.o
         6          0          0          0          0          0   _printf_llo.o
         6          0          0          0          0          0   _printf_llu.o
         6          0          0          0          0          0   _printf_llx.o
       124         16          0          0          0         92   _printf_longlong_dec.o
         6          0          0          0          0          0   _printf_ls.o
         6          0          0          0          0          0   _printf_n.o
         6          0          0          0          0          0   _printf_o.o
       112         10          0          0          0        124   _printf_oct_int_ll.o
         6          0          0          0          0          0   _printf_p.o
        78          0          0          0          0        108   _printf_pad.o
         0          0          0          0          0          0   _printf_percent.o
         4          0          0          0          0          0   _printf_percent_end.o
         6          0          0          0          0          0   _printf_s.o
        82          0          0          0          0         80   _printf_str.o
        36          0          0          0          0         84   _printf_truncate.o
         6          0          0          0          0          0   _printf_u.o
        44          0          0          0          0        108   _printf_wchar.o
       188          6          8          0          0         92   _printf_wctomb.o
         6          0          0          0          0          0   _printf_x.o
        16          0          0          0          0         68   _snputc.o
        10          0          0          0          0         68   _sputc.o
        64          0          0          0          0         92   _wcrtomb.o
       228          4        148          0          0         96   bigflt0.o
      1936        128          0          0          0        672   btod.o
        18          0          0          0          0         80   exit.o
         6          0          0          0          0        152   heapauxi.o
         0          0          0          0          0          0   indicate_semi.o
        44         10        272          0          0         76   lc_ctype_c.o
        44         10         28          0          0         76   lc_numeric_c.o
         2          0          0          0          0          0   libinit.o
        34          0          0          0          0          0   libinit2.o
         2          0          0          0          0          0   libshutdown.o
         2          0          0          0          0          0   libshutdown2.o
         8          4          0          0         96         68   libspace.o
       138          0          0          0          0         80   lludiv10.o
       238          0          0          0          0        100   lludivv7m.o
        16          4          0          0          0         76   rt_ctype_table.o
         8          4          0          0          0         68   rt_locale_intlibspace.o
        78          0          0          0          0         80   rt_memclr_w.o
         2          0          0          0          0          0   rtexit.o
        10          0          0          0          0          0   rtexit2.o
       104          0          0          0          0         68   strcmpv7m_pel.o
        12          4          0          0          0         68   sys_exit.o
        74          0          0          0          0         80   sys_stackheap_outer.o
         2          0          0          0          0         68   use_no_semi.o
        52          4          0          0          0         80   vsnprintf.o
        10          0          0          0          0        116   fpinit.o
         4          0          0          0          0        116   printf1.o
         4          0          0          0          0        116   printf2.o
         0          0          0          0          0          0   usenofp.o
        48          0          0          0          0        124   fpclassify.o

    ----------------------------------------------------------------------
      7146        272        556          0         96       4700   Library Totals
        18          0          5          0          0          0   (incl. Padding)

    ----------------------------------------------------------------------

      Code (inc. data)   RO Data    RW Data    ZI Data      Debug   Library Name

      7062        272        551          0         96       4228   c_w.l
        18          0          0          0          0        348   fz_wv.l
        48          0          0          0          0        124   m_wv.l

    ----------------------------------------------------------------------
      7146        272        556          0         96       4700   Library Totals

    ----------------------------------------------------------------------

==============================================================================


      Code (inc. data)   RO Data    RW Data    ZI Data      Debug   

     49090       3316       1678        176      18872    1621955   Grand Totals
     49090       3316       1678        176      18872    1621955   ELF Image Totals
     49090       3316       1678        176          0          0   ROM Totals

==============================================================================

    Total RO  Size (Code + RO Data)                50768 (  49.58kB)
    Total RW  Size (RW Data + ZI Data)             19048 (  18.60kB)
    Total ROM Size (Code + RO Data + RW Data)      50944 (  49.75kB)

==============================================================================

