<!doctype html public "-//w3c//dtd html 4.0 transitional//en">
<html><head>
<title>Static Call Graph - [H723_ZHONGYI_TEST\H723_ZHONGYI_TEST.axf]</title></head>
<body><HR>
<H1>Static Call Graph for image H723_ZHONGYI_TEST\H723_ZHONGYI_TEST.axf</H1><HR>
<BR><P>#&#060CALLGRAPH&#062# ARM Linker, 5060960: Last Updated: Tue Jul 12 21:41:17 2022
<BR><P>
<H3>Maximum Stack Usage =        384 bytes + Unknown(Functions without stacksize, Cycles, Untraceable Function Pointers)</H3><H3>
Call chain for Maximum Stack Depth:</H3>
main_thread_entry &rArr; $Super$$main &rArr; MX_ADC1_Init &rArr; HAL_ADC_Init &rArr; HAL_ADC_MspInit &rArr; HAL_RCCEx_PeriphCLKConfig &rArr; RCCEx_PLL3_Config
<P>
<H3>
Functions with no stack information
</H3><UL>
 <LI><a href="#[104]">__user_initial_stackheap</a>
</UL>
</UL>
<P>
<H3>
Mutually Recursive functions
</H3> <LI><a href="#[a]">SVC_Handler</a>&nbsp;&nbsp;&nbsp;&rArr;&nbsp;&nbsp;&nbsp;<a href="#[a]">SVC_Handler</a><BR>
 <LI><a href="#[77]">ADC3_IRQHandler</a>&nbsp;&nbsp;&nbsp;&rArr;&nbsp;&nbsp;&nbsp;<a href="#[77]">ADC3_IRQHandler</a><BR>
</UL>
<P>
<H3>
Function Pointers
</H3><UL>
 <LI><a href="#[77]">ADC3_IRQHandler</a> from startup_stm32h723xx.o(.text) referenced from startup_stm32h723xx.o(RESET)
 <LI><a href="#[9d]">ADC_DMAConvCplt</a> from stm32h7xx_hal_adc.o(i.ADC_DMAConvCplt) referenced from stm32h7xx_hal_adc.o(i.HAL_ADC_Start_DMA)
 <LI><a href="#[9f]">ADC_DMAError</a> from stm32h7xx_hal_adc.o(i.ADC_DMAError) referenced from stm32h7xx_hal_adc.o(i.HAL_ADC_Start_DMA)
 <LI><a href="#[9e]">ADC_DMAHalfConvCplt</a> from stm32h7xx_hal_adc.o(i.ADC_DMAHalfConvCplt) referenced from stm32h7xx_hal_adc.o(i.HAL_ADC_Start_DMA)
 <LI><a href="#[20]">ADC_IRQHandler</a> from startup_stm32h723xx.o(.text) referenced from startup_stm32h723xx.o(RESET)
 <LI><a href="#[79]">BDMA_Channel0_IRQHandler</a> from startup_stm32h723xx.o(.text) referenced from startup_stm32h723xx.o(RESET)
 <LI><a href="#[7a]">BDMA_Channel1_IRQHandler</a> from startup_stm32h723xx.o(.text) referenced from startup_stm32h723xx.o(RESET)
 <LI><a href="#[7b]">BDMA_Channel2_IRQHandler</a> from startup_stm32h723xx.o(.text) referenced from startup_stm32h723xx.o(RESET)
 <LI><a href="#[7c]">BDMA_Channel3_IRQHandler</a> from startup_stm32h723xx.o(.text) referenced from startup_stm32h723xx.o(RESET)
 <LI><a href="#[7d]">BDMA_Channel4_IRQHandler</a> from startup_stm32h723xx.o(.text) referenced from startup_stm32h723xx.o(RESET)
 <LI><a href="#[7e]">BDMA_Channel5_IRQHandler</a> from startup_stm32h723xx.o(.text) referenced from startup_stm32h723xx.o(RESET)
 <LI><a href="#[7f]">BDMA_Channel6_IRQHandler</a> from startup_stm32h723xx.o(.text) referenced from startup_stm32h723xx.o(RESET)
 <LI><a href="#[80]">BDMA_Channel7_IRQHandler</a> from startup_stm32h723xx.o(.text) referenced from startup_stm32h723xx.o(RESET)
 <LI><a href="#[8]">BusFault_Handler</a> from stm32h7xx_it.o(i.BusFault_Handler) referenced from startup_stm32h723xx.o(RESET)
 <LI><a href="#[65]">CEC_IRQHandler</a> from startup_stm32h723xx.o(.text) referenced from startup_stm32h723xx.o(RESET)
 <LI><a href="#[81]">COMP1_IRQHandler</a> from startup_stm32h723xx.o(.text) referenced from startup_stm32h723xx.o(RESET)
 <LI><a href="#[8e]">CORDIC_IRQHandler</a> from startup_stm32h723xx.o(.text) referenced from startup_stm32h723xx.o(RESET)
 <LI><a href="#[87]">CRS_IRQHandler</a> from startup_stm32h723xx.o(.text) referenced from startup_stm32h723xx.o(RESET)
 <LI><a href="#[57]">DCMI_PSSI_IRQHandler</a> from startup_stm32h723xx.o(.text) referenced from startup_stm32h723xx.o(RESET)
 <LI><a href="#[6a]">DFSDM1_FLT0_IRQHandler</a> from startup_stm32h723xx.o(.text) referenced from startup_stm32h723xx.o(RESET)
 <LI><a href="#[6b]">DFSDM1_FLT1_IRQHandler</a> from startup_stm32h723xx.o(.text) referenced from startup_stm32h723xx.o(RESET)
 <LI><a href="#[6c]">DFSDM1_FLT2_IRQHandler</a> from startup_stm32h723xx.o(.text) referenced from startup_stm32h723xx.o(RESET)
 <LI><a href="#[6d]">DFSDM1_FLT3_IRQHandler</a> from startup_stm32h723xx.o(.text) referenced from startup_stm32h723xx.o(RESET)
 <LI><a href="#[19]">DMA1_Stream0_IRQHandler</a> from stm32h7xx_it.o(i.DMA1_Stream0_IRQHandler) referenced from startup_stm32h723xx.o(RESET)
 <LI><a href="#[1a]">DMA1_Stream1_IRQHandler</a> from startup_stm32h723xx.o(.text) referenced from startup_stm32h723xx.o(RESET)
 <LI><a href="#[1b]">DMA1_Stream2_IRQHandler</a> from startup_stm32h723xx.o(.text) referenced from startup_stm32h723xx.o(RESET)
 <LI><a href="#[1c]">DMA1_Stream3_IRQHandler</a> from startup_stm32h723xx.o(.text) referenced from startup_stm32h723xx.o(RESET)
 <LI><a href="#[1d]">DMA1_Stream4_IRQHandler</a> from startup_stm32h723xx.o(.text) referenced from startup_stm32h723xx.o(RESET)
 <LI><a href="#[1e]">DMA1_Stream5_IRQHandler</a> from startup_stm32h723xx.o(.text) referenced from startup_stm32h723xx.o(RESET)
 <LI><a href="#[1f]">DMA1_Stream6_IRQHandler</a> from startup_stm32h723xx.o(.text) referenced from startup_stm32h723xx.o(RESET)
 <LI><a href="#[3c]">DMA1_Stream7_IRQHandler</a> from startup_stm32h723xx.o(.text) referenced from startup_stm32h723xx.o(RESET)
 <LI><a href="#[62]">DMA2D_IRQHandler</a> from startup_stm32h723xx.o(.text) referenced from startup_stm32h723xx.o(RESET)
 <LI><a href="#[45]">DMA2_Stream0_IRQHandler</a> from startup_stm32h723xx.o(.text) referenced from startup_stm32h723xx.o(RESET)
 <LI><a href="#[46]">DMA2_Stream1_IRQHandler</a> from startup_stm32h723xx.o(.text) referenced from startup_stm32h723xx.o(RESET)
 <LI><a href="#[47]">DMA2_Stream2_IRQHandler</a> from startup_stm32h723xx.o(.text) referenced from startup_stm32h723xx.o(RESET)
 <LI><a href="#[48]">DMA2_Stream3_IRQHandler</a> from startup_stm32h723xx.o(.text) referenced from startup_stm32h723xx.o(RESET)
 <LI><a href="#[49]">DMA2_Stream4_IRQHandler</a> from startup_stm32h723xx.o(.text) referenced from startup_stm32h723xx.o(RESET)
 <LI><a href="#[4d]">DMA2_Stream5_IRQHandler</a> from startup_stm32h723xx.o(.text) referenced from startup_stm32h723xx.o(RESET)
 <LI><a href="#[4e]">DMA2_Stream6_IRQHandler</a> from startup_stm32h723xx.o(.text) referenced from startup_stm32h723xx.o(RESET)
 <LI><a href="#[4f]">DMA2_Stream7_IRQHandler</a> from startup_stm32h723xx.o(.text) referenced from startup_stm32h723xx.o(RESET)
 <LI><a href="#[69]">DMAMUX1_OVR_IRQHandler</a> from startup_stm32h723xx.o(.text) referenced from startup_stm32h723xx.o(RESET)
 <LI><a href="#[78]">DMAMUX2_OVR_IRQHandler</a> from startup_stm32h723xx.o(.text) referenced from startup_stm32h723xx.o(RESET)
 <LI><a href="#[8a]">DTS_IRQHandler</a> from startup_stm32h723xx.o(.text) referenced from startup_stm32h723xx.o(RESET)
 <LI><a href="#[b]">DebugMon_Handler</a> from stm32h7xx_it.o(i.DebugMon_Handler) referenced from startup_stm32h723xx.o(RESET)
 <LI><a href="#[88]">ECC_IRQHandler</a> from startup_stm32h723xx.o(.text) referenced from startup_stm32h723xx.o(RESET)
 <LI><a href="#[4a]">ETH_IRQHandler</a> from startup_stm32h723xx.o(.text) referenced from startup_stm32h723xx.o(RESET)
 <LI><a href="#[4b]">ETH_WKUP_IRQHandler</a> from startup_stm32h723xx.o(.text) referenced from startup_stm32h723xx.o(RESET)
 <LI><a href="#[14]">EXTI0_IRQHandler</a> from stm32h7xx_it.o(i.EXTI0_IRQHandler) referenced from startup_stm32h723xx.o(RESET)
 <LI><a href="#[36]">EXTI15_10_IRQHandler</a> from stm32h7xx_it.o(i.EXTI15_10_IRQHandler) referenced from startup_stm32h723xx.o(RESET)
 <LI><a href="#[15]">EXTI1_IRQHandler</a> from startup_stm32h723xx.o(.text) referenced from startup_stm32h723xx.o(RESET)
 <LI><a href="#[16]">EXTI2_IRQHandler</a> from startup_stm32h723xx.o(.text) referenced from startup_stm32h723xx.o(RESET)
 <LI><a href="#[17]">EXTI3_IRQHandler</a> from stm32h7xx_it.o(i.EXTI3_IRQHandler) referenced from startup_stm32h723xx.o(RESET)
 <LI><a href="#[18]">EXTI4_IRQHandler</a> from startup_stm32h723xx.o(.text) referenced from startup_stm32h723xx.o(RESET)
 <LI><a href="#[25]">EXTI9_5_IRQHandler</a> from startup_stm32h723xx.o(.text) referenced from startup_stm32h723xx.o(RESET)
 <LI><a href="#[21]">FDCAN1_IT0_IRQHandler</a> from startup_stm32h723xx.o(.text) referenced from startup_stm32h723xx.o(RESET)
 <LI><a href="#[23]">FDCAN1_IT1_IRQHandler</a> from startup_stm32h723xx.o(.text) referenced from startup_stm32h723xx.o(RESET)
 <LI><a href="#[22]">FDCAN2_IT0_IRQHandler</a> from startup_stm32h723xx.o(.text) referenced from startup_stm32h723xx.o(RESET)
 <LI><a href="#[24]">FDCAN2_IT1_IRQHandler</a> from startup_stm32h723xx.o(.text) referenced from startup_stm32h723xx.o(RESET)
 <LI><a href="#[93]">FDCAN3_IT0_IRQHandler</a> from startup_stm32h723xx.o(.text) referenced from startup_stm32h723xx.o(RESET)
 <LI><a href="#[94]">FDCAN3_IT1_IRQHandler</a> from startup_stm32h723xx.o(.text) referenced from startup_stm32h723xx.o(RESET)
 <LI><a href="#[4c]">FDCAN_CAL_IRQHandler</a> from startup_stm32h723xx.o(.text) referenced from startup_stm32h723xx.o(RESET)
 <LI><a href="#[12]">FLASH_IRQHandler</a> from startup_stm32h723xx.o(.text) referenced from startup_stm32h723xx.o(RESET)
 <LI><a href="#[8d]">FMAC_IRQHandler</a> from startup_stm32h723xx.o(.text) referenced from startup_stm32h723xx.o(RESET)
 <LI><a href="#[3d]">FMC_IRQHandler</a> from startup_stm32h723xx.o(.text) referenced from startup_stm32h723xx.o(RESET)
 <LI><a href="#[59]">FPU_IRQHandler</a> from startup_stm32h723xx.o(.text) referenced from startup_stm32h723xx.o(RESET)
 <LI><a href="#[76]">HSEM1_IRQHandler</a> from startup_stm32h723xx.o(.text) referenced from startup_stm32h723xx.o(RESET)
 <LI><a href="#[6]">HardFault_Handler</a> from context_rvds.o(.text) referenced from startup_stm32h723xx.o(RESET)
 <LI><a href="#[2e]">I2C1_ER_IRQHandler</a> from startup_stm32h723xx.o(.text) referenced from startup_stm32h723xx.o(RESET)
 <LI><a href="#[2d]">I2C1_EV_IRQHandler</a> from startup_stm32h723xx.o(.text) referenced from startup_stm32h723xx.o(RESET)
 <LI><a href="#[30]">I2C2_ER_IRQHandler</a> from startup_stm32h723xx.o(.text) referenced from startup_stm32h723xx.o(RESET)
 <LI><a href="#[2f]">I2C2_EV_IRQHandler</a> from startup_stm32h723xx.o(.text) referenced from startup_stm32h723xx.o(RESET)
 <LI><a href="#[52]">I2C3_ER_IRQHandler</a> from startup_stm32h723xx.o(.text) referenced from startup_stm32h723xx.o(RESET)
 <LI><a href="#[51]">I2C3_EV_IRQHandler</a> from startup_stm32h723xx.o(.text) referenced from startup_stm32h723xx.o(RESET)
 <LI><a href="#[67]">I2C4_ER_IRQHandler</a> from startup_stm32h723xx.o(.text) referenced from startup_stm32h723xx.o(RESET)
 <LI><a href="#[66]">I2C4_EV_IRQHandler</a> from startup_stm32h723xx.o(.text) referenced from startup_stm32h723xx.o(RESET)
 <LI><a href="#[92]">I2C5_ER_IRQHandler</a> from startup_stm32h723xx.o(.text) referenced from startup_stm32h723xx.o(RESET)
 <LI><a href="#[91]">I2C5_EV_IRQHandler</a> from startup_stm32h723xx.o(.text) referenced from startup_stm32h723xx.o(RESET)
 <LI><a href="#[64]">LPTIM1_IRQHandler</a> from startup_stm32h723xx.o(.text) referenced from startup_stm32h723xx.o(RESET)
 <LI><a href="#[82]">LPTIM2_IRQHandler</a> from startup_stm32h723xx.o(.text) referenced from startup_stm32h723xx.o(RESET)
 <LI><a href="#[83]">LPTIM3_IRQHandler</a> from startup_stm32h723xx.o(.text) referenced from startup_stm32h723xx.o(RESET)
 <LI><a href="#[84]">LPTIM4_IRQHandler</a> from startup_stm32h723xx.o(.text) referenced from startup_stm32h723xx.o(RESET)
 <LI><a href="#[85]">LPTIM5_IRQHandler</a> from startup_stm32h723xx.o(.text) referenced from startup_stm32h723xx.o(RESET)
 <LI><a href="#[86]">LPUART1_IRQHandler</a> from startup_stm32h723xx.o(.text) referenced from startup_stm32h723xx.o(RESET)
 <LI><a href="#[61]">LTDC_ER_IRQHandler</a> from startup_stm32h723xx.o(.text) referenced from startup_stm32h723xx.o(RESET)
 <LI><a href="#[60]">LTDC_IRQHandler</a> from startup_stm32h723xx.o(.text) referenced from startup_stm32h723xx.o(RESET)
 <LI><a href="#[73]">MDIOS_IRQHandler</a> from startup_stm32h723xx.o(.text) referenced from startup_stm32h723xx.o(RESET)
 <LI><a href="#[72]">MDIOS_WKUP_IRQHandler</a> from startup_stm32h723xx.o(.text) referenced from startup_stm32h723xx.o(RESET)
 <LI><a href="#[74]">MDMA_IRQHandler</a> from startup_stm32h723xx.o(.text) referenced from startup_stm32h723xx.o(RESET)
 <LI><a href="#[7]">MemManage_Handler</a> from context_rvds.o(.text) referenced from startup_stm32h723xx.o(RESET)
 <LI><a href="#[5]">NMI_Handler</a> from stm32h7xx_it.o(i.NMI_Handler) referenced from startup_stm32h723xx.o(RESET)
 <LI><a href="#[63]">OCTOSPI1_IRQHandler</a> from startup_stm32h723xx.o(.text) referenced from startup_stm32h723xx.o(RESET)
 <LI><a href="#[8c]">OCTOSPI2_IRQHandler</a> from startup_stm32h723xx.o(.text) referenced from startup_stm32h723xx.o(RESET)
 <LI><a href="#[54]">OTG_HS_EP1_IN_IRQHandler</a> from startup_stm32h723xx.o(.text) referenced from startup_stm32h723xx.o(RESET)
 <LI><a href="#[53]">OTG_HS_EP1_OUT_IRQHandler</a> from startup_stm32h723xx.o(.text) referenced from startup_stm32h723xx.o(RESET)
 <LI><a href="#[56]">OTG_HS_IRQHandler</a> from startup_stm32h723xx.o(.text) referenced from startup_stm32h723xx.o(RESET)
 <LI><a href="#[55]">OTG_HS_WKUP_IRQHandler</a> from startup_stm32h723xx.o(.text) referenced from startup_stm32h723xx.o(RESET)
 <LI><a href="#[f]">PVD_AVD_IRQHandler</a> from startup_stm32h723xx.o(.text) referenced from startup_stm32h723xx.o(RESET)
 <LI><a href="#[c]">PendSV_Handler</a> from context_rvds.o(.text) referenced from startup_stm32h723xx.o(RESET)
 <LI><a href="#[13]">RCC_IRQHandler</a> from startup_stm32h723xx.o(.text) referenced from startup_stm32h723xx.o(RESET)
 <LI><a href="#[58]">RNG_IRQHandler</a> from startup_stm32h723xx.o(.text) referenced from startup_stm32h723xx.o(RESET)
 <LI><a href="#[37]">RTC_Alarm_IRQHandler</a> from startup_stm32h723xx.o(.text) referenced from startup_stm32h723xx.o(RESET)
 <LI><a href="#[11]">RTC_WKUP_IRQHandler</a> from startup_stm32h723xx.o(.text) referenced from startup_stm32h723xx.o(RESET)
 <LI><a href="#[4]">Reset_Handler</a> from startup_stm32h723xx.o(.text) referenced from startup_stm32h723xx.o(RESET)
 <LI><a href="#[5f]">SAI1_IRQHandler</a> from startup_stm32h723xx.o(.text) referenced from startup_stm32h723xx.o(RESET)
 <LI><a href="#[89]">SAI4_IRQHandler</a> from startup_stm32h723xx.o(.text) referenced from startup_stm32h723xx.o(RESET)
 <LI><a href="#[3e]">SDMMC1_IRQHandler</a> from startup_stm32h723xx.o(.text) referenced from startup_stm32h723xx.o(RESET)
 <LI><a href="#[75]">SDMMC2_IRQHandler</a> from startup_stm32h723xx.o(.text) referenced from startup_stm32h723xx.o(RESET)
 <LI><a href="#[68]">SPDIF_RX_IRQHandler</a> from startup_stm32h723xx.o(.text) referenced from startup_stm32h723xx.o(RESET)
 <LI><a href="#[31]">SPI1_IRQHandler</a> from startup_stm32h723xx.o(.text) referenced from startup_stm32h723xx.o(RESET)
 <LI><a href="#[32]">SPI2_IRQHandler</a> from startup_stm32h723xx.o(.text) referenced from startup_stm32h723xx.o(RESET)
 <LI><a href="#[40]">SPI3_IRQHandler</a> from startup_stm32h723xx.o(.text) referenced from startup_stm32h723xx.o(RESET)
 <LI><a href="#[5c]">SPI4_IRQHandler</a> from startup_stm32h723xx.o(.text) referenced from startup_stm32h723xx.o(RESET)
 <LI><a href="#[5d]">SPI5_IRQHandler</a> from startup_stm32h723xx.o(.text) referenced from startup_stm32h723xx.o(RESET)
 <LI><a href="#[5e]">SPI6_IRQHandler</a> from startup_stm32h723xx.o(.text) referenced from startup_stm32h723xx.o(RESET)
 <LI><a href="#[a]">SVC_Handler</a> from startup_stm32h723xx.o(.text) referenced from startup_stm32h723xx.o(RESET)
 <LI><a href="#[6e]">SWPMI1_IRQHandler</a> from startup_stm32h723xx.o(.text) referenced from startup_stm32h723xx.o(RESET)
 <LI><a href="#[d]">SysTick_Handler</a> from board.o(i.SysTick_Handler) referenced from startup_stm32h723xx.o(RESET)
 <LI><a href="#[97]">SystemInit</a> from system_stm32h7xx.o(i.SystemInit) referenced from startup_stm32h723xx.o(.text)
 <LI><a href="#[10]">TAMP_STAMP_IRQHandler</a> from startup_stm32h723xx.o(.text) referenced from startup_stm32h723xx.o(RESET)
 <LI><a href="#[6f]">TIM15_IRQHandler</a> from startup_stm32h723xx.o(.text) referenced from startup_stm32h723xx.o(RESET)
 <LI><a href="#[70]">TIM16_IRQHandler</a> from startup_stm32h723xx.o(.text) referenced from startup_stm32h723xx.o(RESET)
 <LI><a href="#[71]">TIM17_IRQHandler</a> from startup_stm32h723xx.o(.text) referenced from startup_stm32h723xx.o(RESET)
 <LI><a href="#[26]">TIM1_BRK_IRQHandler</a> from startup_stm32h723xx.o(.text) referenced from startup_stm32h723xx.o(RESET)
 <LI><a href="#[29]">TIM1_CC_IRQHandler</a> from startup_stm32h723xx.o(.text) referenced from startup_stm32h723xx.o(RESET)
 <LI><a href="#[28]">TIM1_TRG_COM_IRQHandler</a> from startup_stm32h723xx.o(.text) referenced from startup_stm32h723xx.o(RESET)
 <LI><a href="#[27]">TIM1_UP_IRQHandler</a> from startup_stm32h723xx.o(.text) referenced from startup_stm32h723xx.o(RESET)
 <LI><a href="#[95]">TIM23_IRQHandler</a> from startup_stm32h723xx.o(.text) referenced from startup_stm32h723xx.o(RESET)
 <LI><a href="#[96]">TIM24_IRQHandler</a> from startup_stm32h723xx.o(.text) referenced from startup_stm32h723xx.o(RESET)
 <LI><a href="#[2a]">TIM2_IRQHandler</a> from startup_stm32h723xx.o(.text) referenced from startup_stm32h723xx.o(RESET)
 <LI><a href="#[2b]">TIM3_IRQHandler</a> from startup_stm32h723xx.o(.text) referenced from startup_stm32h723xx.o(RESET)
 <LI><a href="#[2c]">TIM4_IRQHandler</a> from startup_stm32h723xx.o(.text) referenced from startup_stm32h723xx.o(RESET)
 <LI><a href="#[3f]">TIM5_IRQHandler</a> from startup_stm32h723xx.o(.text) referenced from startup_stm32h723xx.o(RESET)
 <LI><a href="#[43]">TIM6_DAC_IRQHandler</a> from startup_stm32h723xx.o(.text) referenced from startup_stm32h723xx.o(RESET)
 <LI><a href="#[44]">TIM7_IRQHandler</a> from stm32h7xx_it.o(i.TIM7_IRQHandler) referenced from startup_stm32h723xx.o(RESET)
 <LI><a href="#[38]">TIM8_BRK_TIM12_IRQHandler</a> from startup_stm32h723xx.o(.text) referenced from startup_stm32h723xx.o(RESET)
 <LI><a href="#[3b]">TIM8_CC_IRQHandler</a> from startup_stm32h723xx.o(.text) referenced from startup_stm32h723xx.o(RESET)
 <LI><a href="#[3a]">TIM8_TRG_COM_TIM14_IRQHandler</a> from startup_stm32h723xx.o(.text) referenced from startup_stm32h723xx.o(RESET)
 <LI><a href="#[39]">TIM8_UP_TIM13_IRQHandler</a> from startup_stm32h723xx.o(.text) referenced from startup_stm32h723xx.o(RESET)
 <LI><a href="#[a3]">Temp_thread_entry</a> from main.o(i.Temp_thread_entry) referenced from main.o(i.main)
 <LI><a href="#[41]">UART4_IRQHandler</a> from startup_stm32h723xx.o(.text) referenced from startup_stm32h723xx.o(RESET)
 <LI><a href="#[42]">UART5_IRQHandler</a> from startup_stm32h723xx.o(.text) referenced from startup_stm32h723xx.o(RESET)
 <LI><a href="#[5a]">UART7_IRQHandler</a> from startup_stm32h723xx.o(.text) referenced from startup_stm32h723xx.o(RESET)
 <LI><a href="#[5b]">UART8_IRQHandler</a> from startup_stm32h723xx.o(.text) referenced from startup_stm32h723xx.o(RESET)
 <LI><a href="#[8f]">UART9_IRQHandler</a> from startup_stm32h723xx.o(.text) referenced from startup_stm32h723xx.o(RESET)
 <LI><a href="#[90]">USART10_IRQHandler</a> from startup_stm32h723xx.o(.text) referenced from startup_stm32h723xx.o(RESET)
 <LI><a href="#[33]">USART1_IRQHandler</a> from startup_stm32h723xx.o(.text) referenced from startup_stm32h723xx.o(RESET)
 <LI><a href="#[34]">USART2_IRQHandler</a> from startup_stm32h723xx.o(.text) referenced from startup_stm32h723xx.o(RESET)
 <LI><a href="#[35]">USART3_IRQHandler</a> from startup_stm32h723xx.o(.text) referenced from startup_stm32h723xx.o(RESET)
 <LI><a href="#[50]">USART6_IRQHandler</a> from startup_stm32h723xx.o(.text) referenced from startup_stm32h723xx.o(RESET)
 <LI><a href="#[9]">UsageFault_Handler</a> from stm32h7xx_it.o(i.UsageFault_Handler) referenced from startup_stm32h723xx.o(RESET)
 <LI><a href="#[8b]">WAKEUP_PIN_IRQHandler</a> from startup_stm32h723xx.o(.text) referenced from startup_stm32h723xx.o(RESET)
 <LI><a href="#[e]">WWDG_IRQHandler</a> from startup_stm32h723xx.o(.text) referenced from startup_stm32h723xx.o(RESET)
 <LI><a href="#[ac]">__main</a> from __main.o(!!!main) referenced from startup_stm32h723xx.o(.text)
 <LI><a href="#[9c]">_get_lc_ctype</a> from lc_ctype_c.o(locale$$code) referenced from rt_ctype_table.o(.text)
 <LI><a href="#[9b]">_printf_input_char</a> from _printf_char_common.o(.text) referenced from _printf_char_common.o(.text)
 <LI><a href="#[99]">_snputc</a> from _snputc.o(.text) referenced from vsnprintf.o(.text)
 <LI><a href="#[9a]">_sputc</a> from _sputc.o(.text) referenced from __2sprintf.o(.text)
 <LI><a href="#[a2]">magnetism_thread_entry</a> from main.o(i.magnetism_thread_entry) referenced from main.o(i.main)
 <LI><a href="#[a5]">main_thread_entry</a> from components.o(i.main_thread_entry) referenced from components.o(i.rt_application_init)
 <LI><a href="#[a4]">motor_thread_entry</a> from main.o(i.motor_thread_entry) referenced from main.o(i.main)
 <LI><a href="#[a0]">rt_thread_exit</a> from thread.o(i.rt_thread_exit) referenced from thread.o(i._rt_thread_init)
 <LI><a href="#[a6]">rt_thread_idle_entry</a> from idle.o(i.rt_thread_idle_entry) referenced from idle.o(i.rt_thread_idle_init)
 <LI><a href="#[a1]">rt_thread_timeout</a> from thread.o(i.rt_thread_timeout) referenced from thread.o(i._rt_thread_init)
 <LI><a href="#[aa]">rti_board_end</a> from components.o(i.rti_board_end) referenced from components.o(.rti_fn.1.end)
 <LI><a href="#[a8]">rti_board_start</a> from components.o(i.rti_board_start) referenced from components.o(.rti_fn.0.end)
 <LI><a href="#[ab]">rti_end</a> from components.o(i.rti_end) referenced from components.o(.rti_fn.6.end)
 <LI><a href="#[a7]">rti_start</a> from components.o(i.rti_start) referenced from components.o(.rti_fn.0)
 <LI><a href="#[a9]">uart_init</a> from board.o(i.uart_init) referenced from board.o(.rti_fn.1)
</UL>
<P>
<H3>
Global Symbols
</H3>
<P><STRONG><a name="[ac]"></a>__main</STRONG> (Thumb, 8 bytes, Stack size 0 bytes, __main.o(!!!main))
<BR><BR>[Calls]<UL><LI><a href="#[ae]">&gt;&gt;</a>&nbsp;&nbsp;&nbsp;__rt_entry
<LI><a href="#[ad]">&gt;&gt;</a>&nbsp;&nbsp;&nbsp;__scatterload
</UL>

<P><STRONG><a name="[ad]"></a>__scatterload</STRONG> (Thumb, 0 bytes, Stack size unknown bytes, __scatter.o(!!!scatter))
<BR><BR>[Called By]<UL><LI><a href="#[ac]">&gt;&gt;</a>&nbsp;&nbsp;&nbsp;__main
</UL>

<P><STRONG><a name="[af]"></a>__scatterload_rt2</STRONG> (Thumb, 44 bytes, Stack size unknown bytes, __scatter.o(!!!scatter), UNUSED)
<BR><BR>[Calls]<UL><LI><a href="#[ae]">&gt;&gt;</a>&nbsp;&nbsp;&nbsp;__rt_entry
</UL>

<P><STRONG><a name="[1ef]"></a>__scatterload_rt2_thumb_only</STRONG> (Thumb, 0 bytes, Stack size unknown bytes, __scatter.o(!!!scatter), UNUSED)

<P><STRONG><a name="[1f0]"></a>__scatterload_null</STRONG> (Thumb, 0 bytes, Stack size unknown bytes, __scatter.o(!!!scatter), UNUSED)

<P><STRONG><a name="[b0]"></a>__scatterload_copy</STRONG> (Thumb, 26 bytes, Stack size unknown bytes, __scatter_copy.o(!!handler_copy), UNUSED)
<BR><BR>[Calls]<UL><LI><a href="#[b0]">&gt;&gt;</a>&nbsp;&nbsp;&nbsp;__scatterload_copy
</UL>
<BR>[Called By]<UL><LI><a href="#[b0]">&gt;&gt;</a>&nbsp;&nbsp;&nbsp;__scatterload_copy
</UL>

<P><STRONG><a name="[1f1]"></a>__scatterload_zeroinit</STRONG> (Thumb, 28 bytes, Stack size unknown bytes, __scatter_zi.o(!!handler_zi), UNUSED)

<P><STRONG><a name="[b1]"></a>_printf_n</STRONG> (Thumb, 0 bytes, Stack size unknown bytes, _printf_n.o(.ARM.Collect$$_printf_percent$$00000001))
<BR><BR>[Calls]<UL><LI><a href="#[b2]">&gt;&gt;</a>&nbsp;&nbsp;&nbsp;_printf_charcount
</UL>

<P><STRONG><a name="[eb]"></a>_printf_percent</STRONG> (Thumb, 0 bytes, Stack size unknown bytes, _printf_percent.o(.ARM.Collect$$_printf_percent$$00000000))
<BR><BR>[Called By]<UL><LI><a href="#[e9]">&gt;&gt;</a>&nbsp;&nbsp;&nbsp;__printf
</UL>

<P><STRONG><a name="[b3]"></a>_printf_p</STRONG> (Thumb, 0 bytes, Stack size unknown bytes, _printf_p.o(.ARM.Collect$$_printf_percent$$00000002))
<BR><BR>[Stack]<UL><LI>Max Depth = 64 + Unknown Stack Size
<LI>Call Chain = _printf_p &rArr; _printf_hex_ptr &rArr; _printf_longlong_hex &rArr; _printf_int_common &rArr; _printf_post_padding
</UL>
<BR>[Calls]<UL><LI><a href="#[b4]">&gt;&gt;</a>&nbsp;&nbsp;&nbsp;_printf_hex_ptr
</UL>

<P><STRONG><a name="[b5]"></a>_printf_f</STRONG> (Thumb, 0 bytes, Stack size unknown bytes, _printf_f.o(.ARM.Collect$$_printf_percent$$00000003))
<BR><BR>[Stack]<UL><LI>Max Depth = 324 + Unknown Stack Size
<LI>Call Chain = _printf_f &rArr; _printf_fp_dec &rArr; _printf_fp_dec_real &rArr; _fp_digits &rArr; _btod_etento &rArr; _btod_emul &rArr; _e2e
</UL>
<BR>[Calls]<UL><LI><a href="#[b6]">&gt;&gt;</a>&nbsp;&nbsp;&nbsp;_printf_fp_dec
</UL>

<P><STRONG><a name="[b7]"></a>_printf_e</STRONG> (Thumb, 0 bytes, Stack size unknown bytes, _printf_e.o(.ARM.Collect$$_printf_percent$$00000004))
<BR><BR>[Stack]<UL><LI>Max Depth = 324 + Unknown Stack Size
<LI>Call Chain = _printf_e &rArr; _printf_fp_dec &rArr; _printf_fp_dec_real &rArr; _fp_digits &rArr; _btod_etento &rArr; _btod_emul &rArr; _e2e
</UL>
<BR>[Calls]<UL><LI><a href="#[b6]">&gt;&gt;</a>&nbsp;&nbsp;&nbsp;_printf_fp_dec
</UL>

<P><STRONG><a name="[b8]"></a>_printf_g</STRONG> (Thumb, 0 bytes, Stack size unknown bytes, _printf_g.o(.ARM.Collect$$_printf_percent$$00000005))
<BR><BR>[Stack]<UL><LI>Max Depth = 324 + Unknown Stack Size
<LI>Call Chain = _printf_g &rArr; _printf_fp_dec &rArr; _printf_fp_dec_real &rArr; _fp_digits &rArr; _btod_etento &rArr; _btod_emul &rArr; _e2e
</UL>
<BR>[Calls]<UL><LI><a href="#[b6]">&gt;&gt;</a>&nbsp;&nbsp;&nbsp;_printf_fp_dec
</UL>

<P><STRONG><a name="[b9]"></a>_printf_a</STRONG> (Thumb, 0 bytes, Stack size unknown bytes, _printf_a.o(.ARM.Collect$$_printf_percent$$00000006))
<BR><BR>[Stack]<UL><LI>Max Depth = 112 + Unknown Stack Size
<LI>Call Chain = _printf_a &rArr; _printf_fp_hex &rArr; _printf_fp_hex_real &rArr; _printf_fp_infnan &rArr; _printf_post_padding
</UL>
<BR>[Calls]<UL><LI><a href="#[ba]">&gt;&gt;</a>&nbsp;&nbsp;&nbsp;_printf_fp_hex
</UL>

<P><STRONG><a name="[1f2]"></a>_printf_ll</STRONG> (Thumb, 0 bytes, Stack size unknown bytes, _printf_ll.o(.ARM.Collect$$_printf_percent$$00000007))

<P><STRONG><a name="[bb]"></a>_printf_i</STRONG> (Thumb, 0 bytes, Stack size unknown bytes, _printf_i.o(.ARM.Collect$$_printf_percent$$00000008))
<BR><BR>[Stack]<UL><LI>Max Depth = 72 + Unknown Stack Size
<LI>Call Chain = _printf_i &rArr; _printf_int_dec &rArr; _printf_int_common &rArr; _printf_post_padding
</UL>
<BR>[Calls]<UL><LI><a href="#[bc]">&gt;&gt;</a>&nbsp;&nbsp;&nbsp;_printf_int_dec
</UL>

<P><STRONG><a name="[bd]"></a>_printf_d</STRONG> (Thumb, 0 bytes, Stack size unknown bytes, _printf_d.o(.ARM.Collect$$_printf_percent$$00000009))
<BR><BR>[Stack]<UL><LI>Max Depth = 72 + Unknown Stack Size
<LI>Call Chain = _printf_d &rArr; _printf_int_dec &rArr; _printf_int_common &rArr; _printf_post_padding
</UL>
<BR>[Calls]<UL><LI><a href="#[bc]">&gt;&gt;</a>&nbsp;&nbsp;&nbsp;_printf_int_dec
</UL>

<P><STRONG><a name="[be]"></a>_printf_u</STRONG> (Thumb, 0 bytes, Stack size unknown bytes, _printf_u.o(.ARM.Collect$$_printf_percent$$0000000A))
<BR><BR>[Stack]<UL><LI>Max Depth = 72 + Unknown Stack Size
<LI>Call Chain = _printf_u &rArr; _printf_int_dec &rArr; _printf_int_common &rArr; _printf_post_padding
</UL>
<BR>[Calls]<UL><LI><a href="#[bc]">&gt;&gt;</a>&nbsp;&nbsp;&nbsp;_printf_int_dec
</UL>

<P><STRONG><a name="[bf]"></a>_printf_o</STRONG> (Thumb, 0 bytes, Stack size unknown bytes, _printf_o.o(.ARM.Collect$$_printf_percent$$0000000B))
<BR><BR>[Stack]<UL><LI>Max Depth = 64 + Unknown Stack Size
<LI>Call Chain = _printf_o &rArr; _printf_int_oct &rArr; _printf_longlong_oct &rArr; _printf_int_common &rArr; _printf_post_padding
</UL>
<BR>[Calls]<UL><LI><a href="#[c0]">&gt;&gt;</a>&nbsp;&nbsp;&nbsp;_printf_int_oct
</UL>

<P><STRONG><a name="[c1]"></a>_printf_x</STRONG> (Thumb, 0 bytes, Stack size unknown bytes, _printf_x.o(.ARM.Collect$$_printf_percent$$0000000C))
<BR><BR>[Stack]<UL><LI>Max Depth = 80 + Unknown Stack Size
<LI>Call Chain = _printf_x &rArr; _printf_int_hex &rArr; _printf_longlong_hex &rArr; _printf_int_common &rArr; _printf_post_padding
</UL>
<BR>[Calls]<UL><LI><a href="#[c2]">&gt;&gt;</a>&nbsp;&nbsp;&nbsp;_printf_int_hex
</UL>

<P><STRONG><a name="[c3]"></a>_printf_lli</STRONG> (Thumb, 0 bytes, Stack size unknown bytes, _printf_lli.o(.ARM.Collect$$_printf_percent$$0000000D))
<BR><BR>[Stack]<UL><LI>Max Depth = 72 + Unknown Stack Size
<LI>Call Chain = _printf_lli &rArr; _printf_longlong_dec &rArr; _printf_int_common &rArr; _printf_post_padding
</UL>
<BR>[Calls]<UL><LI><a href="#[c4]">&gt;&gt;</a>&nbsp;&nbsp;&nbsp;_printf_longlong_dec
</UL>

<P><STRONG><a name="[c5]"></a>_printf_lld</STRONG> (Thumb, 0 bytes, Stack size unknown bytes, _printf_lld.o(.ARM.Collect$$_printf_percent$$0000000E))
<BR><BR>[Stack]<UL><LI>Max Depth = 72 + Unknown Stack Size
<LI>Call Chain = _printf_lld &rArr; _printf_longlong_dec &rArr; _printf_int_common &rArr; _printf_post_padding
</UL>
<BR>[Calls]<UL><LI><a href="#[c4]">&gt;&gt;</a>&nbsp;&nbsp;&nbsp;_printf_longlong_dec
</UL>

<P><STRONG><a name="[c6]"></a>_printf_llu</STRONG> (Thumb, 0 bytes, Stack size unknown bytes, _printf_llu.o(.ARM.Collect$$_printf_percent$$0000000F))
<BR><BR>[Stack]<UL><LI>Max Depth = 72 + Unknown Stack Size
<LI>Call Chain = _printf_llu &rArr; _printf_longlong_dec &rArr; _printf_int_common &rArr; _printf_post_padding
</UL>
<BR>[Calls]<UL><LI><a href="#[c4]">&gt;&gt;</a>&nbsp;&nbsp;&nbsp;_printf_longlong_dec
</UL>

<P><STRONG><a name="[c7]"></a>_printf_llo</STRONG> (Thumb, 0 bytes, Stack size unknown bytes, _printf_llo.o(.ARM.Collect$$_printf_percent$$00000010))
<BR><BR>[Stack]<UL><LI>Max Depth = 56 + Unknown Stack Size
<LI>Call Chain = _printf_llo &rArr; _printf_ll_oct &rArr; _printf_longlong_oct &rArr; _printf_int_common &rArr; _printf_post_padding
</UL>
<BR>[Calls]<UL><LI><a href="#[c8]">&gt;&gt;</a>&nbsp;&nbsp;&nbsp;_printf_ll_oct
</UL>

<P><STRONG><a name="[c9]"></a>_printf_llx</STRONG> (Thumb, 0 bytes, Stack size unknown bytes, _printf_llx.o(.ARM.Collect$$_printf_percent$$00000011))
<BR><BR>[Stack]<UL><LI>Max Depth = 64 + Unknown Stack Size
<LI>Call Chain = _printf_llx &rArr; _printf_ll_hex &rArr; _printf_longlong_hex &rArr; _printf_int_common &rArr; _printf_post_padding
</UL>
<BR>[Calls]<UL><LI><a href="#[ca]">&gt;&gt;</a>&nbsp;&nbsp;&nbsp;_printf_ll_hex
</UL>

<P><STRONG><a name="[1f3]"></a>_printf_l</STRONG> (Thumb, 0 bytes, Stack size unknown bytes, _printf_l.o(.ARM.Collect$$_printf_percent$$00000012))

<P><STRONG><a name="[cb]"></a>_printf_c</STRONG> (Thumb, 0 bytes, Stack size unknown bytes, _printf_c.o(.ARM.Collect$$_printf_percent$$00000013))
<BR><BR>[Stack]<UL><LI>Max Depth = 40 + Unknown Stack Size
<LI>Call Chain = _printf_c &rArr; _printf_char &rArr; _printf_cs_common &rArr; _printf_str &rArr; _printf_post_padding
</UL>
<BR>[Calls]<UL><LI><a href="#[cc]">&gt;&gt;</a>&nbsp;&nbsp;&nbsp;_printf_char
</UL>

<P><STRONG><a name="[cd]"></a>_printf_s</STRONG> (Thumb, 0 bytes, Stack size unknown bytes, _printf_s.o(.ARM.Collect$$_printf_percent$$00000014))
<BR><BR>[Stack]<UL><LI>Max Depth = 40 + Unknown Stack Size
<LI>Call Chain = _printf_s &rArr; _printf_string &rArr; _printf_cs_common &rArr; _printf_str &rArr; _printf_post_padding
</UL>
<BR>[Calls]<UL><LI><a href="#[ce]">&gt;&gt;</a>&nbsp;&nbsp;&nbsp;_printf_string
</UL>

<P><STRONG><a name="[cf]"></a>_printf_lc</STRONG> (Thumb, 0 bytes, Stack size unknown bytes, _printf_lc.o(.ARM.Collect$$_printf_percent$$00000015))
<BR><BR>[Stack]<UL><LI>Max Depth = 88 + Unknown Stack Size
<LI>Call Chain = _printf_lc &rArr; _printf_wchar &rArr; _printf_lcs_common &rArr; _printf_wctomb &rArr; _wcrtomb &rArr; __rt_ctype_table
</UL>
<BR>[Calls]<UL><LI><a href="#[d0]">&gt;&gt;</a>&nbsp;&nbsp;&nbsp;_printf_wchar
</UL>

<P><STRONG><a name="[d1]"></a>_printf_ls</STRONG> (Thumb, 0 bytes, Stack size unknown bytes, _printf_ls.o(.ARM.Collect$$_printf_percent$$00000016))
<BR><BR>[Stack]<UL><LI>Max Depth = 88 + Unknown Stack Size
<LI>Call Chain = _printf_ls &rArr; _printf_wstring &rArr; _printf_lcs_common &rArr; _printf_wctomb &rArr; _wcrtomb &rArr; __rt_ctype_table
</UL>
<BR>[Calls]<UL><LI><a href="#[d2]">&gt;&gt;</a>&nbsp;&nbsp;&nbsp;_printf_wstring
</UL>

<P><STRONG><a name="[1f4]"></a>_printf_percent_end</STRONG> (Thumb, 0 bytes, Stack size unknown bytes, _printf_percent_end.o(.ARM.Collect$$_printf_percent$$00000017))

<P><STRONG><a name="[dd]"></a>__rt_lib_init</STRONG> (Thumb, 0 bytes, Stack size unknown bytes, libinit.o(.ARM.Collect$$libinit$$00000000))
<BR><BR>[Called By]<UL><LI><a href="#[dc]">&gt;&gt;</a>&nbsp;&nbsp;&nbsp;__rt_entry_li
</UL>

<P><STRONG><a name="[d3]"></a>__rt_lib_init_fp_1</STRONG> (Thumb, 0 bytes, Stack size unknown bytes, libinit2.o(.ARM.Collect$$libinit$$00000001))
<BR><BR>[Calls]<UL><LI><a href="#[d4]">&gt;&gt;</a>&nbsp;&nbsp;&nbsp;_fp_init
</UL>

<P><STRONG><a name="[1f5]"></a>__rt_lib_init_heap_1</STRONG> (Thumb, 0 bytes, Stack size unknown bytes, libinit2.o(.ARM.Collect$$libinit$$0000000A))

<P><STRONG><a name="[d5]"></a>__rt_lib_init_lc_common</STRONG> (Thumb, 0 bytes, Stack size unknown bytes, libinit2.o(.ARM.Collect$$libinit$$0000000F))
<BR><BR>[Calls]<UL><LI><a href="#[d6]">&gt;&gt;</a>&nbsp;&nbsp;&nbsp;__rt_locale
</UL>

<P><STRONG><a name="[1f6]"></a>__rt_lib_init_preinit_1</STRONG> (Thumb, 0 bytes, Stack size unknown bytes, libinit2.o(.ARM.Collect$$libinit$$00000004))

<P><STRONG><a name="[1f7]"></a>__rt_lib_init_rand_1</STRONG> (Thumb, 0 bytes, Stack size unknown bytes, libinit2.o(.ARM.Collect$$libinit$$0000000E))

<P><STRONG><a name="[1f8]"></a>__rt_lib_init_user_alloc_1</STRONG> (Thumb, 0 bytes, Stack size unknown bytes, libinit2.o(.ARM.Collect$$libinit$$0000000C))

<P><STRONG><a name="[1f9]"></a>__rt_lib_init_lc_collate_1</STRONG> (Thumb, 0 bytes, Stack size unknown bytes, libinit2.o(.ARM.Collect$$libinit$$00000011))

<P><STRONG><a name="[d7]"></a>__rt_lib_init_lc_ctype_2</STRONG> (Thumb, 0 bytes, Stack size unknown bytes, libinit2.o(.ARM.Collect$$libinit$$00000012))
<BR><BR>[Stack]<UL><LI>Max Depth = 8 + Unknown Stack Size
<LI>Call Chain = __rt_lib_init_lc_ctype_2 &rArr; _get_lc_ctype
</UL>
<BR>[Calls]<UL><LI><a href="#[9c]">&gt;&gt;</a>&nbsp;&nbsp;&nbsp;_get_lc_ctype
</UL>

<P><STRONG><a name="[1fa]"></a>__rt_lib_init_lc_ctype_1</STRONG> (Thumb, 0 bytes, Stack size unknown bytes, libinit2.o(.ARM.Collect$$libinit$$00000013))

<P><STRONG><a name="[1fb]"></a>__rt_lib_init_lc_monetary_1</STRONG> (Thumb, 0 bytes, Stack size unknown bytes, libinit2.o(.ARM.Collect$$libinit$$00000015))

<P><STRONG><a name="[d8]"></a>__rt_lib_init_lc_numeric_2</STRONG> (Thumb, 0 bytes, Stack size unknown bytes, libinit2.o(.ARM.Collect$$libinit$$00000016))
<BR><BR>[Stack]<UL><LI>Max Depth = 8 + Unknown Stack Size
<LI>Call Chain = __rt_lib_init_lc_numeric_2 &rArr; _get_lc_numeric
</UL>
<BR>[Calls]<UL><LI><a href="#[d9]">&gt;&gt;</a>&nbsp;&nbsp;&nbsp;_get_lc_numeric
</UL>

<P><STRONG><a name="[1fc]"></a>__rt_lib_init_alloca_1</STRONG> (Thumb, 0 bytes, Stack size unknown bytes, libinit2.o(.ARM.Collect$$libinit$$0000002E))

<P><STRONG><a name="[1fd]"></a>__rt_lib_init_argv_1</STRONG> (Thumb, 0 bytes, Stack size unknown bytes, libinit2.o(.ARM.Collect$$libinit$$0000002C))

<P><STRONG><a name="[1fe]"></a>__rt_lib_init_atexit_1</STRONG> (Thumb, 0 bytes, Stack size unknown bytes, libinit2.o(.ARM.Collect$$libinit$$0000001B))

<P><STRONG><a name="[1ff]"></a>__rt_lib_init_clock_1</STRONG> (Thumb, 0 bytes, Stack size unknown bytes, libinit2.o(.ARM.Collect$$libinit$$00000021))

<P><STRONG><a name="[200]"></a>__rt_lib_init_cpp_1</STRONG> (Thumb, 0 bytes, Stack size unknown bytes, libinit2.o(.ARM.Collect$$libinit$$00000032))

<P><STRONG><a name="[201]"></a>__rt_lib_init_exceptions_1</STRONG> (Thumb, 0 bytes, Stack size unknown bytes, libinit2.o(.ARM.Collect$$libinit$$00000030))

<P><STRONG><a name="[202]"></a>__rt_lib_init_fp_trap_1</STRONG> (Thumb, 0 bytes, Stack size unknown bytes, libinit2.o(.ARM.Collect$$libinit$$0000001F))

<P><STRONG><a name="[203]"></a>__rt_lib_init_getenv_1</STRONG> (Thumb, 0 bytes, Stack size unknown bytes, libinit2.o(.ARM.Collect$$libinit$$00000023))

<P><STRONG><a name="[204]"></a>__rt_lib_init_lc_numeric_1</STRONG> (Thumb, 0 bytes, Stack size unknown bytes, libinit2.o(.ARM.Collect$$libinit$$00000017))

<P><STRONG><a name="[205]"></a>__rt_lib_init_lc_time_1</STRONG> (Thumb, 0 bytes, Stack size unknown bytes, libinit2.o(.ARM.Collect$$libinit$$00000019))

<P><STRONG><a name="[206]"></a>__rt_lib_init_return</STRONG> (Thumb, 0 bytes, Stack size unknown bytes, libinit2.o(.ARM.Collect$$libinit$$00000033))

<P><STRONG><a name="[207]"></a>__rt_lib_init_signal_1</STRONG> (Thumb, 0 bytes, Stack size unknown bytes, libinit2.o(.ARM.Collect$$libinit$$0000001D))

<P><STRONG><a name="[208]"></a>__rt_lib_init_stdio_1</STRONG> (Thumb, 0 bytes, Stack size unknown bytes, libinit2.o(.ARM.Collect$$libinit$$00000025))

<P><STRONG><a name="[e2]"></a>__rt_lib_shutdown</STRONG> (Thumb, 0 bytes, Stack size unknown bytes, libshutdown.o(.ARM.Collect$$libshutdown$$00000000))
<BR><BR>[Called By]<UL><LI><a href="#[e1]">&gt;&gt;</a>&nbsp;&nbsp;&nbsp;__rt_exit_ls
</UL>

<P><STRONG><a name="[209]"></a>__rt_lib_shutdown_cpp_1</STRONG> (Thumb, 0 bytes, Stack size unknown bytes, libshutdown2.o(.ARM.Collect$$libshutdown$$00000004))

<P><STRONG><a name="[20a]"></a>__rt_lib_shutdown_fini_1</STRONG> (Thumb, 0 bytes, Stack size unknown bytes, libshutdown2.o(.ARM.Collect$$libshutdown$$00000002))

<P><STRONG><a name="[20b]"></a>__rt_lib_shutdown_fp_trap_1</STRONG> (Thumb, 0 bytes, Stack size unknown bytes, libshutdown2.o(.ARM.Collect$$libshutdown$$00000009))

<P><STRONG><a name="[20c]"></a>__rt_lib_shutdown_heap_1</STRONG> (Thumb, 0 bytes, Stack size unknown bytes, libshutdown2.o(.ARM.Collect$$libshutdown$$00000011))

<P><STRONG><a name="[20d]"></a>__rt_lib_shutdown_return</STRONG> (Thumb, 0 bytes, Stack size unknown bytes, libshutdown2.o(.ARM.Collect$$libshutdown$$00000012))

<P><STRONG><a name="[20e]"></a>__rt_lib_shutdown_signal_1</STRONG> (Thumb, 0 bytes, Stack size unknown bytes, libshutdown2.o(.ARM.Collect$$libshutdown$$0000000C))

<P><STRONG><a name="[20f]"></a>__rt_lib_shutdown_stdio_1</STRONG> (Thumb, 0 bytes, Stack size unknown bytes, libshutdown2.o(.ARM.Collect$$libshutdown$$00000006))

<P><STRONG><a name="[210]"></a>__rt_lib_shutdown_user_alloc_1</STRONG> (Thumb, 0 bytes, Stack size unknown bytes, libshutdown2.o(.ARM.Collect$$libshutdown$$0000000E))

<P><STRONG><a name="[ae]"></a>__rt_entry</STRONG> (Thumb, 0 bytes, Stack size unknown bytes, __rtentry.o(.ARM.Collect$$rtentry$$00000000))
<BR><BR>[Called By]<UL><LI><a href="#[ac]">&gt;&gt;</a>&nbsp;&nbsp;&nbsp;__main
<LI><a href="#[af]">&gt;&gt;</a>&nbsp;&nbsp;&nbsp;__scatterload_rt2
</UL>

<P><STRONG><a name="[211]"></a>__rt_entry_presh_1</STRONG> (Thumb, 0 bytes, Stack size unknown bytes, __rtentry2.o(.ARM.Collect$$rtentry$$00000002))

<P><STRONG><a name="[da]"></a>__rt_entry_sh</STRONG> (Thumb, 0 bytes, Stack size unknown bytes, __rtentry4.o(.ARM.Collect$$rtentry$$00000004))
<BR><BR>[Stack]<UL><LI>Max Depth = 8 + Unknown Stack Size
<LI>Call Chain = __rt_entry_sh &rArr; __user_setup_stackheap
</UL>
<BR>[Calls]<UL><LI><a href="#[db]">&gt;&gt;</a>&nbsp;&nbsp;&nbsp;__user_setup_stackheap
</UL>

<P><STRONG><a name="[dc]"></a>__rt_entry_li</STRONG> (Thumb, 0 bytes, Stack size unknown bytes, __rtentry2.o(.ARM.Collect$$rtentry$$0000000A))
<BR><BR>[Calls]<UL><LI><a href="#[dd]">&gt;&gt;</a>&nbsp;&nbsp;&nbsp;__rt_lib_init
</UL>

<P><STRONG><a name="[212]"></a>__rt_entry_postsh_1</STRONG> (Thumb, 0 bytes, Stack size unknown bytes, __rtentry2.o(.ARM.Collect$$rtentry$$00000009))

<P><STRONG><a name="[de]"></a>__rt_entry_main</STRONG> (Thumb, 0 bytes, Stack size unknown bytes, __rtentry2.o(.ARM.Collect$$rtentry$$0000000D))
<BR><BR>[Stack]<UL><LI>Max Depth = 288 + Unknown Stack Size
<LI>Call Chain = __rt_entry_main &rArr; main &rArr; rtthread_startup &rArr; rt_hw_board_init &rArr; SystemClock_Config &rArr; HAL_RCC_ClockConfig &rArr; HAL_InitTick &rArr; HAL_NVIC_SetPriority &rArr; __NVIC_SetPriority
</UL>
<BR>[Calls]<UL><LI><a href="#[e0]">&gt;&gt;</a>&nbsp;&nbsp;&nbsp;exit
<LI><a href="#[df]">&gt;&gt;</a>&nbsp;&nbsp;&nbsp;main
</UL>

<P><STRONG><a name="[213]"></a>__rt_entry_postli_1</STRONG> (Thumb, 0 bytes, Stack size unknown bytes, __rtentry2.o(.ARM.Collect$$rtentry$$0000000C))

<P><STRONG><a name="[105]"></a>__rt_exit</STRONG> (Thumb, 0 bytes, Stack size unknown bytes, rtexit.o(.ARM.Collect$$rtexit$$00000000))
<BR><BR>[Called By]<UL><LI><a href="#[e0]">&gt;&gt;</a>&nbsp;&nbsp;&nbsp;exit
</UL>

<P><STRONG><a name="[e1]"></a>__rt_exit_ls</STRONG> (Thumb, 0 bytes, Stack size unknown bytes, rtexit2.o(.ARM.Collect$$rtexit$$00000003))
<BR><BR>[Calls]<UL><LI><a href="#[e2]">&gt;&gt;</a>&nbsp;&nbsp;&nbsp;__rt_lib_shutdown
</UL>

<P><STRONG><a name="[214]"></a>__rt_exit_prels_1</STRONG> (Thumb, 0 bytes, Stack size unknown bytes, rtexit2.o(.ARM.Collect$$rtexit$$00000002))

<P><STRONG><a name="[e3]"></a>__rt_exit_exit</STRONG> (Thumb, 0 bytes, Stack size unknown bytes, rtexit2.o(.ARM.Collect$$rtexit$$00000004))
<BR><BR>[Calls]<UL><LI><a href="#[e4]">&gt;&gt;</a>&nbsp;&nbsp;&nbsp;_sys_exit
</UL>

<P><STRONG><a name="[4]"></a>Reset_Handler</STRONG> (Thumb, 8 bytes, Stack size 0 bytes, startup_stm32h723xx.o(.text))
<BR>[Address Reference Count : 1]<UL><LI> startup_stm32h723xx.o(RESET)
</UL>
<P><STRONG><a name="[a]"></a>SVC_Handler</STRONG> (Thumb, 2 bytes, Stack size 0 bytes, startup_stm32h723xx.o(.text))
<BR><BR>[Calls]<UL><LI><a href="#[a]">&gt;&gt;</a>&nbsp;&nbsp;&nbsp;SVC_Handler
</UL>
<BR>[Called By]<UL><LI><a href="#[a]">&gt;&gt;</a>&nbsp;&nbsp;&nbsp;SVC_Handler
</UL>
<BR>[Address Reference Count : 1]<UL><LI> startup_stm32h723xx.o(RESET)
</UL>
<P><STRONG><a name="[77]"></a>ADC3_IRQHandler</STRONG> (Thumb, 0 bytes, Stack size 0 bytes, startup_stm32h723xx.o(.text))
<BR><BR>[Calls]<UL><LI><a href="#[77]">&gt;&gt;</a>&nbsp;&nbsp;&nbsp;ADC3_IRQHandler
</UL>
<BR>[Called By]<UL><LI><a href="#[77]">&gt;&gt;</a>&nbsp;&nbsp;&nbsp;ADC3_IRQHandler
</UL>
<BR>[Address Reference Count : 1]<UL><LI> startup_stm32h723xx.o(RESET)
</UL>
<P><STRONG><a name="[20]"></a>ADC_IRQHandler</STRONG> (Thumb, 0 bytes, Stack size 0 bytes, startup_stm32h723xx.o(.text))
<BR>[Address Reference Count : 1]<UL><LI> startup_stm32h723xx.o(RESET)
</UL>
<P><STRONG><a name="[79]"></a>BDMA_Channel0_IRQHandler</STRONG> (Thumb, 0 bytes, Stack size 0 bytes, startup_stm32h723xx.o(.text))
<BR>[Address Reference Count : 1]<UL><LI> startup_stm32h723xx.o(RESET)
</UL>
<P><STRONG><a name="[7a]"></a>BDMA_Channel1_IRQHandler</STRONG> (Thumb, 0 bytes, Stack size 0 bytes, startup_stm32h723xx.o(.text))
<BR>[Address Reference Count : 1]<UL><LI> startup_stm32h723xx.o(RESET)
</UL>
<P><STRONG><a name="[7b]"></a>BDMA_Channel2_IRQHandler</STRONG> (Thumb, 0 bytes, Stack size 0 bytes, startup_stm32h723xx.o(.text))
<BR>[Address Reference Count : 1]<UL><LI> startup_stm32h723xx.o(RESET)
</UL>
<P><STRONG><a name="[7c]"></a>BDMA_Channel3_IRQHandler</STRONG> (Thumb, 0 bytes, Stack size 0 bytes, startup_stm32h723xx.o(.text))
<BR>[Address Reference Count : 1]<UL><LI> startup_stm32h723xx.o(RESET)
</UL>
<P><STRONG><a name="[7d]"></a>BDMA_Channel4_IRQHandler</STRONG> (Thumb, 0 bytes, Stack size 0 bytes, startup_stm32h723xx.o(.text))
<BR>[Address Reference Count : 1]<UL><LI> startup_stm32h723xx.o(RESET)
</UL>
<P><STRONG><a name="[7e]"></a>BDMA_Channel5_IRQHandler</STRONG> (Thumb, 0 bytes, Stack size 0 bytes, startup_stm32h723xx.o(.text))
<BR>[Address Reference Count : 1]<UL><LI> startup_stm32h723xx.o(RESET)
</UL>
<P><STRONG><a name="[7f]"></a>BDMA_Channel6_IRQHandler</STRONG> (Thumb, 0 bytes, Stack size 0 bytes, startup_stm32h723xx.o(.text))
<BR>[Address Reference Count : 1]<UL><LI> startup_stm32h723xx.o(RESET)
</UL>
<P><STRONG><a name="[80]"></a>BDMA_Channel7_IRQHandler</STRONG> (Thumb, 0 bytes, Stack size 0 bytes, startup_stm32h723xx.o(.text))
<BR>[Address Reference Count : 1]<UL><LI> startup_stm32h723xx.o(RESET)
</UL>
<P><STRONG><a name="[65]"></a>CEC_IRQHandler</STRONG> (Thumb, 0 bytes, Stack size 0 bytes, startup_stm32h723xx.o(.text))
<BR>[Address Reference Count : 1]<UL><LI> startup_stm32h723xx.o(RESET)
</UL>
<P><STRONG><a name="[81]"></a>COMP1_IRQHandler</STRONG> (Thumb, 0 bytes, Stack size 0 bytes, startup_stm32h723xx.o(.text))
<BR>[Address Reference Count : 1]<UL><LI> startup_stm32h723xx.o(RESET)
</UL>
<P><STRONG><a name="[8e]"></a>CORDIC_IRQHandler</STRONG> (Thumb, 0 bytes, Stack size 0 bytes, startup_stm32h723xx.o(.text))
<BR>[Address Reference Count : 1]<UL><LI> startup_stm32h723xx.o(RESET)
</UL>
<P><STRONG><a name="[87]"></a>CRS_IRQHandler</STRONG> (Thumb, 0 bytes, Stack size 0 bytes, startup_stm32h723xx.o(.text))
<BR>[Address Reference Count : 1]<UL><LI> startup_stm32h723xx.o(RESET)
</UL>
<P><STRONG><a name="[57]"></a>DCMI_PSSI_IRQHandler</STRONG> (Thumb, 0 bytes, Stack size 0 bytes, startup_stm32h723xx.o(.text))
<BR>[Address Reference Count : 1]<UL><LI> startup_stm32h723xx.o(RESET)
</UL>
<P><STRONG><a name="[6a]"></a>DFSDM1_FLT0_IRQHandler</STRONG> (Thumb, 0 bytes, Stack size 0 bytes, startup_stm32h723xx.o(.text))
<BR>[Address Reference Count : 1]<UL><LI> startup_stm32h723xx.o(RESET)
</UL>
<P><STRONG><a name="[6b]"></a>DFSDM1_FLT1_IRQHandler</STRONG> (Thumb, 0 bytes, Stack size 0 bytes, startup_stm32h723xx.o(.text))
<BR>[Address Reference Count : 1]<UL><LI> startup_stm32h723xx.o(RESET)
</UL>
<P><STRONG><a name="[6c]"></a>DFSDM1_FLT2_IRQHandler</STRONG> (Thumb, 0 bytes, Stack size 0 bytes, startup_stm32h723xx.o(.text))
<BR>[Address Reference Count : 1]<UL><LI> startup_stm32h723xx.o(RESET)
</UL>
<P><STRONG><a name="[6d]"></a>DFSDM1_FLT3_IRQHandler</STRONG> (Thumb, 0 bytes, Stack size 0 bytes, startup_stm32h723xx.o(.text))
<BR>[Address Reference Count : 1]<UL><LI> startup_stm32h723xx.o(RESET)
</UL>
<P><STRONG><a name="[1a]"></a>DMA1_Stream1_IRQHandler</STRONG> (Thumb, 0 bytes, Stack size 0 bytes, startup_stm32h723xx.o(.text))
<BR>[Address Reference Count : 1]<UL><LI> startup_stm32h723xx.o(RESET)
</UL>
<P><STRONG><a name="[1b]"></a>DMA1_Stream2_IRQHandler</STRONG> (Thumb, 0 bytes, Stack size 0 bytes, startup_stm32h723xx.o(.text))
<BR>[Address Reference Count : 1]<UL><LI> startup_stm32h723xx.o(RESET)
</UL>
<P><STRONG><a name="[1c]"></a>DMA1_Stream3_IRQHandler</STRONG> (Thumb, 0 bytes, Stack size 0 bytes, startup_stm32h723xx.o(.text))
<BR>[Address Reference Count : 1]<UL><LI> startup_stm32h723xx.o(RESET)
</UL>
<P><STRONG><a name="[1d]"></a>DMA1_Stream4_IRQHandler</STRONG> (Thumb, 0 bytes, Stack size 0 bytes, startup_stm32h723xx.o(.text))
<BR>[Address Reference Count : 1]<UL><LI> startup_stm32h723xx.o(RESET)
</UL>
<P><STRONG><a name="[1e]"></a>DMA1_Stream5_IRQHandler</STRONG> (Thumb, 0 bytes, Stack size 0 bytes, startup_stm32h723xx.o(.text))
<BR>[Address Reference Count : 1]<UL><LI> startup_stm32h723xx.o(RESET)
</UL>
<P><STRONG><a name="[1f]"></a>DMA1_Stream6_IRQHandler</STRONG> (Thumb, 0 bytes, Stack size 0 bytes, startup_stm32h723xx.o(.text))
<BR>[Address Reference Count : 1]<UL><LI> startup_stm32h723xx.o(RESET)
</UL>
<P><STRONG><a name="[3c]"></a>DMA1_Stream7_IRQHandler</STRONG> (Thumb, 0 bytes, Stack size 0 bytes, startup_stm32h723xx.o(.text))
<BR>[Address Reference Count : 1]<UL><LI> startup_stm32h723xx.o(RESET)
</UL>
<P><STRONG><a name="[62]"></a>DMA2D_IRQHandler</STRONG> (Thumb, 0 bytes, Stack size 0 bytes, startup_stm32h723xx.o(.text))
<BR>[Address Reference Count : 1]<UL><LI> startup_stm32h723xx.o(RESET)
</UL>
<P><STRONG><a name="[45]"></a>DMA2_Stream0_IRQHandler</STRONG> (Thumb, 0 bytes, Stack size 0 bytes, startup_stm32h723xx.o(.text))
<BR>[Address Reference Count : 1]<UL><LI> startup_stm32h723xx.o(RESET)
</UL>
<P><STRONG><a name="[46]"></a>DMA2_Stream1_IRQHandler</STRONG> (Thumb, 0 bytes, Stack size 0 bytes, startup_stm32h723xx.o(.text))
<BR>[Address Reference Count : 1]<UL><LI> startup_stm32h723xx.o(RESET)
</UL>
<P><STRONG><a name="[47]"></a>DMA2_Stream2_IRQHandler</STRONG> (Thumb, 0 bytes, Stack size 0 bytes, startup_stm32h723xx.o(.text))
<BR>[Address Reference Count : 1]<UL><LI> startup_stm32h723xx.o(RESET)
</UL>
<P><STRONG><a name="[48]"></a>DMA2_Stream3_IRQHandler</STRONG> (Thumb, 0 bytes, Stack size 0 bytes, startup_stm32h723xx.o(.text))
<BR>[Address Reference Count : 1]<UL><LI> startup_stm32h723xx.o(RESET)
</UL>
<P><STRONG><a name="[49]"></a>DMA2_Stream4_IRQHandler</STRONG> (Thumb, 0 bytes, Stack size 0 bytes, startup_stm32h723xx.o(.text))
<BR>[Address Reference Count : 1]<UL><LI> startup_stm32h723xx.o(RESET)
</UL>
<P><STRONG><a name="[4d]"></a>DMA2_Stream5_IRQHandler</STRONG> (Thumb, 0 bytes, Stack size 0 bytes, startup_stm32h723xx.o(.text))
<BR>[Address Reference Count : 1]<UL><LI> startup_stm32h723xx.o(RESET)
</UL>
<P><STRONG><a name="[4e]"></a>DMA2_Stream6_IRQHandler</STRONG> (Thumb, 0 bytes, Stack size 0 bytes, startup_stm32h723xx.o(.text))
<BR>[Address Reference Count : 1]<UL><LI> startup_stm32h723xx.o(RESET)
</UL>
<P><STRONG><a name="[4f]"></a>DMA2_Stream7_IRQHandler</STRONG> (Thumb, 0 bytes, Stack size 0 bytes, startup_stm32h723xx.o(.text))
<BR>[Address Reference Count : 1]<UL><LI> startup_stm32h723xx.o(RESET)
</UL>
<P><STRONG><a name="[69]"></a>DMAMUX1_OVR_IRQHandler</STRONG> (Thumb, 0 bytes, Stack size 0 bytes, startup_stm32h723xx.o(.text))
<BR>[Address Reference Count : 1]<UL><LI> startup_stm32h723xx.o(RESET)
</UL>
<P><STRONG><a name="[78]"></a>DMAMUX2_OVR_IRQHandler</STRONG> (Thumb, 0 bytes, Stack size 0 bytes, startup_stm32h723xx.o(.text))
<BR>[Address Reference Count : 1]<UL><LI> startup_stm32h723xx.o(RESET)
</UL>
<P><STRONG><a name="[8a]"></a>DTS_IRQHandler</STRONG> (Thumb, 0 bytes, Stack size 0 bytes, startup_stm32h723xx.o(.text))
<BR>[Address Reference Count : 1]<UL><LI> startup_stm32h723xx.o(RESET)
</UL>
<P><STRONG><a name="[88]"></a>ECC_IRQHandler</STRONG> (Thumb, 0 bytes, Stack size 0 bytes, startup_stm32h723xx.o(.text))
<BR>[Address Reference Count : 1]<UL><LI> startup_stm32h723xx.o(RESET)
</UL>
<P><STRONG><a name="[4a]"></a>ETH_IRQHandler</STRONG> (Thumb, 0 bytes, Stack size 0 bytes, startup_stm32h723xx.o(.text))
<BR>[Address Reference Count : 1]<UL><LI> startup_stm32h723xx.o(RESET)
</UL>
<P><STRONG><a name="[4b]"></a>ETH_WKUP_IRQHandler</STRONG> (Thumb, 0 bytes, Stack size 0 bytes, startup_stm32h723xx.o(.text))
<BR>[Address Reference Count : 1]<UL><LI> startup_stm32h723xx.o(RESET)
</UL>
<P><STRONG><a name="[15]"></a>EXTI1_IRQHandler</STRONG> (Thumb, 0 bytes, Stack size 0 bytes, startup_stm32h723xx.o(.text))
<BR>[Address Reference Count : 1]<UL><LI> startup_stm32h723xx.o(RESET)
</UL>
<P><STRONG><a name="[16]"></a>EXTI2_IRQHandler</STRONG> (Thumb, 0 bytes, Stack size 0 bytes, startup_stm32h723xx.o(.text))
<BR>[Address Reference Count : 1]<UL><LI> startup_stm32h723xx.o(RESET)
</UL>
<P><STRONG><a name="[18]"></a>EXTI4_IRQHandler</STRONG> (Thumb, 0 bytes, Stack size 0 bytes, startup_stm32h723xx.o(.text))
<BR>[Address Reference Count : 1]<UL><LI> startup_stm32h723xx.o(RESET)
</UL>
<P><STRONG><a name="[25]"></a>EXTI9_5_IRQHandler</STRONG> (Thumb, 0 bytes, Stack size 0 bytes, startup_stm32h723xx.o(.text))
<BR>[Address Reference Count : 1]<UL><LI> startup_stm32h723xx.o(RESET)
</UL>
<P><STRONG><a name="[21]"></a>FDCAN1_IT0_IRQHandler</STRONG> (Thumb, 0 bytes, Stack size 0 bytes, startup_stm32h723xx.o(.text))
<BR>[Address Reference Count : 1]<UL><LI> startup_stm32h723xx.o(RESET)
</UL>
<P><STRONG><a name="[23]"></a>FDCAN1_IT1_IRQHandler</STRONG> (Thumb, 0 bytes, Stack size 0 bytes, startup_stm32h723xx.o(.text))
<BR>[Address Reference Count : 1]<UL><LI> startup_stm32h723xx.o(RESET)
</UL>
<P><STRONG><a name="[22]"></a>FDCAN2_IT0_IRQHandler</STRONG> (Thumb, 0 bytes, Stack size 0 bytes, startup_stm32h723xx.o(.text))
<BR>[Address Reference Count : 1]<UL><LI> startup_stm32h723xx.o(RESET)
</UL>
<P><STRONG><a name="[24]"></a>FDCAN2_IT1_IRQHandler</STRONG> (Thumb, 0 bytes, Stack size 0 bytes, startup_stm32h723xx.o(.text))
<BR>[Address Reference Count : 1]<UL><LI> startup_stm32h723xx.o(RESET)
</UL>
<P><STRONG><a name="[93]"></a>FDCAN3_IT0_IRQHandler</STRONG> (Thumb, 0 bytes, Stack size 0 bytes, startup_stm32h723xx.o(.text))
<BR>[Address Reference Count : 1]<UL><LI> startup_stm32h723xx.o(RESET)
</UL>
<P><STRONG><a name="[94]"></a>FDCAN3_IT1_IRQHandler</STRONG> (Thumb, 0 bytes, Stack size 0 bytes, startup_stm32h723xx.o(.text))
<BR>[Address Reference Count : 1]<UL><LI> startup_stm32h723xx.o(RESET)
</UL>
<P><STRONG><a name="[4c]"></a>FDCAN_CAL_IRQHandler</STRONG> (Thumb, 0 bytes, Stack size 0 bytes, startup_stm32h723xx.o(.text))
<BR>[Address Reference Count : 1]<UL><LI> startup_stm32h723xx.o(RESET)
</UL>
<P><STRONG><a name="[12]"></a>FLASH_IRQHandler</STRONG> (Thumb, 0 bytes, Stack size 0 bytes, startup_stm32h723xx.o(.text))
<BR>[Address Reference Count : 1]<UL><LI> startup_stm32h723xx.o(RESET)
</UL>
<P><STRONG><a name="[8d]"></a>FMAC_IRQHandler</STRONG> (Thumb, 0 bytes, Stack size 0 bytes, startup_stm32h723xx.o(.text))
<BR>[Address Reference Count : 1]<UL><LI> startup_stm32h723xx.o(RESET)
</UL>
<P><STRONG><a name="[3d]"></a>FMC_IRQHandler</STRONG> (Thumb, 0 bytes, Stack size 0 bytes, startup_stm32h723xx.o(.text))
<BR>[Address Reference Count : 1]<UL><LI> startup_stm32h723xx.o(RESET)
</UL>
<P><STRONG><a name="[59]"></a>FPU_IRQHandler</STRONG> (Thumb, 0 bytes, Stack size 0 bytes, startup_stm32h723xx.o(.text))
<BR>[Address Reference Count : 1]<UL><LI> startup_stm32h723xx.o(RESET)
</UL>
<P><STRONG><a name="[76]"></a>HSEM1_IRQHandler</STRONG> (Thumb, 0 bytes, Stack size 0 bytes, startup_stm32h723xx.o(.text))
<BR>[Address Reference Count : 1]<UL><LI> startup_stm32h723xx.o(RESET)
</UL>
<P><STRONG><a name="[2e]"></a>I2C1_ER_IRQHandler</STRONG> (Thumb, 0 bytes, Stack size 0 bytes, startup_stm32h723xx.o(.text))
<BR>[Address Reference Count : 1]<UL><LI> startup_stm32h723xx.o(RESET)
</UL>
<P><STRONG><a name="[2d]"></a>I2C1_EV_IRQHandler</STRONG> (Thumb, 0 bytes, Stack size 0 bytes, startup_stm32h723xx.o(.text))
<BR>[Address Reference Count : 1]<UL><LI> startup_stm32h723xx.o(RESET)
</UL>
<P><STRONG><a name="[30]"></a>I2C2_ER_IRQHandler</STRONG> (Thumb, 0 bytes, Stack size 0 bytes, startup_stm32h723xx.o(.text))
<BR>[Address Reference Count : 1]<UL><LI> startup_stm32h723xx.o(RESET)
</UL>
<P><STRONG><a name="[2f]"></a>I2C2_EV_IRQHandler</STRONG> (Thumb, 0 bytes, Stack size 0 bytes, startup_stm32h723xx.o(.text))
<BR>[Address Reference Count : 1]<UL><LI> startup_stm32h723xx.o(RESET)
</UL>
<P><STRONG><a name="[52]"></a>I2C3_ER_IRQHandler</STRONG> (Thumb, 0 bytes, Stack size 0 bytes, startup_stm32h723xx.o(.text))
<BR>[Address Reference Count : 1]<UL><LI> startup_stm32h723xx.o(RESET)
</UL>
<P><STRONG><a name="[51]"></a>I2C3_EV_IRQHandler</STRONG> (Thumb, 0 bytes, Stack size 0 bytes, startup_stm32h723xx.o(.text))
<BR>[Address Reference Count : 1]<UL><LI> startup_stm32h723xx.o(RESET)
</UL>
<P><STRONG><a name="[67]"></a>I2C4_ER_IRQHandler</STRONG> (Thumb, 0 bytes, Stack size 0 bytes, startup_stm32h723xx.o(.text))
<BR>[Address Reference Count : 1]<UL><LI> startup_stm32h723xx.o(RESET)
</UL>
<P><STRONG><a name="[66]"></a>I2C4_EV_IRQHandler</STRONG> (Thumb, 0 bytes, Stack size 0 bytes, startup_stm32h723xx.o(.text))
<BR>[Address Reference Count : 1]<UL><LI> startup_stm32h723xx.o(RESET)
</UL>
<P><STRONG><a name="[92]"></a>I2C5_ER_IRQHandler</STRONG> (Thumb, 0 bytes, Stack size 0 bytes, startup_stm32h723xx.o(.text))
<BR>[Address Reference Count : 1]<UL><LI> startup_stm32h723xx.o(RESET)
</UL>
<P><STRONG><a name="[91]"></a>I2C5_EV_IRQHandler</STRONG> (Thumb, 0 bytes, Stack size 0 bytes, startup_stm32h723xx.o(.text))
<BR>[Address Reference Count : 1]<UL><LI> startup_stm32h723xx.o(RESET)
</UL>
<P><STRONG><a name="[64]"></a>LPTIM1_IRQHandler</STRONG> (Thumb, 0 bytes, Stack size 0 bytes, startup_stm32h723xx.o(.text))
<BR>[Address Reference Count : 1]<UL><LI> startup_stm32h723xx.o(RESET)
</UL>
<P><STRONG><a name="[82]"></a>LPTIM2_IRQHandler</STRONG> (Thumb, 0 bytes, Stack size 0 bytes, startup_stm32h723xx.o(.text))
<BR>[Address Reference Count : 1]<UL><LI> startup_stm32h723xx.o(RESET)
</UL>
<P><STRONG><a name="[83]"></a>LPTIM3_IRQHandler</STRONG> (Thumb, 0 bytes, Stack size 0 bytes, startup_stm32h723xx.o(.text))
<BR>[Address Reference Count : 1]<UL><LI> startup_stm32h723xx.o(RESET)
</UL>
<P><STRONG><a name="[84]"></a>LPTIM4_IRQHandler</STRONG> (Thumb, 0 bytes, Stack size 0 bytes, startup_stm32h723xx.o(.text))
<BR>[Address Reference Count : 1]<UL><LI> startup_stm32h723xx.o(RESET)
</UL>
<P><STRONG><a name="[85]"></a>LPTIM5_IRQHandler</STRONG> (Thumb, 0 bytes, Stack size 0 bytes, startup_stm32h723xx.o(.text))
<BR>[Address Reference Count : 1]<UL><LI> startup_stm32h723xx.o(RESET)
</UL>
<P><STRONG><a name="[86]"></a>LPUART1_IRQHandler</STRONG> (Thumb, 0 bytes, Stack size 0 bytes, startup_stm32h723xx.o(.text))
<BR>[Address Reference Count : 1]<UL><LI> startup_stm32h723xx.o(RESET)
</UL>
<P><STRONG><a name="[61]"></a>LTDC_ER_IRQHandler</STRONG> (Thumb, 0 bytes, Stack size 0 bytes, startup_stm32h723xx.o(.text))
<BR>[Address Reference Count : 1]<UL><LI> startup_stm32h723xx.o(RESET)
</UL>
<P><STRONG><a name="[60]"></a>LTDC_IRQHandler</STRONG> (Thumb, 0 bytes, Stack size 0 bytes, startup_stm32h723xx.o(.text))
<BR>[Address Reference Count : 1]<UL><LI> startup_stm32h723xx.o(RESET)
</UL>
<P><STRONG><a name="[73]"></a>MDIOS_IRQHandler</STRONG> (Thumb, 0 bytes, Stack size 0 bytes, startup_stm32h723xx.o(.text))
<BR>[Address Reference Count : 1]<UL><LI> startup_stm32h723xx.o(RESET)
</UL>
<P><STRONG><a name="[72]"></a>MDIOS_WKUP_IRQHandler</STRONG> (Thumb, 0 bytes, Stack size 0 bytes, startup_stm32h723xx.o(.text))
<BR>[Address Reference Count : 1]<UL><LI> startup_stm32h723xx.o(RESET)
</UL>
<P><STRONG><a name="[74]"></a>MDMA_IRQHandler</STRONG> (Thumb, 0 bytes, Stack size 0 bytes, startup_stm32h723xx.o(.text))
<BR>[Address Reference Count : 1]<UL><LI> startup_stm32h723xx.o(RESET)
</UL>
<P><STRONG><a name="[63]"></a>OCTOSPI1_IRQHandler</STRONG> (Thumb, 0 bytes, Stack size 0 bytes, startup_stm32h723xx.o(.text))
<BR>[Address Reference Count : 1]<UL><LI> startup_stm32h723xx.o(RESET)
</UL>
<P><STRONG><a name="[8c]"></a>OCTOSPI2_IRQHandler</STRONG> (Thumb, 0 bytes, Stack size 0 bytes, startup_stm32h723xx.o(.text))
<BR>[Address Reference Count : 1]<UL><LI> startup_stm32h723xx.o(RESET)
</UL>
<P><STRONG><a name="[54]"></a>OTG_HS_EP1_IN_IRQHandler</STRONG> (Thumb, 0 bytes, Stack size 0 bytes, startup_stm32h723xx.o(.text))
<BR>[Address Reference Count : 1]<UL><LI> startup_stm32h723xx.o(RESET)
</UL>
<P><STRONG><a name="[53]"></a>OTG_HS_EP1_OUT_IRQHandler</STRONG> (Thumb, 0 bytes, Stack size 0 bytes, startup_stm32h723xx.o(.text))
<BR>[Address Reference Count : 1]<UL><LI> startup_stm32h723xx.o(RESET)
</UL>
<P><STRONG><a name="[56]"></a>OTG_HS_IRQHandler</STRONG> (Thumb, 0 bytes, Stack size 0 bytes, startup_stm32h723xx.o(.text))
<BR>[Address Reference Count : 1]<UL><LI> startup_stm32h723xx.o(RESET)
</UL>
<P><STRONG><a name="[55]"></a>OTG_HS_WKUP_IRQHandler</STRONG> (Thumb, 0 bytes, Stack size 0 bytes, startup_stm32h723xx.o(.text))
<BR>[Address Reference Count : 1]<UL><LI> startup_stm32h723xx.o(RESET)
</UL>
<P><STRONG><a name="[f]"></a>PVD_AVD_IRQHandler</STRONG> (Thumb, 0 bytes, Stack size 0 bytes, startup_stm32h723xx.o(.text))
<BR>[Address Reference Count : 1]<UL><LI> startup_stm32h723xx.o(RESET)
</UL>
<P><STRONG><a name="[13]"></a>RCC_IRQHandler</STRONG> (Thumb, 0 bytes, Stack size 0 bytes, startup_stm32h723xx.o(.text))
<BR>[Address Reference Count : 1]<UL><LI> startup_stm32h723xx.o(RESET)
</UL>
<P><STRONG><a name="[58]"></a>RNG_IRQHandler</STRONG> (Thumb, 0 bytes, Stack size 0 bytes, startup_stm32h723xx.o(.text))
<BR>[Address Reference Count : 1]<UL><LI> startup_stm32h723xx.o(RESET)
</UL>
<P><STRONG><a name="[37]"></a>RTC_Alarm_IRQHandler</STRONG> (Thumb, 0 bytes, Stack size 0 bytes, startup_stm32h723xx.o(.text))
<BR>[Address Reference Count : 1]<UL><LI> startup_stm32h723xx.o(RESET)
</UL>
<P><STRONG><a name="[11]"></a>RTC_WKUP_IRQHandler</STRONG> (Thumb, 0 bytes, Stack size 0 bytes, startup_stm32h723xx.o(.text))
<BR>[Address Reference Count : 1]<UL><LI> startup_stm32h723xx.o(RESET)
</UL>
<P><STRONG><a name="[5f]"></a>SAI1_IRQHandler</STRONG> (Thumb, 0 bytes, Stack size 0 bytes, startup_stm32h723xx.o(.text))
<BR>[Address Reference Count : 1]<UL><LI> startup_stm32h723xx.o(RESET)
</UL>
<P><STRONG><a name="[89]"></a>SAI4_IRQHandler</STRONG> (Thumb, 0 bytes, Stack size 0 bytes, startup_stm32h723xx.o(.text))
<BR>[Address Reference Count : 1]<UL><LI> startup_stm32h723xx.o(RESET)
</UL>
<P><STRONG><a name="[3e]"></a>SDMMC1_IRQHandler</STRONG> (Thumb, 0 bytes, Stack size 0 bytes, startup_stm32h723xx.o(.text))
<BR>[Address Reference Count : 1]<UL><LI> startup_stm32h723xx.o(RESET)
</UL>
<P><STRONG><a name="[75]"></a>SDMMC2_IRQHandler</STRONG> (Thumb, 0 bytes, Stack size 0 bytes, startup_stm32h723xx.o(.text))
<BR>[Address Reference Count : 1]<UL><LI> startup_stm32h723xx.o(RESET)
</UL>
<P><STRONG><a name="[68]"></a>SPDIF_RX_IRQHandler</STRONG> (Thumb, 0 bytes, Stack size 0 bytes, startup_stm32h723xx.o(.text))
<BR>[Address Reference Count : 1]<UL><LI> startup_stm32h723xx.o(RESET)
</UL>
<P><STRONG><a name="[31]"></a>SPI1_IRQHandler</STRONG> (Thumb, 0 bytes, Stack size 0 bytes, startup_stm32h723xx.o(.text))
<BR>[Address Reference Count : 1]<UL><LI> startup_stm32h723xx.o(RESET)
</UL>
<P><STRONG><a name="[32]"></a>SPI2_IRQHandler</STRONG> (Thumb, 0 bytes, Stack size 0 bytes, startup_stm32h723xx.o(.text))
<BR>[Address Reference Count : 1]<UL><LI> startup_stm32h723xx.o(RESET)
</UL>
<P><STRONG><a name="[40]"></a>SPI3_IRQHandler</STRONG> (Thumb, 0 bytes, Stack size 0 bytes, startup_stm32h723xx.o(.text))
<BR>[Address Reference Count : 1]<UL><LI> startup_stm32h723xx.o(RESET)
</UL>
<P><STRONG><a name="[5c]"></a>SPI4_IRQHandler</STRONG> (Thumb, 0 bytes, Stack size 0 bytes, startup_stm32h723xx.o(.text))
<BR>[Address Reference Count : 1]<UL><LI> startup_stm32h723xx.o(RESET)
</UL>
<P><STRONG><a name="[5d]"></a>SPI5_IRQHandler</STRONG> (Thumb, 0 bytes, Stack size 0 bytes, startup_stm32h723xx.o(.text))
<BR>[Address Reference Count : 1]<UL><LI> startup_stm32h723xx.o(RESET)
</UL>
<P><STRONG><a name="[5e]"></a>SPI6_IRQHandler</STRONG> (Thumb, 0 bytes, Stack size 0 bytes, startup_stm32h723xx.o(.text))
<BR>[Address Reference Count : 1]<UL><LI> startup_stm32h723xx.o(RESET)
</UL>
<P><STRONG><a name="[6e]"></a>SWPMI1_IRQHandler</STRONG> (Thumb, 0 bytes, Stack size 0 bytes, startup_stm32h723xx.o(.text))
<BR>[Address Reference Count : 1]<UL><LI> startup_stm32h723xx.o(RESET)
</UL>
<P><STRONG><a name="[10]"></a>TAMP_STAMP_IRQHandler</STRONG> (Thumb, 0 bytes, Stack size 0 bytes, startup_stm32h723xx.o(.text))
<BR>[Address Reference Count : 1]<UL><LI> startup_stm32h723xx.o(RESET)
</UL>
<P><STRONG><a name="[6f]"></a>TIM15_IRQHandler</STRONG> (Thumb, 0 bytes, Stack size 0 bytes, startup_stm32h723xx.o(.text))
<BR>[Address Reference Count : 1]<UL><LI> startup_stm32h723xx.o(RESET)
</UL>
<P><STRONG><a name="[70]"></a>TIM16_IRQHandler</STRONG> (Thumb, 0 bytes, Stack size 0 bytes, startup_stm32h723xx.o(.text))
<BR>[Address Reference Count : 1]<UL><LI> startup_stm32h723xx.o(RESET)
</UL>
<P><STRONG><a name="[71]"></a>TIM17_IRQHandler</STRONG> (Thumb, 0 bytes, Stack size 0 bytes, startup_stm32h723xx.o(.text))
<BR>[Address Reference Count : 1]<UL><LI> startup_stm32h723xx.o(RESET)
</UL>
<P><STRONG><a name="[26]"></a>TIM1_BRK_IRQHandler</STRONG> (Thumb, 0 bytes, Stack size 0 bytes, startup_stm32h723xx.o(.text))
<BR>[Address Reference Count : 1]<UL><LI> startup_stm32h723xx.o(RESET)
</UL>
<P><STRONG><a name="[29]"></a>TIM1_CC_IRQHandler</STRONG> (Thumb, 0 bytes, Stack size 0 bytes, startup_stm32h723xx.o(.text))
<BR>[Address Reference Count : 1]<UL><LI> startup_stm32h723xx.o(RESET)
</UL>
<P><STRONG><a name="[28]"></a>TIM1_TRG_COM_IRQHandler</STRONG> (Thumb, 0 bytes, Stack size 0 bytes, startup_stm32h723xx.o(.text))
<BR>[Address Reference Count : 1]<UL><LI> startup_stm32h723xx.o(RESET)
</UL>
<P><STRONG><a name="[27]"></a>TIM1_UP_IRQHandler</STRONG> (Thumb, 0 bytes, Stack size 0 bytes, startup_stm32h723xx.o(.text))
<BR>[Address Reference Count : 1]<UL><LI> startup_stm32h723xx.o(RESET)
</UL>
<P><STRONG><a name="[95]"></a>TIM23_IRQHandler</STRONG> (Thumb, 0 bytes, Stack size 0 bytes, startup_stm32h723xx.o(.text))
<BR>[Address Reference Count : 1]<UL><LI> startup_stm32h723xx.o(RESET)
</UL>
<P><STRONG><a name="[96]"></a>TIM24_IRQHandler</STRONG> (Thumb, 0 bytes, Stack size 0 bytes, startup_stm32h723xx.o(.text))
<BR>[Address Reference Count : 1]<UL><LI> startup_stm32h723xx.o(RESET)
</UL>
<P><STRONG><a name="[2a]"></a>TIM2_IRQHandler</STRONG> (Thumb, 0 bytes, Stack size 0 bytes, startup_stm32h723xx.o(.text))
<BR>[Address Reference Count : 1]<UL><LI> startup_stm32h723xx.o(RESET)
</UL>
<P><STRONG><a name="[2b]"></a>TIM3_IRQHandler</STRONG> (Thumb, 0 bytes, Stack size 0 bytes, startup_stm32h723xx.o(.text))
<BR>[Address Reference Count : 1]<UL><LI> startup_stm32h723xx.o(RESET)
</UL>
<P><STRONG><a name="[2c]"></a>TIM4_IRQHandler</STRONG> (Thumb, 0 bytes, Stack size 0 bytes, startup_stm32h723xx.o(.text))
<BR>[Address Reference Count : 1]<UL><LI> startup_stm32h723xx.o(RESET)
</UL>
<P><STRONG><a name="[3f]"></a>TIM5_IRQHandler</STRONG> (Thumb, 0 bytes, Stack size 0 bytes, startup_stm32h723xx.o(.text))
<BR>[Address Reference Count : 1]<UL><LI> startup_stm32h723xx.o(RESET)
</UL>
<P><STRONG><a name="[43]"></a>TIM6_DAC_IRQHandler</STRONG> (Thumb, 0 bytes, Stack size 0 bytes, startup_stm32h723xx.o(.text))
<BR>[Address Reference Count : 1]<UL><LI> startup_stm32h723xx.o(RESET)
</UL>
<P><STRONG><a name="[38]"></a>TIM8_BRK_TIM12_IRQHandler</STRONG> (Thumb, 0 bytes, Stack size 0 bytes, startup_stm32h723xx.o(.text))
<BR>[Address Reference Count : 1]<UL><LI> startup_stm32h723xx.o(RESET)
</UL>
<P><STRONG><a name="[3b]"></a>TIM8_CC_IRQHandler</STRONG> (Thumb, 0 bytes, Stack size 0 bytes, startup_stm32h723xx.o(.text))
<BR>[Address Reference Count : 1]<UL><LI> startup_stm32h723xx.o(RESET)
</UL>
<P><STRONG><a name="[3a]"></a>TIM8_TRG_COM_TIM14_IRQHandler</STRONG> (Thumb, 0 bytes, Stack size 0 bytes, startup_stm32h723xx.o(.text))
<BR>[Address Reference Count : 1]<UL><LI> startup_stm32h723xx.o(RESET)
</UL>
<P><STRONG><a name="[39]"></a>TIM8_UP_TIM13_IRQHandler</STRONG> (Thumb, 0 bytes, Stack size 0 bytes, startup_stm32h723xx.o(.text))
<BR>[Address Reference Count : 1]<UL><LI> startup_stm32h723xx.o(RESET)
</UL>
<P><STRONG><a name="[41]"></a>UART4_IRQHandler</STRONG> (Thumb, 0 bytes, Stack size 0 bytes, startup_stm32h723xx.o(.text))
<BR>[Address Reference Count : 1]<UL><LI> startup_stm32h723xx.o(RESET)
</UL>
<P><STRONG><a name="[42]"></a>UART5_IRQHandler</STRONG> (Thumb, 0 bytes, Stack size 0 bytes, startup_stm32h723xx.o(.text))
<BR>[Address Reference Count : 1]<UL><LI> startup_stm32h723xx.o(RESET)
</UL>
<P><STRONG><a name="[5a]"></a>UART7_IRQHandler</STRONG> (Thumb, 0 bytes, Stack size 0 bytes, startup_stm32h723xx.o(.text))
<BR>[Address Reference Count : 1]<UL><LI> startup_stm32h723xx.o(RESET)
</UL>
<P><STRONG><a name="[5b]"></a>UART8_IRQHandler</STRONG> (Thumb, 0 bytes, Stack size 0 bytes, startup_stm32h723xx.o(.text))
<BR>[Address Reference Count : 1]<UL><LI> startup_stm32h723xx.o(RESET)
</UL>
<P><STRONG><a name="[8f]"></a>UART9_IRQHandler</STRONG> (Thumb, 0 bytes, Stack size 0 bytes, startup_stm32h723xx.o(.text))
<BR>[Address Reference Count : 1]<UL><LI> startup_stm32h723xx.o(RESET)
</UL>
<P><STRONG><a name="[90]"></a>USART10_IRQHandler</STRONG> (Thumb, 0 bytes, Stack size 0 bytes, startup_stm32h723xx.o(.text))
<BR>[Address Reference Count : 1]<UL><LI> startup_stm32h723xx.o(RESET)
</UL>
<P><STRONG><a name="[33]"></a>USART1_IRQHandler</STRONG> (Thumb, 0 bytes, Stack size 0 bytes, startup_stm32h723xx.o(.text))
<BR>[Address Reference Count : 1]<UL><LI> startup_stm32h723xx.o(RESET)
</UL>
<P><STRONG><a name="[34]"></a>USART2_IRQHandler</STRONG> (Thumb, 0 bytes, Stack size 0 bytes, startup_stm32h723xx.o(.text))
<BR>[Address Reference Count : 1]<UL><LI> startup_stm32h723xx.o(RESET)
</UL>
<P><STRONG><a name="[35]"></a>USART3_IRQHandler</STRONG> (Thumb, 0 bytes, Stack size 0 bytes, startup_stm32h723xx.o(.text))
<BR>[Address Reference Count : 1]<UL><LI> startup_stm32h723xx.o(RESET)
</UL>
<P><STRONG><a name="[50]"></a>USART6_IRQHandler</STRONG> (Thumb, 0 bytes, Stack size 0 bytes, startup_stm32h723xx.o(.text))
<BR>[Address Reference Count : 1]<UL><LI> startup_stm32h723xx.o(RESET)
</UL>
<P><STRONG><a name="[8b]"></a>WAKEUP_PIN_IRQHandler</STRONG> (Thumb, 0 bytes, Stack size 0 bytes, startup_stm32h723xx.o(.text))
<BR>[Address Reference Count : 1]<UL><LI> startup_stm32h723xx.o(RESET)
</UL>
<P><STRONG><a name="[e]"></a>WWDG_IRQHandler</STRONG> (Thumb, 0 bytes, Stack size 0 bytes, startup_stm32h723xx.o(.text))
<BR>[Address Reference Count : 1]<UL><LI> startup_stm32h723xx.o(RESET)
</UL>
<P><STRONG><a name="[104]"></a>__user_initial_stackheap</STRONG> (Thumb, 0 bytes, Stack size unknown bytes, startup_stm32h723xx.o(.text))
<BR><BR>[Called By]<UL><LI><a href="#[db]">&gt;&gt;</a>&nbsp;&nbsp;&nbsp;__user_setup_stackheap
</UL>

<P><STRONG><a name="[197]"></a>rt_hw_interrupt_disable</STRONG> (Thumb, 8 bytes, Stack size 0 bytes, context_rvds.o(.text))
<BR><BR>[Called By]<UL><LI><a href="#[a3]">&gt;&gt;</a>&nbsp;&nbsp;&nbsp;Temp_thread_entry
<LI><a href="#[1a7]">&gt;&gt;</a>&nbsp;&nbsp;&nbsp;rt_exit_critical
<LI><a href="#[1a6]">&gt;&gt;</a>&nbsp;&nbsp;&nbsp;rt_enter_critical
<LI><a href="#[146]">&gt;&gt;</a>&nbsp;&nbsp;&nbsp;rt_interrupt_leave
<LI><a href="#[143]">&gt;&gt;</a>&nbsp;&nbsp;&nbsp;rt_interrupt_enter
<LI><a href="#[1e7]">&gt;&gt;</a>&nbsp;&nbsp;&nbsp;rt_timer_stop
<LI><a href="#[1de]">&gt;&gt;</a>&nbsp;&nbsp;&nbsp;rt_timer_detach
<LI><a href="#[1e5]">&gt;&gt;</a>&nbsp;&nbsp;&nbsp;rt_thread_sleep
<LI><a href="#[a0]">&gt;&gt;</a>&nbsp;&nbsp;&nbsp;rt_thread_exit
<LI><a href="#[1a5]">&gt;&gt;</a>&nbsp;&nbsp;&nbsp;_thread_cleanup_execute
<LI><a href="#[1d1]">&gt;&gt;</a>&nbsp;&nbsp;&nbsp;rt_schedule_remove_thread
<LI><a href="#[1d0]">&gt;&gt;</a>&nbsp;&nbsp;&nbsp;rt_schedule_insert_thread
<LI><a href="#[1d7]">&gt;&gt;</a>&nbsp;&nbsp;&nbsp;rt_timer_start
<LI><a href="#[1d6]">&gt;&gt;</a>&nbsp;&nbsp;&nbsp;rt_timer_control
<LI><a href="#[1c2]">&gt;&gt;</a>&nbsp;&nbsp;&nbsp;rt_thread_suspend
<LI><a href="#[1d5]">&gt;&gt;</a>&nbsp;&nbsp;&nbsp;rt_thread_resume
<LI><a href="#[1b3]">&gt;&gt;</a>&nbsp;&nbsp;&nbsp;rt_schedule
<LI><a href="#[1cc]">&gt;&gt;</a>&nbsp;&nbsp;&nbsp;rt_object_init
<LI><a href="#[1cb]">&gt;&gt;</a>&nbsp;&nbsp;&nbsp;rt_object_detach
<LI><a href="#[1c5]">&gt;&gt;</a>&nbsp;&nbsp;&nbsp;rt_object_allocate
<LI><a href="#[1b5]">&gt;&gt;</a>&nbsp;&nbsp;&nbsp;rt_sem_take
<LI><a href="#[1b7]">&gt;&gt;</a>&nbsp;&nbsp;&nbsp;rt_sem_release
<LI><a href="#[1c9]">&gt;&gt;</a>&nbsp;&nbsp;&nbsp;rt_object_delete
<LI><a href="#[1e1]">&gt;&gt;</a>&nbsp;&nbsp;&nbsp;rt_thread_idle_excute
<LI><a href="#[10b]">&gt;&gt;</a>&nbsp;&nbsp;&nbsp;rtthread_startup
<LI><a href="#[1e9]">&gt;&gt;</a>&nbsp;&nbsp;&nbsp;rt_timer_check
<LI><a href="#[1e8]">&gt;&gt;</a>&nbsp;&nbsp;&nbsp;rt_thread_yield
</UL>

<P><STRONG><a name="[199]"></a>rt_hw_interrupt_enable</STRONG> (Thumb, 6 bytes, Stack size 0 bytes, context_rvds.o(.text))
<BR><BR>[Called By]<UL><LI><a href="#[a3]">&gt;&gt;</a>&nbsp;&nbsp;&nbsp;Temp_thread_entry
<LI><a href="#[1a7]">&gt;&gt;</a>&nbsp;&nbsp;&nbsp;rt_exit_critical
<LI><a href="#[1a6]">&gt;&gt;</a>&nbsp;&nbsp;&nbsp;rt_enter_critical
<LI><a href="#[146]">&gt;&gt;</a>&nbsp;&nbsp;&nbsp;rt_interrupt_leave
<LI><a href="#[143]">&gt;&gt;</a>&nbsp;&nbsp;&nbsp;rt_interrupt_enter
<LI><a href="#[1e7]">&gt;&gt;</a>&nbsp;&nbsp;&nbsp;rt_timer_stop
<LI><a href="#[1de]">&gt;&gt;</a>&nbsp;&nbsp;&nbsp;rt_timer_detach
<LI><a href="#[1e5]">&gt;&gt;</a>&nbsp;&nbsp;&nbsp;rt_thread_sleep
<LI><a href="#[a0]">&gt;&gt;</a>&nbsp;&nbsp;&nbsp;rt_thread_exit
<LI><a href="#[1a5]">&gt;&gt;</a>&nbsp;&nbsp;&nbsp;_thread_cleanup_execute
<LI><a href="#[1d1]">&gt;&gt;</a>&nbsp;&nbsp;&nbsp;rt_schedule_remove_thread
<LI><a href="#[1d0]">&gt;&gt;</a>&nbsp;&nbsp;&nbsp;rt_schedule_insert_thread
<LI><a href="#[1d7]">&gt;&gt;</a>&nbsp;&nbsp;&nbsp;rt_timer_start
<LI><a href="#[1d6]">&gt;&gt;</a>&nbsp;&nbsp;&nbsp;rt_timer_control
<LI><a href="#[1c2]">&gt;&gt;</a>&nbsp;&nbsp;&nbsp;rt_thread_suspend
<LI><a href="#[1d5]">&gt;&gt;</a>&nbsp;&nbsp;&nbsp;rt_thread_resume
<LI><a href="#[1b3]">&gt;&gt;</a>&nbsp;&nbsp;&nbsp;rt_schedule
<LI><a href="#[1cc]">&gt;&gt;</a>&nbsp;&nbsp;&nbsp;rt_object_init
<LI><a href="#[1cb]">&gt;&gt;</a>&nbsp;&nbsp;&nbsp;rt_object_detach
<LI><a href="#[1c5]">&gt;&gt;</a>&nbsp;&nbsp;&nbsp;rt_object_allocate
<LI><a href="#[1b5]">&gt;&gt;</a>&nbsp;&nbsp;&nbsp;rt_sem_take
<LI><a href="#[1b7]">&gt;&gt;</a>&nbsp;&nbsp;&nbsp;rt_sem_release
<LI><a href="#[1c9]">&gt;&gt;</a>&nbsp;&nbsp;&nbsp;rt_object_delete
<LI><a href="#[1e1]">&gt;&gt;</a>&nbsp;&nbsp;&nbsp;rt_thread_idle_excute
<LI><a href="#[1e9]">&gt;&gt;</a>&nbsp;&nbsp;&nbsp;rt_timer_check
<LI><a href="#[1e8]">&gt;&gt;</a>&nbsp;&nbsp;&nbsp;rt_thread_yield
</UL>

<P><STRONG><a name="[1ce]"></a>rt_hw_context_switch</STRONG> (Thumb, 32 bytes, Stack size 0 bytes, context_rvds.o(.text))
<BR><BR>[Called By]<UL><LI><a href="#[1b3]">&gt;&gt;</a>&nbsp;&nbsp;&nbsp;rt_schedule
</UL>

<P><STRONG><a name="[1cf]"></a>rt_hw_context_switch_interrupt</STRONG> (Thumb, 0 bytes, Stack size 0 bytes, context_rvds.o(.text))
<BR><BR>[Called By]<UL><LI><a href="#[1b3]">&gt;&gt;</a>&nbsp;&nbsp;&nbsp;rt_schedule
</UL>

<P><STRONG><a name="[c]"></a>PendSV_Handler</STRONG> (Thumb, 108 bytes, Stack size 0 bytes, context_rvds.o(.text))
<BR>[Address Reference Count : 1]<UL><LI> startup_stm32h723xx.o(RESET)
</UL>
<P><STRONG><a name="[1dc]"></a>rt_hw_context_switch_to</STRONG> (Thumb, 70 bytes, Stack size 0 bytes, context_rvds.o(.text))
<BR><BR>[Called By]<UL><LI><a href="#[1db]">&gt;&gt;</a>&nbsp;&nbsp;&nbsp;rt_system_scheduler_start
</UL>

<P><STRONG><a name="[215]"></a>rt_hw_interrupt_thread_switch</STRONG> (Thumb, 2 bytes, Stack size 0 bytes, context_rvds.o(.text), UNUSED)

<P><STRONG><a name="[6]"></a>HardFault_Handler</STRONG> (Thumb, 56 bytes, Stack size 0 bytes, context_rvds.o(.text))
<BR><BR>[Stack]<UL><LI>Max Depth = 184 + Unknown Stack Size
<LI>Call Chain = HardFault_Handler &rArr; rt_hw_hard_fault_exception &rArr; rt_kprintf &rArr; vsnprintf &rArr; _printf_char_common &rArr; __printf
</UL>
<BR>[Calls]<UL><LI><a href="#[e5]">&gt;&gt;</a>&nbsp;&nbsp;&nbsp;rt_hw_hard_fault_exception
</UL>
<BR>[Address Reference Count : 1]<UL><LI> startup_stm32h723xx.o(RESET)
</UL>
<P><STRONG><a name="[7]"></a>MemManage_Handler</STRONG> (Thumb, 0 bytes, Stack size 0 bytes, context_rvds.o(.text))
<BR>[Address Reference Count : 1]<UL><LI> startup_stm32h723xx.o(RESET)
</UL>
<P><STRONG><a name="[19c]"></a>__aeabi_uldivmod</STRONG> (Thumb, 0 bytes, Stack size 48 bytes, lludivv7m.o(.text))
<BR><BR>[Stack]<UL><LI>Max Depth = 48<LI>Call Chain = __aeabi_uldivmod
</UL>
<BR>[Called By]<UL><LI><a href="#[184]">&gt;&gt;</a>&nbsp;&nbsp;&nbsp;UART_SetConfig
</UL>

<P><STRONG><a name="[216]"></a>_ll_udiv</STRONG> (Thumb, 238 bytes, Stack size 48 bytes, lludivv7m.o(.text), UNUSED)

<P><STRONG><a name="[e6]"></a>vsnprintf</STRONG> (Thumb, 48 bytes, Stack size 24 bytes, vsnprintf.o(.text))
<BR><BR>[Stack]<UL><LI>Max Depth = 128 + Unknown Stack Size
<LI>Call Chain = vsnprintf &rArr; _printf_char_common &rArr; __printf
</UL>
<BR>[Calls]<UL><LI><a href="#[9a]">&gt;&gt;</a>&nbsp;&nbsp;&nbsp;_sputc
<LI><a href="#[e7]">&gt;&gt;</a>&nbsp;&nbsp;&nbsp;_printf_char_common
</UL>
<BR>[Called By]<UL><LI><a href="#[145]">&gt;&gt;</a>&nbsp;&nbsp;&nbsp;rt_kprintf
</UL>

<P><STRONG><a name="[e8]"></a>__2sprintf</STRONG> (Thumb, 38 bytes, Stack size 32 bytes, __2sprintf.o(.text))
<BR><BR>[Stack]<UL><LI>Max Depth = 136 + Unknown Stack Size
<LI>Call Chain = __2sprintf &rArr; _printf_char_common &rArr; __printf
</UL>
<BR>[Calls]<UL><LI><a href="#[9a]">&gt;&gt;</a>&nbsp;&nbsp;&nbsp;_sputc
<LI><a href="#[e7]">&gt;&gt;</a>&nbsp;&nbsp;&nbsp;_printf_char_common
</UL>
<BR>[Called By]<UL><LI><a href="#[a3]">&gt;&gt;</a>&nbsp;&nbsp;&nbsp;Temp_thread_entry
</UL>

<P><STRONG><a name="[e9]"></a>__printf</STRONG> (Thumb, 388 bytes, Stack size 40 bytes, __printf_flags_ss_wp.o(.text))
<BR><BR>[Stack]<UL><LI>Max Depth = 40 + Unknown Stack Size
<LI>Call Chain = __printf
</UL>
<BR>[Calls]<UL><LI><a href="#[eb]">&gt;&gt;</a>&nbsp;&nbsp;&nbsp;_printf_percent
<LI><a href="#[ea]">&gt;&gt;</a>&nbsp;&nbsp;&nbsp;_is_digit
</UL>
<BR>[Called By]<UL><LI><a href="#[e7]">&gt;&gt;</a>&nbsp;&nbsp;&nbsp;_printf_char_common
</UL>

<P><STRONG><a name="[136]"></a>__aeabi_memclr4</STRONG> (Thumb, 0 bytes, Stack size 4 bytes, rt_memclr_w.o(.text))
<BR><BR>[Stack]<UL><LI>Max Depth = 4<LI>Call Chain = __aeabi_memclr4
</UL>
<BR>[Called By]<UL><LI><a href="#[183]">&gt;&gt;</a>&nbsp;&nbsp;&nbsp;HAL_UART_MspInit
<LI><a href="#[16f]">&gt;&gt;</a>&nbsp;&nbsp;&nbsp;HAL_TIM_MspPostInit
<LI><a href="#[134]">&gt;&gt;</a>&nbsp;&nbsp;&nbsp;HAL_ADC_MspInit
<LI><a href="#[191]">&gt;&gt;</a>&nbsp;&nbsp;&nbsp;MX_TIM5_Init
<LI><a href="#[190]">&gt;&gt;</a>&nbsp;&nbsp;&nbsp;MX_TIM4_Init
<LI><a href="#[18f]">&gt;&gt;</a>&nbsp;&nbsp;&nbsp;MX_TIM3_Init
<LI><a href="#[18d]">&gt;&gt;</a>&nbsp;&nbsp;&nbsp;MX_TIM2_Init
<LI><a href="#[18c]">&gt;&gt;</a>&nbsp;&nbsp;&nbsp;MX_TIM12_Init
<LI><a href="#[18b]">&gt;&gt;</a>&nbsp;&nbsp;&nbsp;MX_GPIO_Init
<LI><a href="#[189]">&gt;&gt;</a>&nbsp;&nbsp;&nbsp;MX_ADC1_Init
<LI><a href="#[196]">&gt;&gt;</a>&nbsp;&nbsp;&nbsp;SystemClock_Config
</UL>

<P><STRONG><a name="[217]"></a>__aeabi_memclr8</STRONG> (Thumb, 0 bytes, Stack size 4 bytes, rt_memclr_w.o(.text), UNUSED)

<P><STRONG><a name="[218]"></a>__rt_memclr_w</STRONG> (Thumb, 78 bytes, Stack size 4 bytes, rt_memclr_w.o(.text), UNUSED)

<P><STRONG><a name="[219]"></a>_memset_w</STRONG> (Thumb, 0 bytes, Stack size unknown bytes, rt_memclr_w.o(.text), UNUSED)

<P><STRONG><a name="[21a]"></a>__use_two_region_memory</STRONG> (Thumb, 2 bytes, Stack size 0 bytes, heapauxi.o(.text), UNUSED)

<P><STRONG><a name="[21b]"></a>__rt_heap_escrow$2region</STRONG> (Thumb, 2 bytes, Stack size 0 bytes, heapauxi.o(.text), UNUSED)

<P><STRONG><a name="[21c]"></a>__rt_heap_expand$2region</STRONG> (Thumb, 2 bytes, Stack size 0 bytes, heapauxi.o(.text), UNUSED)

<P><STRONG><a name="[ed]"></a>_printf_pre_padding</STRONG> (Thumb, 44 bytes, Stack size 16 bytes, _printf_pad.o(.text))
<BR><BR>[Stack]<UL><LI>Max Depth = 16<LI>Call Chain = _printf_pre_padding
</UL>
<BR>[Called By]<UL><LI><a href="#[fa]">&gt;&gt;</a>&nbsp;&nbsp;&nbsp;_printf_fp_infnan
<LI><a href="#[ff]">&gt;&gt;</a>&nbsp;&nbsp;&nbsp;_printf_fp_hex_real
<LI><a href="#[f1]">&gt;&gt;</a>&nbsp;&nbsp;&nbsp;_printf_int_common
<LI><a href="#[fb]">&gt;&gt;</a>&nbsp;&nbsp;&nbsp;_printf_wctomb
<LI><a href="#[f8]">&gt;&gt;</a>&nbsp;&nbsp;&nbsp;_printf_fp_dec_real
<LI><a href="#[ec]">&gt;&gt;</a>&nbsp;&nbsp;&nbsp;_printf_str
</UL>

<P><STRONG><a name="[ee]"></a>_printf_post_padding</STRONG> (Thumb, 34 bytes, Stack size 16 bytes, _printf_pad.o(.text))
<BR><BR>[Stack]<UL><LI>Max Depth = 16<LI>Call Chain = _printf_post_padding
</UL>
<BR>[Called By]<UL><LI><a href="#[fa]">&gt;&gt;</a>&nbsp;&nbsp;&nbsp;_printf_fp_infnan
<LI><a href="#[ff]">&gt;&gt;</a>&nbsp;&nbsp;&nbsp;_printf_fp_hex_real
<LI><a href="#[f1]">&gt;&gt;</a>&nbsp;&nbsp;&nbsp;_printf_int_common
<LI><a href="#[fb]">&gt;&gt;</a>&nbsp;&nbsp;&nbsp;_printf_wctomb
<LI><a href="#[f8]">&gt;&gt;</a>&nbsp;&nbsp;&nbsp;_printf_fp_dec_real
<LI><a href="#[ec]">&gt;&gt;</a>&nbsp;&nbsp;&nbsp;_printf_str
</UL>

<P><STRONG><a name="[ef]"></a>_printf_truncate_signed</STRONG> (Thumb, 18 bytes, Stack size 0 bytes, _printf_truncate.o(.text))
<BR><BR>[Called By]<UL><LI><a href="#[bc]">&gt;&gt;</a>&nbsp;&nbsp;&nbsp;_printf_int_dec
</UL>

<P><STRONG><a name="[f0]"></a>_printf_truncate_unsigned</STRONG> (Thumb, 18 bytes, Stack size 0 bytes, _printf_truncate.o(.text))
<BR><BR>[Called By]<UL><LI><a href="#[c2]">&gt;&gt;</a>&nbsp;&nbsp;&nbsp;_printf_int_hex
<LI><a href="#[c0]">&gt;&gt;</a>&nbsp;&nbsp;&nbsp;_printf_int_oct
<LI><a href="#[bc]">&gt;&gt;</a>&nbsp;&nbsp;&nbsp;_printf_int_dec
</UL>

<P><STRONG><a name="[ec]"></a>_printf_str</STRONG> (Thumb, 82 bytes, Stack size 16 bytes, _printf_str.o(.text))
<BR><BR>[Stack]<UL><LI>Max Depth = 32<LI>Call Chain = _printf_str &rArr; _printf_post_padding
</UL>
[...]
<BR><BR>[Stack]<UL><LI>Max Depth = 160 + Unknown Stack Size
<LI>Call Chain = motor_thread_entry &rArr; rt_kprintf &rArr; vsnprintf &rArr; _printf_char_common &rArr; __printf
</UL>
<BR>[Calls]<UL><LI><a href="#[19b]">&gt;&gt;</a>&nbsp;&nbsp;&nbsp;rt_thread_mdelay
<LI><a href="#[145]">&gt;&gt;</a>&nbsp;&nbsp;&nbsp;rt_kprintf
<LI><a href="#[1b1]">&gt;&gt;</a>&nbsp;&nbsp;&nbsp;Motor_stop
<LI><a href="#[1b0]">&gt;&gt;</a>&nbsp;&nbsp;&nbsp;Motor_start
</UL>
<BR>[Address Reference Count : 1]<UL><LI> main.o(i.main)
</UL>
<P><STRONG><a name="[118]"></a>LL_ADC_Enable</STRONG> (Thumb, 12 bytes, Stack size 0 bytes, stm32h7xx_hal_adc.o(i.LL_ADC_Enable))
<BR><BR>[Called By]<UL><LI><a href="#[117]">&gt;&gt;</a>&nbsp;&nbsp;&nbsp;ADC_Enable
</UL>

<P><STRONG><a name="[119]"></a>LL_ADC_GetMultimode</STRONG> (Thumb, 10 bytes, Stack size 0 bytes, stm32h7xx_hal_adc.o(i.LL_ADC_GetMultimode))
<BR><BR>[Called By]<UL><LI><a href="#[13a]">&gt;&gt;</a>&nbsp;&nbsp;&nbsp;HAL_ADC_Start_DMA
<LI><a href="#[117]">&gt;&gt;</a>&nbsp;&nbsp;&nbsp;ADC_Enable
</UL>

<P><STRONG><a name="[130]"></a>LL_ADC_GetOffsetChannel</STRONG> (Thumb, 18 bytes, Stack size 0 bytes, stm32h7xx_hal_adc.o(i.LL_ADC_GetOffsetChannel))
<BR><BR>[Called By]<UL><LI><a href="#[12c]">&gt;&gt;</a>&nbsp;&nbsp;&nbsp;HAL_ADC_ConfigChannel
</UL>

<P><STRONG><a name="[12e]"></a>LL_ADC_INJ_IsConversionOngoing</STRONG> (Thumb, 10 bytes, Stack size 0 bytes, stm32h7xx_hal_adc.o(i.LL_ADC_INJ_IsConversionOngoing))
<BR><BR>[Called By]<UL><LI><a href="#[133]">&gt;&gt;</a>&nbsp;&nbsp;&nbsp;HAL_ADC_Init
<LI><a href="#[12c]">&gt;&gt;</a>&nbsp;&nbsp;&nbsp;HAL_ADC_ConfigChannel
</UL>

<P><STRONG><a name="[114]"></a>LL_ADC_IsDisableOngoing</STRONG> (Thumb, 10 bytes, Stack size 0 bytes, stm32h7xx_hal_adc.o(i.LL_ADC_IsDisableOngoing))
<BR><BR>[Called By]<UL><LI><a href="#[113]">&gt;&gt;</a>&nbsp;&nbsp;&nbsp;ADC_Disable
</UL>

<P><STRONG><a name="[115]"></a>LL_ADC_IsEnabled</STRONG> (Thumb, 10 bytes, Stack size 0 bytes, stm32h7xx_hal_adc.o(i.LL_ADC_IsEnabled))
<BR><BR>[Called By]<UL><LI><a href="#[133]">&gt;&gt;</a>&nbsp;&nbsp;&nbsp;HAL_ADC_Init
<LI><a href="#[12c]">&gt;&gt;</a>&nbsp;&nbsp;&nbsp;HAL_ADC_ConfigChannel
<LI><a href="#[117]">&gt;&gt;</a>&nbsp;&nbsp;&nbsp;ADC_Enable
<LI><a href="#[113]">&gt;&gt;</a>&nbsp;&nbsp;&nbsp;ADC_Disable
</UL>

<P><STRONG><a name="[135]"></a>LL_ADC_IsInternalRegulatorEnabled</STRONG> (Thumb, 10 bytes, Stack size 0 bytes, stm32h7xx_hal_adc.o(i.LL_ADC_IsInternalRegulatorEnabled))
<BR><BR>[Called By]<UL><LI><a href="#[133]">&gt;&gt;</a>&nbsp;&nbsp;&nbsp;HAL_ADC_Init
</UL>

<P><STRONG><a name="[12d]"></a>LL_ADC_REG_IsConversionOngoing</STRONG> (Thumb, 10 bytes, Stack size 0 bytes, stm32h7xx_hal_adc.o(i.LL_ADC_REG_IsConversionOngoing))
<BR><BR>[Called By]<UL><LI><a href="#[13a]">&gt;&gt;</a>&nbsp;&nbsp;&nbsp;HAL_ADC_Start_DMA
<LI><a href="#[133]">&gt;&gt;</a>&nbsp;&nbsp;&nbsp;HAL_ADC_Init
<LI><a href="#[12c]">&gt;&gt;</a>&nbsp;&nbsp;&nbsp;HAL_ADC_ConfigChannel
</UL>

<P><STRONG><a name="[10f]"></a>LL_ADC_REG_IsTriggerSourceSWStart</STRONG> (Thumb, 18 bytes, Stack size 0 bytes, stm32h7xx_hal_adc.o(i.LL_ADC_REG_IsTriggerSourceSWStart))
<BR><BR>[Called By]<UL><LI><a href="#[9d]">&gt;&gt;</a>&nbsp;&nbsp;&nbsp;ADC_DMAConvCplt
</UL>

<P><STRONG><a name="[13c]"></a>LL_ADC_REG_StartConversion</STRONG> (Thumb, 12 bytes, Stack size 0 bytes, stm32h7xx_hal_adc.o(i.LL_ADC_REG_StartConversion))
<BR><BR>[Called By]<UL><LI><a href="#[13a]">&gt;&gt;</a>&nbsp;&nbsp;&nbsp;HAL_ADC_Start_DMA
</UL>

<P><STRONG><a name="[12f]"></a>LL_ADC_SetChannelSamplingTime</STRONG> (Thumb, 40 bytes, Stack size 16 bytes, stm32h7xx_hal_adc.o(i.LL_ADC_SetChannelSamplingTime))
<BR><BR>[Stack]<UL><LI>Max Depth = 16<LI>Call Chain = LL_ADC_SetChannelSamplingTime
</UL>
<BR>[Called By]<UL><LI><a href="#[12c]">&gt;&gt;</a>&nbsp;&nbsp;&nbsp;HAL_ADC_ConfigChannel
</UL>

<P><STRONG><a name="[132]"></a>LL_ADC_SetCommonPathInternalCh</STRONG> (Thumb, 12 bytes, Stack size 0 bytes, stm32h7xx_hal_adc.o(i.LL_ADC_SetCommonPathInternalCh))
<BR><BR>[Called By]<UL><LI><a href="#[12c]">&gt;&gt;</a>&nbsp;&nbsp;&nbsp;HAL_ADC_ConfigChannel
</UL>

<P><STRONG><a name="[131]"></a>LL_ADC_SetOffsetState</STRONG> (Thumb, 42 bytes, Stack size 8 bytes, stm32h7xx_hal_adc.o(i.LL_ADC_SetOffsetState))
<BR><BR>[Stack]<UL><LI>Max Depth = 8<LI>Call Chain = LL_ADC_SetOffsetState
</UL>
<BR>[Called By]<UL><LI><a href="#[12c]">&gt;&gt;</a>&nbsp;&nbsp;&nbsp;HAL_ADC_ConfigChannel
</UL>

<P><STRONG><a name="[12b]"></a>LL_ADC_IsEnabled</STRONG> (Thumb, 10 bytes, Stack size 0 bytes, stm32h7xx_hal_adc_ex.o(i.LL_ADC_IsEnabled))
<BR><BR>[Called By]<UL><LI><a href="#[129]">&gt;&gt;</a>&nbsp;&nbsp;&nbsp;HAL_ADCEx_MultiModeConfigChannel
</UL>

<P><STRONG><a name="[12a]"></a>LL_ADC_REG_IsConversionOngoing</STRONG> (Thumb, 10 bytes, Stack size 0 bytes, stm32h7xx_hal_adc_ex.o(i.LL_ADC_REG_IsConversionOngoing))
<BR><BR>[Called By]<UL><LI><a href="#[129]">&gt;&gt;</a>&nbsp;&nbsp;&nbsp;HAL_ADCEx_MultiModeConfigChannel
</UL>

<P><STRONG><a name="[159]"></a>RCCEx_PLL2_Config</STRONG> (Thumb, 350 bytes, Stack size 24 bytes, stm32h7xx_hal_rcc_ex.o(i.RCCEx_PLL2_Config))
<BR><BR>[Stack]<UL><LI>Max Depth = 24<LI>Call Chain = RCCEx_PLL2_Config
</UL>
<BR>[Calls]<UL><LI><a href="#[116]">&gt;&gt;</a>&nbsp;&nbsp;&nbsp;HAL_GetTick
</UL>
<BR>[Called By]<UL><LI><a href="#[137]">&gt;&gt;</a>&nbsp;&nbsp;&nbsp;HAL_RCCEx_PeriphCLKConfig
</UL>

<P><STRONG><a name="[15a]"></a>RCCEx_PLL3_Config</STRONG> (Thumb, 350 bytes, Stack size 24 bytes, stm32h7xx_hal_rcc_ex.o(i.RCCEx_PLL3_Config))
<BR><BR>[Stack]<UL><LI>Max Depth = 24<LI>Call Chain = RCCEx_PLL3_Config
</UL>
<BR>[Calls]<UL><LI><a href="#[116]">&gt;&gt;</a>&nbsp;&nbsp;&nbsp;HAL_GetTick
</UL>
<BR>[Called By]<UL><LI><a href="#[137]">&gt;&gt;</a>&nbsp;&nbsp;&nbsp;HAL_RCCEx_PeriphCLKConfig
</UL>

<P><STRONG><a name="[13e]"></a>DMA_CalcBaseAndBitshift</STRONG> (Thumb, 224 bytes, Stack size 0 bytes, stm32h7xx_hal_dma.o(i.DMA_CalcBaseAndBitshift))
<BR><BR>[Called By]<UL><LI><a href="#[139]">&gt;&gt;</a>&nbsp;&nbsp;&nbsp;HAL_DMA_Init
</UL>

<P><STRONG><a name="[13f]"></a>DMA_CalcDMAMUXChannelBaseAndMask</STRONG> (Thumb, 178 bytes, Stack size 8 bytes, stm32h7xx_hal_dma.o(i.DMA_CalcDMAMUXChannelBaseAndMask))
<BR><BR>[Stack]<UL><LI>Max Depth = 8<LI>Call Chain = DMA_CalcDMAMUXChannelBaseAndMask
</UL>
<BR>[Called By]<UL><LI><a href="#[139]">&gt;&gt;</a>&nbsp;&nbsp;&nbsp;HAL_DMA_Init
</UL>

<P><STRONG><a name="[140]"></a>DMA_CalcDMAMUXRequestGenBaseAndMask</STRONG> (Thumb, 140 bytes, Stack size 0 bytes, stm32h7xx_hal_dma.o(i.DMA_CalcDMAMUXRequestGenBaseAndMask))
<BR><BR>[Called By]<UL><LI><a href="#[139]">&gt;&gt;</a>&nbsp;&nbsp;&nbsp;HAL_DMA_Init
</UL>

<P><STRONG><a name="[13d]"></a>DMA_CheckFifoParam</STRONG> (Thumb, 174 bytes, Stack size 0 bytes, stm32h7xx_hal_dma.o(i.DMA_CheckFifoParam))
<BR><BR>[Called By]<UL><LI><a href="#[139]">&gt;&gt;</a>&nbsp;&nbsp;&nbsp;HAL_DMA_Init
</UL>

<P><STRONG><a name="[141]"></a>DMA_SetConfig</STRONG> (Thumb, 614 bytes, Stack size 20 bytes, stm32h7xx_hal_dma.o(i.DMA_SetConfig))
<BR><BR>[Stack]<UL><LI>Max Depth = 20<LI>Call Chain = DMA_SetConfig
</UL>
<BR>[Called By]<UL><LI><a href="#[13b]">&gt;&gt;</a>&nbsp;&nbsp;&nbsp;HAL_DMA_Start_IT
</UL>

<P><STRONG><a name="[152]"></a>__NVIC_GetPriorityGrouping</STRONG> (Thumb, 10 bytes, Stack size 0 bytes, stm32h7xx_hal_cortex.o(i.__NVIC_GetPriorityGrouping))
<BR><BR>[Called By]<UL><LI><a href="#[14c]">&gt;&gt;</a>&nbsp;&nbsp;&nbsp;HAL_NVIC_SetPriority
</UL>

<P><STRONG><a name="[153]"></a>__NVIC_SetPriority</STRONG> (Thumb, 32 bytes, Stack size 8 bytes, stm32h7xx_hal_cortex.o(i.__NVIC_SetPriority))
<BR><BR>[Stack]<UL><LI>Max Depth = 8<LI>Call Chain = __NVIC_SetPriority
</UL>
<BR>[Called By]<UL><LI><a href="#[14c]">&gt;&gt;</a>&nbsp;&nbsp;&nbsp;HAL_NVIC_SetPriority
<LI><a href="#[15e]">&gt;&gt;</a>&nbsp;&nbsp;&nbsp;HAL_SYSTICK_Config
</UL>

<P><STRONG><a name="[164]"></a>TIM_ITRx_SetConfig</STRONG> (Thumb, 18 bytes, Stack size 0 bytes, stm32h7xx_hal_tim.o(i.TIM_ITRx_SetConfig))
<BR><BR>[Called By]<UL><LI><a href="#[161]">&gt;&gt;</a>&nbsp;&nbsp;&nbsp;HAL_TIM_ConfigClockSource
</UL>

<P><STRONG><a name="[171]"></a>TIM_OC1_SetConfig</STRONG> (Thumb, 146 bytes, Stack size 12 bytes, stm32h7xx_hal_tim.o(i.TIM_OC1_SetConfig))
<BR><BR>[Stack]<UL><LI>Max Depth = 12<LI>Call Chain = TIM_OC1_SetConfig
</UL>
<BR>[Called By]<UL><LI><a href="#[179]">&gt;&gt;</a>&nbsp;&nbsp;&nbsp;HAL_TIM_PWM_ConfigChannel
<LI><a href="#[170]">&gt;&gt;</a>&nbsp;&nbsp;&nbsp;HAL_TIM_OC_ConfigChannel
</UL>

<P><STRONG><a name="[173]"></a>TIM_OC3_SetConfig</STRONG> (Thumb, 154 bytes, Stack size 12 bytes, stm32h7xx_hal_tim.o(i.TIM_OC3_SetConfig))
<BR><BR>[Stack]<UL><LI>Max Depth = 12<LI>Call Chain = TIM_OC3_SetConfig
</UL>
<BR>[Called By]<UL><LI><a href="#[179]">&gt;&gt;</a>&nbsp;&nbsp;&nbsp;HAL_TIM_PWM_ConfigChannel
<LI><a href="#[170]">&gt;&gt;</a>&nbsp;&nbsp;&nbsp;HAL_TIM_OC_ConfigChannel
</UL>

<P><STRONG><a name="[174]"></a>TIM_OC4_SetConfig</STRONG> (Thumb, 92 bytes, Stack size 12 bytes, stm32h7xx_hal_tim.o(i.TIM_OC4_SetConfig))
<BR><BR>[Stack]<UL><LI>Max Depth = 12<LI>Call Chain = TIM_OC4_SetConfig
</UL>
<BR>[Called By]<UL><LI><a href="#[179]">&gt;&gt;</a>&nbsp;&nbsp;&nbsp;HAL_TIM_PWM_ConfigChannel
<LI><a href="#[170]">&gt;&gt;</a>&nbsp;&nbsp;&nbsp;HAL_TIM_OC_ConfigChannel
</UL>

<P><STRONG><a name="[175]"></a>TIM_OC5_SetConfig</STRONG> (Thumb, 86 bytes, Stack size 12 bytes, stm32h7xx_hal_tim.o(i.TIM_OC5_SetConfig))
<BR><BR>[Stack]<UL><LI>Max Depth = 12<LI>Call Chain = TIM_OC5_SetConfig
</UL>
<BR>[Called By]<UL><LI><a href="#[179]">&gt;&gt;</a>&nbsp;&nbsp;&nbsp;HAL_TIM_PWM_ConfigChannel
<LI><a href="#[170]">&gt;&gt;</a>&nbsp;&nbsp;&nbsp;HAL_TIM_OC_ConfigChannel
</UL>

<P><STRONG><a name="[176]"></a>TIM_OC6_SetConfig</STRONG> (Thumb, 88 bytes, Stack size 12 bytes, stm32h7xx_hal_tim.o(i.TIM_OC6_SetConfig))
<BR><BR>[Stack]<UL><LI>Max Depth = 12<LI>Call Chain = TIM_OC6_SetConfig
</UL>
<BR>[Called By]<UL><LI><a href="#[179]">&gt;&gt;</a>&nbsp;&nbsp;&nbsp;HAL_TIM_PWM_ConfigChannel
<LI><a href="#[170]">&gt;&gt;</a>&nbsp;&nbsp;&nbsp;HAL_TIM_OC_ConfigChannel
</UL>

<P><STRONG><a name="[163]"></a>TIM_TI1_ConfigInputStage</STRONG> (Thumb, 38 bytes, Stack size 12 bytes, stm32h7xx_hal_tim.o(i.TIM_TI1_ConfigInputStage))
<BR><BR>[Stack]<UL><LI>Max Depth = 12<LI>Call Chain = TIM_TI1_ConfigInputStage
</UL>
<BR>[Called By]<UL><LI><a href="#[161]">&gt;&gt;</a>&nbsp;&nbsp;&nbsp;HAL_TIM_ConfigClockSource
</UL>

<P><STRONG><a name="[165]"></a>TIM_TI2_ConfigInputStage</STRONG> (Thumb, 40 bytes, Stack size 12 bytes, stm32h7xx_hal_tim.o(i.TIM_TI2_ConfigInputStage))
<BR><BR>[Stack]<UL><LI>Max Depth = 12<LI>Call Chain = TIM_TI2_ConfigInputStage
</UL>
<BR>[Called By]<UL><LI><a href="#[161]">&gt;&gt;</a>&nbsp;&nbsp;&nbsp;HAL_TIM_ConfigClockSource
</UL>

<P><STRONG><a name="[180]"></a>UARTEx_SetNbDataToProcess</STRONG> (Thumb, 78 bytes, Stack size 16 bytes, stm32h7xx_hal_uart_ex.o(i.UARTEx_SetNbDataToProcess))
<BR><BR>[Stack]<UL><LI>Max Depth = 16<LI>Call Chain = UARTEx_SetNbDataToProcess
</UL>
<BR>[Called By]<UL><LI><a href="#[181]">&gt;&gt;</a>&nbsp;&nbsp;&nbsp;HAL_UARTEx_SetTxFifoThreshold
<LI><a href="#[17f]">&gt;&gt;</a>&nbsp;&nbsp;&nbsp;HAL_UARTEx_SetRxFifoThreshold
</UL>

<P><STRONG><a name="[aa]"></a>rti_board_end</STRONG> (Thumb, 4 bytes, Stack size 0 bytes, components.o(i.rti_board_end))
<BR>[Address Reference Count : 1]<UL><LI> components.o(.rti_fn.1.end)
</UL>
<P><STRONG><a name="[a8]"></a>rti_board_start</STRONG> (Thumb, 4 bytes, Stack size 0 bytes, components.o(i.rti_board_start))
<BR>[Address Reference Count : 1]<UL><LI> components.o(.rti_fn.0.end)
</UL>
<P><STRONG><a name="[ab]"></a>rti_end</STRONG> (Thumb, 4 bytes, Stack size 0 bytes, components.o(i.rti_end))
<BR>[Address Reference Count : 1]<UL><LI> components.o(.rti_fn.6.end)
</UL>
<P><STRONG><a name="[a7]"></a>rti_start</STRONG> (Thumb, 4 bytes, Stack size 0 bytes, components.o(i.rti_start))
<BR>[Address Reference Count : 1]<UL><LI> components.o(.rti_fn.0)
</UL>
<P><STRONG><a name="[a6]"></a>rt_thread_idle_entry</STRONG> (Thumb, 8 bytes, Stack size 0 bytes, idle.o(i.rt_thread_idle_entry))
<BR><BR>[Stack]<UL><LI>Max Depth = 208 + Unknown Stack Size
<LI>Call Chain = rt_thread_idle_entry &rArr; rt_thread_idle_excute &rArr; rt_object_delete &rArr; rt_free &rArr; rt_kprintf &rArr; vsnprintf &rArr; _printf_char_common &rArr; __printf
</UL>
<BR>[Calls]<UL><LI><a href="#[1e1]">&gt;&gt;</a>&nbsp;&nbsp;&nbsp;rt_thread_idle_excute
</UL>
<BR>[Address Reference Count : 1]<UL><LI> idle.o(i.rt_thread_idle_init)
</UL>
<P><STRONG><a name="[1c1]"></a>rt_ipc_list_suspend</STRONG> (Thumb, 110 bytes, Stack size 24 bytes, ipc.o(i.rt_ipc_list_suspend))
<BR><BR>[Stack]<UL><LI>Max Depth = 72<LI>Call Chain = rt_ipc_list_suspend &rArr; rt_thread_suspend &rArr; rt_timer_stop &rArr; _rt_timer_remove
</UL>
<BR>[Calls]<UL><LI><a href="#[1c2]">&gt;&gt;</a>&nbsp;&nbsp;&nbsp;rt_thread_suspend
<LI><a href="#[1c3]">&gt;&gt;</a>&nbsp;&nbsp;&nbsp;rt_list_insert_before
</UL>
<BR>[Called By]<UL><LI><a href="#[1b5]">&gt;&gt;</a>&nbsp;&nbsp;&nbsp;rt_sem_take
</UL>

<P><STRONG><a name="[1d3]"></a>rt_ipc_object_init</STRONG> (Thumb, 16 bytes, Stack size 0 bytes, ipc.o(i.rt_ipc_object_init))
<BR><BR>[Called By]<UL><LI><a href="#[1d2]">&gt;&gt;</a>&nbsp;&nbsp;&nbsp;rt_sem_init
</UL>

<P><STRONG><a name="[1c3]"></a>rt_list_insert_before</STRONG> (Thumb, 14 bytes, Stack size 0 bytes, ipc.o(i.rt_list_insert_before))
<BR><BR>[Called By]<UL><LI><a href="#[1c1]">&gt;&gt;</a>&nbsp;&nbsp;&nbsp;rt_ipc_list_suspend
</UL>

<P><STRONG><a name="[1d4]"></a>rt_list_isempty</STRONG> (Thumb, 16 bytes, Stack size 0 bytes, ipc.o(i.rt_list_isempty))
<BR><BR>[Called By]<UL><LI><a href="#[1b7]">&gt;&gt;</a>&nbsp;&nbsp;&nbsp;rt_sem_release
</UL>

<P><STRONG><a name="[1b6]"></a>plug_holes</STRONG> (Thumb, 108 bytes, Stack size 12 bytes, mem.o(i.plug_holes))
<BR><BR>[Stack]<UL><LI>Max Depth = 12<LI>Call Chain = plug_holes
</UL>
<BR>[Called By]<UL><LI><a href="#[1b4]">&gt;&gt;</a>&nbsp;&nbsp;&nbsp;rt_free
</UL>

<P><STRONG><a name="[1c8]"></a>rt_list_insert_after</STRONG> (Thumb, 14 bytes, Stack size 0 bytes, object.o(i.rt_list_insert_after))
<BR><BR>[Called By]<UL><LI><a href="#[1cc]">&gt;&gt;</a>&nbsp;&nbsp;&nbsp;rt_object_init
<LI><a href="#[1c5]">&gt;&gt;</a>&nbsp;&nbsp;&nbsp;rt_object_allocate
</UL>

<P><STRONG><a name="[1ca]"></a>rt_list_remove</STRONG> (Thumb, 18 bytes, Stack size 0 bytes, object.o(i.rt_list_remove))
<BR><BR>[Called By]<UL><LI><a href="#[1cb]">&gt;&gt;</a>&nbsp;&nbsp;&nbsp;rt_object_detach
<LI><a href="#[1c9]">&gt;&gt;</a>&nbsp;&nbsp;&nbsp;rt_object_delete
</UL>

<P><STRONG><a name="[1da]"></a>rt_list_init</STRONG> (Thumb, 6 bytes, Stack size 0 bytes, scheduler.o(i.rt_list_init))
<BR><BR>[Called By]<UL><LI><a href="#[1d9]">&gt;&gt;</a>&nbsp;&nbsp;&nbsp;rt_system_scheduler_init
</UL>

<P><STRONG><a name="[19d]"></a>_rt_thread_init</STRONG> (Thumb, 124 bytes, Stack size 48 bytes, thread.o(i._rt_thread_init))
<BR><BR>[Stack]<UL><LI>Max Depth = 144<LI>Call Chain = _rt_thread_init &rArr; rt_timer_init &rArr; rt_object_init &rArr; rt_exit_critical &rArr; rt_schedule
</UL>
<BR>[Calls]<UL><LI><a href="#[1a0]">&gt;&gt;</a>&nbsp;&nbsp;&nbsp;rt_timer_init
<LI><a href="#[19f]">&gt;&gt;</a>&nbsp;&nbsp;&nbsp;rt_hw_stack_init
<LI><a href="#[19e]">&gt;&gt;</a>&nbsp;&nbsp;&nbsp;rt_memset
</UL>
<BR>[Called By]<UL><LI><a href="#[1ad]">&gt;&gt;</a>&nbsp;&nbsp;&nbsp;rt_thread_create
<LI><a href="#[1e3]">&gt;&gt;</a>&nbsp;&nbsp;&nbsp;rt_thread_init
</UL>

<P><STRONG><a name="[1a5]"></a>_thread_cleanup_execute</STRONG> (Thumb, 28 bytes, Stack size 16 bytes, thread.o(i._thread_cleanup_execute))
<BR><BR>[Stack]<UL><LI>Max Depth = 16<LI>Call Chain = _thread_cleanup_execute
</UL>
<BR>[Calls]<UL><LI><a href="#[199]">&gt;&gt;</a>&nbsp;&nbsp;&nbsp;rt_hw_interrupt_enable
<LI><a href="#[197]">&gt;&gt;</a>&nbsp;&nbsp;&nbsp;rt_hw_interrupt_disable
</UL>
<BR>[Called By]<UL><LI><a href="#[a0]">&gt;&gt;</a>&nbsp;&nbsp;&nbsp;rt_thread_exit
</UL>

<P><STRONG><a name="[1e0]"></a>rt_list_insert_after</STRONG> (Thumb, 14 bytes, Stack size 0 bytes, thread.o(i.rt_list_insert_after))
<BR><BR>[Called By]<UL><LI><a href="#[a0]">&gt;&gt;</a>&nbsp;&nbsp;&nbsp;rt_thread_exit
</UL>

<P><STRONG><a name="[1e6]"></a>rt_list_remove</STRONG> (Thumb, 18 bytes, Stack size 0 bytes, thread.o(i.rt_list_remove))
<BR><BR>[Called By]<UL><LI><a href="#[a1]">&gt;&gt;</a>&nbsp;&nbsp;&nbsp;rt_thread_timeout
<LI><a href="#[1d5]">&gt;&gt;</a>&nbsp;&nbsp;&nbsp;rt_thread_resume
<LI><a href="#[1e8]">&gt;&gt;</a>&nbsp;&nbsp;&nbsp;rt_thread_yield
</UL>

<P><STRONG><a name="[1a1]"></a>_rt_timer_init</STRONG> (Thumb, 66 bytes, Stack size 32 bytes, timer.o(i._rt_timer_init))
<BR><BR>[Stack]<UL><LI>Max Depth = 32<LI>Call Chain = _rt_timer_init
</UL>
<BR>[Calls]<UL><LI><a href="#[1a2]">&gt;&gt;</a>&nbsp;&nbsp;&nbsp;rt_list_init
</UL>
<BR>[Called By]<UL><LI><a href="#[1a0]">&gt;&gt;</a>&nbsp;&nbsp;&nbsp;rt_timer_init
</UL>

<P><STRONG><a name="[1a3]"></a>_rt_timer_remove</STRONG> (Thumb, 28 bytes, Stack size 16 bytes, timer.o(i._rt_timer_remove))
<BR><BR>[Stack]<UL><LI>Max Depth = 16<LI>Call Chain = _rt_timer_remove
</UL>
<BR>[Calls]<UL><LI><a href="#[1a4]">&gt;&gt;</a>&nbsp;&nbsp;&nbsp;rt_list_remove
</UL>
<BR>[Called By]<UL><LI><a href="#[1e7]">&gt;&gt;</a>&nbsp;&nbsp;&nbsp;rt_timer_stop
<LI><a href="#[1de]">&gt;&gt;</a>&nbsp;&nbsp;&nbsp;rt_timer_detach
<LI><a href="#[1d7]">&gt;&gt;</a>&nbsp;&nbsp;&nbsp;rt_timer_start
<LI><a href="#[1e9]">&gt;&gt;</a>&nbsp;&nbsp;&nbsp;rt_timer_check
</UL>

<P><STRONG><a name="[1a2]"></a>rt_list_init</STRONG> (Thumb, 6 bytes, Stack size 0 bytes, timer.o(i.rt_list_init))
<BR><BR>[Called By]<UL><LI><a href="#[1a1]">&gt;&gt;</a>&nbsp;&nbsp;&nbsp;_rt_timer_init
<LI><a href="#[1dd]">&gt;&gt;</a>&nbsp;&nbsp;&nbsp;rt_system_timer_init
<LI><a href="#[1e9]">&gt;&gt;</a>&nbsp;&nbsp;&nbsp;rt_timer_check
</UL>

<P><STRONG><a name="[1eb]"></a>rt_list_insert_after</STRONG> (Thumb, 14 bytes, Stack size 0 bytes, timer.o(i.rt_list_insert_after))
<BR><BR>[Called By]<UL><LI><a href="#[1d7]">&gt;&gt;</a>&nbsp;&nbsp;&nbsp;rt_timer_start
<LI><a href="#[1e9]">&gt;&gt;</a>&nbsp;&nbsp;&nbsp;rt_timer_check
</UL>

<P><STRONG><a name="[1ec]"></a>rt_list_isempty</STRONG> (Thumb, 16 bytes, Stack size 0 bytes, timer.o(i.rt_list_isempty))
<BR><BR>[Called By]<UL><LI><a href="#[1e9]">&gt;&gt;</a>&nbsp;&nbsp;&nbsp;rt_timer_check
</UL>

<P><STRONG><a name="[1a4]"></a>rt_list_remove</STRONG> (Thumb, 18 bytes, Stack size 0 bytes, timer.o(i.rt_list_remove))
<BR><BR>[Called By]<UL><LI><a href="#[1a3]">&gt;&gt;</a>&nbsp;&nbsp;&nbsp;_rt_timer_remove
<LI><a href="#[1e9]">&gt;&gt;</a>&nbsp;&nbsp;&nbsp;rt_timer_check
</UL>

<P><STRONG><a name="[a9]"></a>uart_init</STRONG> (Thumb, 48 bytes, Stack size 8 bytes, board.o(i.uart_init))
<BR><BR>[Stack]<UL><LI>Max Depth = 280<LI>Call Chain = uart_init &rArr; HAL_UART_Init &rArr; HAL_UART_MspInit &rArr; HAL_RCCEx_PeriphCLKConfig &rArr; RCCEx_PLL3_Config
</UL>
<BR>[Calls]<UL><LI><a href="#[182]">&gt;&gt;</a>&nbsp;&nbsp;&nbsp;HAL_UART_Init
</UL>
<BR>[Address Reference Count : 1]<UL><LI> board.o(.rti_fn.1)
</UL>
<P><STRONG><a name="[f2]"></a>_fp_digits</STRONG> (Thumb, 432 bytes, Stack size 96 bytes, _printf_fp_dec.o(.text))
<BR><BR>[Stack]<UL><LI>Max Depth = 220<LI>Call Chain = _fp_digits &rArr; _btod_etento &rArr; _btod_emul &rArr; _e2e
</UL>
<BR>[Calls]<UL><LI><a href="#[f6]">&gt;&gt;</a>&nbsp;&nbsp;&nbsp;_btod_emul
<LI><a href="#[f5]">&gt;&gt;</a>&nbsp;&nbsp;&nbsp;_btod_ediv
<LI><a href="#[f4]">&gt;&gt;</a>&nbsp;&nbsp;&nbsp;_btod_d2e
<LI><a href="#[f3]">&gt;&gt;</a>&nbsp;&nbsp;&nbsp;_btod_etento
<LI><a href="#[f7]">&gt;&gt;</a>&nbsp;&nbsp;&nbsp;_ll_udiv10
</UL>
<BR>[Called By]<UL><LI><a href="#[f8]">&gt;&gt;</a>&nbsp;&nbsp;&nbsp;_printf_fp_dec_real
</UL>

<P><STRONG><a name="[9b]"></a>_printf_input_char</STRONG> (Thumb, 10 bytes, Stack size 0 bytes, _printf_char_common.o(.text))
<BR>[Address Reference Count : 1]<UL><LI> _printf_char_common.o(.text)
</UL><P>
<H3>
Undefined Global Symbols
</H3><HR></body></html>
